<?xml version="1.0" standalone="yes" ?>
<!-- generated by lshw-B.02.19.2 -->
<!-- GCC 8.5.0 20210514 (Red Hat 8.5.0-3) -->
<!-- Linux 4.18.0-425.19.2.el8_7.x86_64 #1 SMP Tue Apr 4 22:38:11 UTC 2023 x86_64 -->
<!-- GNU libc 2 (glibc 2.28) -->
<list>
<node id="dnsp000.sys.dns.prd.phy.ssn" claimed="true" class="system" handle="DMI:0100">
 <description>Rack Mount Chassis</description>
 <product>ProLiant DL360p Gen8 (654081-B21)</product>
 <vendor>HP</vendor>
 <serial>test12345</serial>
 <width units="bits">64</width>
 <configuration>
  <setting id="boot" value="normal" />
  <setting id="chassis" value="rackmount" />
  <setting id="family" value="ProLiant" />
  <setting id="sku" value="654081-B21" />
  <setting id="uuid" value="30343536-3138-4753-4833-34323558524e" />
 </configuration>
 <capabilities>
  <capability id="smbios-2.7" >SMBIOS version 2.7</capability>
  <capability id="dmi-2.7" >DMI version 2.7</capability>
  <capability id="smp" >Symmetric Multi-Processing</capability>
  <capability id="vsyscall32" >32-bit processes</capability>
 </capabilities>
 <hints>
  <hint name="icon" value="rackmount" />
 </hints>
  <node id="core" claimed="true" class="bus">
   <description>Motherboard</description>
   <physid>0</physid>
    <node id="firmware" claimed="true" class="memory">
     <description>BIOS</description>
     <vendor>HP</vendor>
     <physid>0</physid>
     <version>P71</version>
     <date>09/18/2013</date>
     <size units="bytes">65536</size>
     <capacity units="bytes">8388608</capacity>
     <capabilities>
      <capability id="pci" >PCI bus</capability>
      <capability id="pnp" >Plug-and-Play</capability>
      <capability id="upgrade" >BIOS EEPROM can be upgraded</capability>
      <capability id="shadowing" >BIOS shadowing</capability>
      <capability id="escd" >ESCD</capability>
      <capability id="cdboot" >Booting from CD-ROM/DVD</capability>
      <capability id="bootselect" >Selectable boot path</capability>
      <capability id="edd" >Enhanced Disk Drive extensions</capability>
      <capability id="int13floppy360" >5.25&quot; 360KB floppy</capability>
      <capability id="int13floppy1200" >5.25&quot; 1.2MB floppy</capability>
      <capability id="int13floppy720" >3.5&quot; 720KB floppy</capability>
      <capability id="int5printscreen" >Print Screen key</capability>
      <capability id="int9keyboard" >i8042 keyboard controller</capability>
      <capability id="int14serial" >INT14 serial line control</capability>
      <capability id="int17printer" >INT17 printer control</capability>
      <capability id="int10video" >INT10 CGA/Mono video</capability>
      <capability id="acpi" >ACPI</capability>
      <capability id="usb" >USB legacy emulation</capability>
      <capability id="biosbootspecification" >BIOS boot specification</capability>
      <capability id="netboot" >Function-key initiated network service boot</capability>
     </capabilities>
     <hints>
      <hint name="icon" value="chip" />
     </hints>
    </node>
    <node id="cpu:0" claimed="true" class="processor" handle="DMI:0400">
     <description>CPU</description>
     <product>Intel(R) Xeon(R) CPU E5-2630 0 @ 2.30GHz</product>
     <vendor>Intel Corp.</vendor>
     <physid>400</physid>
     <businfo>cpu@0</businfo>
     <version>6.45.7</version>
     <slot>Proc 1</slot>
     <size units="Hz">2785594000</size>
     <capacity units="Hz">2800000000</capacity>
     <width units="bits">64</width>
     <clock units="Hz">100000000</clock>
     <configuration>
      <setting id="cores" value="6" />
      <setting id="enabledcores" value="6" />
      <setting id="microcode" value="1818" />
      <setting id="threads" value="12" />
     </configuration>
     <capabilities>
      <capability id="lm" >64bits extensions (x86-64)</capability>
      <capability id="fpu" >mathematical co-processor</capability>
      <capability id="fpu_exception" >FPU exceptions reporting</capability>
      <capability id="wp" />
      <capability id="vme" >virtual mode extensions</capability>
      <capability id="de" >debugging extensions</capability>
      <capability id="pse" >page size extensions</capability>
      <capability id="tsc" >time stamp counter</capability>
      <capability id="msr" >model-specific registers</capability>
      <capability id="pae" >4GB+ memory addressing (Physical Address Extension)</capability>
      <capability id="mce" >machine check exceptions</capability>
      <capability id="cx8" >compare and exchange 8-byte</capability>
      <capability id="apic" >on-chip advanced programmable interrupt controller (APIC)</capability>
      <capability id="sep" >fast system calls</capability>
      <capability id="mtrr" >memory type range registers</capability>
      <capability id="pge" >page global enable</capability>
      <capability id="mca" >machine check architecture</capability>
      <capability id="cmov" >conditional move instruction</capability>
      <capability id="pat" >page attribute table</capability>
      <capability id="pse36" >36-bit page size extensions</capability>
      <capability id="clflush" />
      <capability id="dts" >debug trace and EMON store MSRs</capability>
      <capability id="acpi" >thermal control (ACPI)</capability>
      <capability id="mmx" >multimedia extensions (MMX)</capability>
      <capability id="fxsr" >fast floating point save/restore</capability>
      <capability id="sse" >streaming SIMD extensions (SSE)</capability>
      <capability id="sse2" >streaming SIMD extensions (SSE2)</capability>
      <capability id="ss" >self-snoop</capability>
      <capability id="ht" >HyperThreading</capability>
      <capability id="tm" >thermal interrupt and status</capability>
      <capability id="pbe" >pending break event</capability>
      <capability id="syscall" >fast system calls</capability>
      <capability id="nx" >no-execute bit (NX)</capability>
      <capability id="pdpe1gb" />
      <capability id="rdtscp" />
      <capability id="x86-64" >64bits extensions (x86-64)</capability>
      <capability id="constant_tsc" />
      <capability id="arch_perfmon" />
      <capability id="pebs" />
      <capability id="bts" />
      <capability id="rep_good" />
      <capability id="nopl" />
      <capability id="xtopology" />
      <capability id="nonstop_tsc" />
      <capability id="cpuid" />
      <capability id="aperfmperf" />
      <capability id="pni" />
      <capability id="pclmulqdq" />
      <capability id="dtes64" />
      <capability id="monitor" />
      <capability id="ds_cpl" />
      <capability id="vmx" />
      <capability id="smx" />
      <capability id="est" />
      <capability id="tm2" />
      <capability id="ssse3" />
      <capability id="cx16" />
      <capability id="xtpr" />
      <capability id="pdcm" />
      <capability id="pcid" />
      <capability id="dca" />
      <capability id="sse4_1" />
      <capability id="sse4_2" />
      <capability id="x2apic" />
      <capability id="popcnt" />
      <capability id="tsc_deadline_timer" />
      <capability id="aes" />
      <capability id="xsave" />
      <capability id="avx" />
      <capability id="lahf_lm" />
      <capability id="epb" />
      <capability id="pti" />
      <capability id="ssbd" />
      <capability id="ibrs" />
      <capability id="ibpb" />
      <capability id="stibp" />
      <capability id="tpr_shadow" />
      <capability id="vnmi" />
      <capability id="flexpriority" />
      <capability id="ept" />
      <capability id="vpid" />
      <capability id="xsaveopt" />
      <capability id="dtherm" />
      <capability id="ida" />
      <capability id="arat" />
      <capability id="pln" />
      <capability id="pts" />
      <capability id="md_clear" />
      <capability id="flush_l1d" />
      <capability id="cpufreq" >CPU Frequency scaling</capability>
     </capabilities>
     <hints>
      <hint name="cpu family" value="0x6" />
      <hint name="icon" value="cpu" />
      <hint name="model" value="0x2D" />
      <hint name="stepping" value="0x7" />
     </hints>
      <node id="cache:0" claimed="true" class="memory" handle="DMI:0710">
       <description>L1 cache</description>
       <physid>710</physid>
       <slot>Processor 1 Internal L1 Cache</slot>
       <size units="bytes">196608</size>
       <capacity units="bytes">393216</capacity>
       <configuration>
        <setting id="level" value="1" />
       </configuration>
       <capabilities>
        <capability id="burst" >Burst</capability>
        <capability id="internal" >Internal</capability>
        <capability id="write-back" >Write-back</capability>
        <capability id="data" >Data cache</capability>
       </capabilities>
      </node>
      <node id="cache:1" claimed="true" class="memory" handle="DMI:0720">
       <description>L2 cache</description>
       <physid>720</physid>
       <slot>Processor 1 Internal L2 Cache</slot>
       <size units="bytes">1572864</size>
       <capacity units="bytes">3145728</capacity>
       <configuration>
        <setting id="level" value="2" />
       </configuration>
       <capabilities>
        <capability id="burst" >Burst</capability>
        <capability id="internal" >Internal</capability>
        <capability id="write-back" >Write-back</capability>
       </capabilities>
      </node>
      <node id="cache:2" claimed="true" class="memory" handle="DMI:0730">
       <description>L3 cache</description>
       <physid>730</physid>
       <slot>Processor 1 Internal L3 Cache</slot>
       <size units="bytes">15728640</size>
       <capacity units="bytes">31457280</capacity>
       <configuration>
        <setting id="level" value="3" />
       </configuration>
       <capabilities>
        <capability id="burst" >Burst</capability>
        <capability id="internal" >Internal</capability>
        <capability id="write-back" >Write-back</capability>
       </capabilities>
      </node>
    </node>
    <node id="cpu:1" claimed="true" class="processor" handle="DMI:0401">
     <description>CPU</description>
     <product>Intel(R) Xeon(R) CPU E5-2630 0 @ 2.30GHz</product>
     <vendor>Intel Corp.</vendor>
     <physid>401</physid>
     <businfo>cpu@1</businfo>
     <version>6.45.7</version>
     <slot>Proc 2</slot>
     <size units="Hz">2702663000</size>
     <capacity units="Hz">2800000000</capacity>
     <width units="bits">64</width>
     <clock units="Hz">100000000</clock>
     <configuration>
      <setting id="cores" value="6" />
      <setting id="enabledcores" value="6" />
      <setting id="microcode" value="1818" />
      <setting id="threads" value="12" />
     </configuration>
     <capabilities>
      <capability id="lm" >64bits extensions (x86-64)</capability>
      <capability id="fpu" >mathematical co-processor</capability>
      <capability id="fpu_exception" >FPU exceptions reporting</capability>
      <capability id="wp" />
      <capability id="vme" >virtual mode extensions</capability>
      <capability id="de" >debugging extensions</capability>
      <capability id="pse" >page size extensions</capability>
      <capability id="tsc" >time stamp counter</capability>
      <capability id="msr" >model-specific registers</capability>
      <capability id="pae" >4GB+ memory addressing (Physical Address Extension)</capability>
      <capability id="mce" >machine check exceptions</capability>
      <capability id="cx8" >compare and exchange 8-byte</capability>
      <capability id="apic" >on-chip advanced programmable interrupt controller (APIC)</capability>
      <capability id="sep" >fast system calls</capability>
      <capability id="mtrr" >memory type range registers</capability>
      <capability id="pge" >page global enable</capability>
      <capability id="mca" >machine check architecture</capability>
      <capability id="cmov" >conditional move instruction</capability>
      <capability id="pat" >page attribute table</capability>
      <capability id="pse36" >36-bit page size extensions</capability>
      <capability id="clflush" />
      <capability id="dts" >debug trace and EMON store MSRs</capability>
      <capability id="acpi" >thermal control (ACPI)</capability>
      <capability id="mmx" >multimedia extensions (MMX)</capability>
      <capability id="fxsr" >fast floating point save/restore</capability>
      <capability id="sse" >streaming SIMD extensions (SSE)</capability>
      <capability id="sse2" >streaming SIMD extensions (SSE2)</capability>
      <capability id="ss" >self-snoop</capability>
      <capability id="ht" >HyperThreading</capability>
      <capability id="tm" >thermal interrupt and status</capability>
      <capability id="pbe" >pending break event</capability>
      <capability id="syscall" >fast system calls</capability>
      <capability id="nx" >no-execute bit (NX)</capability>
      <capability id="pdpe1gb" />
      <capability id="rdtscp" />
      <capability id="x86-64" >64bits extensions (x86-64)</capability>
      <capability id="constant_tsc" />
      <capability id="arch_perfmon" />
      <capability id="pebs" />
      <capability id="bts" />
      <capability id="rep_good" />
      <capability id="nopl" />
      <capability id="xtopology" />
      <capability id="nonstop_tsc" />
      <capability id="cpuid" />
      <capability id="aperfmperf" />
      <capability id="pni" />
      <capability id="pclmulqdq" />
      <capability id="dtes64" />
      <capability id="monitor" />
      <capability id="ds_cpl" />
      <capability id="vmx" />
      <capability id="smx" />
      <capability id="est" />
      <capability id="tm2" />
      <capability id="ssse3" />
      <capability id="cx16" />
      <capability id="xtpr" />
      <capability id="pdcm" />
      <capability id="pcid" />
      <capability id="dca" />
      <capability id="sse4_1" />
      <capability id="sse4_2" />
      <capability id="x2apic" />
      <capability id="popcnt" />
      <capability id="tsc_deadline_timer" />
      <capability id="aes" />
      <capability id="xsave" />
      <capability id="avx" />
      <capability id="lahf_lm" />
      <capability id="epb" />
      <capability id="pti" />
      <capability id="ssbd" />
      <capability id="ibrs" />
      <capability id="ibpb" />
      <capability id="stibp" />
      <capability id="tpr_shadow" />
      <capability id="vnmi" />
      <capability id="flexpriority" />
      <capability id="ept" />
      <capability id="vpid" />
      <capability id="xsaveopt" />
      <capability id="dtherm" />
      <capability id="ida" />
      <capability id="arat" />
      <capability id="pln" />
      <capability id="pts" />
      <capability id="md_clear" />
      <capability id="flush_l1d" />
      <capability id="cpufreq" >CPU Frequency scaling</capability>
     </capabilities>
     <hints>
      <hint name="cpu family" value="0x6" />
      <hint name="icon" value="cpu" />
      <hint name="model" value="0x2D" />
      <hint name="stepping" value="0x7" />
     </hints>
      <node id="cache:0" claimed="true" class="memory" handle="DMI:0716">
       <description>L1 cache</description>
       <physid>716</physid>
       <slot>Processor 2 Internal L1 Cache</slot>
       <size units="bytes">196608</size>
       <capacity units="bytes">393216</capacity>
       <configuration>
        <setting id="level" value="1" />
       </configuration>
       <capabilities>
        <capability id="burst" >Burst</capability>
        <capability id="internal" >Internal</capability>
        <capability id="write-back" >Write-back</capability>
        <capability id="data" >Data cache</capability>
       </capabilities>
      </node>
      <node id="cache:1" claimed="true" class="memory" handle="DMI:0726">
       <description>L2 cache</description>
       <physid>726</physid>
       <slot>Processor 2 Internal L2 Cache</slot>
       <size units="bytes">1572864</size>
       <capacity units="bytes">3145728</capacity>
       <configuration>
        <setting id="level" value="2" />
       </configuration>
       <capabilities>
        <capability id="burst" >Burst</capability>
        <capability id="internal" >Internal</capability>
        <capability id="write-back" >Write-back</capability>
       </capabilities>
      </node>
      <node id="cache:2" claimed="true" class="memory" handle="DMI:0736">
       <description>L3 cache</description>
       <physid>736</physid>
       <slot>Processor 2 Internal L3 Cache</slot>
       <size units="bytes">15728640</size>
       <capacity units="bytes">31457280</capacity>
       <configuration>
        <setting id="level" value="3" />
       </configuration>
       <capabilities>
        <capability id="burst" >Burst</capability>
        <capability id="internal" >Internal</capability>
        <capability id="write-back" >Write-back</capability>
       </capabilities>
      </node>
    </node>
    <node id="memory" claimed="true" class="memory" handle="DMI:1000">
     <description>System Memory</description>
     <physid>1000</physid>
     <slot>System board or motherboard</slot>
     <size units="bytes">8589934592</size>
     <configuration>
      <setting id="errordetection" value="ecc" />
     </configuration>
     <capabilities>
      <capability id="ecc" >Single-bit error-correcting code (ECC)</capability>
     </capabilities>
     <hints>
      <hint name="icon" value="memory" />
     </hints>
      <node id="bank:0" claimed="true" class="memory" handle="DMI:1100">
       <description>DIMM DDR3 Synchronous [empty]</description>
       <product>NOT AVAILABLE</product>
       <vendor>UNKNOWN</vendor>
       <physid>0</physid>
       <slot>PROC  1 DIMM  1</slot>
       <width units="bits">64</width>
       <hints>
        <hint name="icon" value="memory" />
       </hints>
      </node>
      <node id="bank:1" claimed="true" class="memory" handle="DMI:1101">
       <description>DIMM DDR3 Synchronous [empty]</description>
       <product>NOT AVAILABLE</product>
       <vendor>UNKNOWN</vendor>
       <physid>1</physid>
       <slot>PROC  1 DIMM  2</slot>
       <width units="bits">64</width>
       <hints>
        <hint name="icon" value="memory" />
       </hints>
      </node>
      <node id="bank:2" claimed="true" class="memory" handle="DMI:1102">
       <description>DIMM DDR3 Synchronous [empty]</description>
       <product>NOT AVAILABLE</product>
       <vendor>UNKNOWN</vendor>
       <physid>2</physid>
       <slot>PROC  1 DIMM  3</slot>
       <width units="bits">64</width>
       <hints>
        <hint name="icon" value="memory" />
       </hints>
      </node>
      <node id="bank:3" claimed="true" class="memory" handle="DMI:1103">
       <description>DIMM DDR3 Synchronous [empty]</description>
       <product>NOT AVAILABLE</product>
       <vendor>UNKNOWN</vendor>
       <physid>3</physid>
       <slot>PROC  1 DIMM  4</slot>
       <width units="bits">64</width>
       <hints>
        <hint name="icon" value="memory" />
       </hints>
      </node>
      <node id="bank:4" claimed="true" class="memory" handle="DMI:1104">
       <description>DIMM DDR3 Synchronous [empty]</description>
       <product>NOT AVAILABLE</product>
       <vendor>UNKNOWN</vendor>
       <physid>4</physid>
       <slot>PROC  1 DIMM  5</slot>
       <width units="bits">64</width>
       <hints>
        <hint name="icon" value="memory" />
       </hints>
      </node>
      <node id="bank:5" claimed="true" class="memory" handle="DMI:1105">
       <description>DIMM DDR3 Synchronous [empty]</description>
       <product>NOT AVAILABLE</product>
       <vendor>UNKNOWN</vendor>
       <physid>5</physid>
       <slot>PROC  1 DIMM  6</slot>
       <width units="bits">64</width>
       <hints>
        <hint name="icon" value="memory" />
       </hints>
      </node>
      <node id="bank:6" claimed="true" class="memory" handle="DMI:1106">
       <description>DIMM DDR3 Synchronous [empty]</description>
       <product>NOT AVAILABLE</product>
       <vendor>UNKNOWN</vendor>
       <physid>6</physid>
       <slot>PROC  1 DIMM  7</slot>
       <width units="bits">64</width>
       <hints>
        <hint name="icon" value="memory" />
       </hints>
      </node>
      <node id="bank:7" claimed="true" class="memory" handle="DMI:1107">
       <description>DIMM DDR3 Synchronous [empty]</description>
       <product>NOT AVAILABLE</product>
       <vendor>UNKNOWN</vendor>
       <physid>7</physid>
       <slot>PROC  1 DIMM  8</slot>
       <width units="bits">64</width>
       <hints>
        <hint name="icon" value="memory" />
       </hints>
      </node>
      <node id="bank:8" claimed="true" class="memory" handle="DMI:1108">
       <description>DIMM DDR3 Synchronous [empty]</description>
       <product>NOT AVAILABLE</product>
       <vendor>UNKNOWN</vendor>
       <physid>8</physid>
       <slot>PROC  1 DIMM  9</slot>
       <width units="bits">64</width>
       <hints>
        <hint name="icon" value="memory" />
       </hints>
      </node>
      <node id="bank:9" claimed="true" class="memory" handle="DMI:1109">
       <description>DIMM DDR3 Synchronous [empty]</description>
       <product>NOT AVAILABLE</product>
       <vendor>UNKNOWN</vendor>
       <physid>9</physid>
       <slot>PROC  1 DIMM 10</slot>
       <width units="bits">64</width>
       <hints>
        <hint name="icon" value="memory" />
       </hints>
      </node>
      <node id="bank:10" claimed="true" class="memory" handle="DMI:110A">
       <description>DIMM DDR3 Synchronous [empty]</description>
       <product>NOT AVAILABLE</product>
       <vendor>UNKNOWN</vendor>
       <physid>a</physid>
       <slot>PROC  1 DIMM 11</slot>
       <width units="bits">64</width>
       <hints>
        <hint name="icon" value="memory" />
       </hints>
      </node>
      <node id="bank:11" claimed="true" class="memory" handle="DMI:110B">
       <description>DIMM DDR3 Synchronous Registered (Buffered) 1333 MHz (0.8 ns)</description>
       <product>647647-071</product>
       <vendor>HP</vendor>
       <physid>b</physid>
       <slot>PROC  1 DIMM 12</slot>
       <size units="bytes">4294967296</size>
       <width units="bits">64</width>
       <clock units="Hz">1333000000</clock>
       <hints>
        <hint name="icon" value="memory" />
       </hints>
      </node>
      <node id="bank:12" claimed="true" class="memory" handle="DMI:110C">
       <description>DIMM DDR3 Synchronous [empty]</description>
       <product>NOT AVAILABLE</product>
       <vendor>UNKNOWN</vendor>
       <physid>c</physid>
       <slot>PROC  2 DIMM  1</slot>
       <width units="bits">64</width>
       <hints>
        <hint name="icon" value="memory" />
       </hints>
      </node>
      <node id="bank:13" claimed="true" class="memory" handle="DMI:110D">
       <description>DIMM DDR3 Synchronous [empty]</description>
       <product>NOT AVAILABLE</product>
       <vendor>UNKNOWN</vendor>
       <physid>d</physid>
       <slot>PROC  2 DIMM  2</slot>
       <width units="bits">64</width>
       <hints>
        <hint name="icon" value="memory" />
       </hints>
      </node>
      <node id="bank:14" claimed="true" class="memory" handle="DMI:110E">
       <description>DIMM DDR3 Synchronous [empty]</description>
       <product>NOT AVAILABLE</product>
       <vendor>UNKNOWN</vendor>
       <physid>e</physid>
       <slot>PROC  2 DIMM  3</slot>
       <width units="bits">64</width>
       <hints>
        <hint name="icon" value="memory" />
       </hints>
      </node>
      <node id="bank:15" claimed="true" class="memory" handle="DMI:110F">
       <description>DIMM DDR3 Synchronous [empty]</description>
       <product>NOT AVAILABLE</product>
       <vendor>UNKNOWN</vendor>
       <physid>f</physid>
       <slot>PROC  2 DIMM  4</slot>
       <width units="bits">64</width>
       <hints>
        <hint name="icon" value="memory" />
       </hints>
      </node>
      <node id="bank:16" claimed="true" class="memory" handle="DMI:1110">
       <description>DIMM DDR3 Synchronous [empty]</description>
       <product>NOT AVAILABLE</product>
       <vendor>UNKNOWN</vendor>
       <physid>10</physid>
       <slot>PROC  2 DIMM  5</slot>
       <width units="bits">64</width>
       <hints>
        <hint name="icon" value="memory" />
       </hints>
      </node>
      <node id="bank:17" claimed="true" class="memory" handle="DMI:1111">
       <description>DIMM DDR3 Synchronous [empty]</description>
       <product>NOT AVAILABLE</product>
       <vendor>UNKNOWN</vendor>
       <physid>11</physid>
       <slot>PROC  2 DIMM  6</slot>
       <width units="bits">64</width>
       <hints>
        <hint name="icon" value="memory" />
       </hints>
      </node>
      <node id="bank:18" claimed="true" class="memory" handle="DMI:1112">
       <description>DIMM DDR3 Synchronous [empty]</description>
       <product>NOT AVAILABLE</product>
       <vendor>UNKNOWN</vendor>
       <physid>12</physid>
       <slot>PROC  2 DIMM  7</slot>
       <width units="bits">64</width>
       <hints>
        <hint name="icon" value="memory" />
       </hints>
      </node>
      <node id="bank:19" claimed="true" class="memory" handle="DMI:1113">
       <description>DIMM DDR3 Synchronous [empty]</description>
       <product>NOT AVAILABLE</product>
       <vendor>UNKNOWN</vendor>
       <physid>13</physid>
       <slot>PROC  2 DIMM  8</slot>
       <width units="bits">64</width>
       <hints>
        <hint name="icon" value="memory" />
       </hints>
      </node>
      <node id="bank:20" claimed="true" class="memory" handle="DMI:1114">
       <description>DIMM DDR3 Synchronous [empty]</description>
       <product>NOT AVAILABLE</product>
       <vendor>UNKNOWN</vendor>
       <physid>14</physid>
       <slot>PROC  2 DIMM  9</slot>
       <width units="bits">64</width>
       <hints>
        <hint name="icon" value="memory" />
       </hints>
      </node>
      <node id="bank:21" claimed="true" class="memory" handle="DMI:1115">
       <description>DIMM DDR3 Synchronous [empty]</description>
       <product>NOT AVAILABLE</product>
       <vendor>UNKNOWN</vendor>
       <physid>15</physid>
       <slot>PROC  2 DIMM 10</slot>
       <width units="bits">64</width>
       <hints>
        <hint name="icon" value="memory" />
       </hints>
      </node>
      <node id="bank:22" claimed="true" class="memory" handle="DMI:1116">
       <description>DIMM DDR3 Synchronous [empty]</description>
       <product>NOT AVAILABLE</product>
       <vendor>UNKNOWN</vendor>
       <physid>16</physid>
       <slot>PROC  2 DIMM 11</slot>
       <width units="bits">64</width>
       <hints>
        <hint name="icon" value="memory" />
       </hints>
      </node>
      <node id="bank:23" claimed="true" class="memory" handle="DMI:1117">
       <description>DIMM DDR3 Synchronous Registered (Buffered) 1333 MHz (0.8 ns)</description>
       <product>647647-071</product>
       <vendor>HP</vendor>
       <physid>17</physid>
       <slot>PROC  2 DIMM 12</slot>
       <size units="bytes">4294967296</size>
       <width units="bits">64</width>
       <clock units="Hz">1333000000</clock>
       <hints>
        <hint name="icon" value="memory" />
       </hints>
      </node>
    </node>
    <node id="pci:0" claimed="true" class="bridge" handle="PCIBUS:0000:00" modalias="pci:v00008086d00003C00sv0000103Csd000018A8bc06sc00i00">
     <description>Host bridge</description>
     <product>Xeon E5/Core i7 DMI2</product>
     <vendor>Intel Corporation</vendor>
     <physid>100</physid>
     <subproduct>Hewlett-Packard Company</subproduct>
     <subvendor>Hewlett-Packard Company</subvendor>
     <businfo>pci@0000:00:00.0</businfo>
     <version>07</version>
     <width units="bits">32</width>
     <clock units="Hz">33000000</clock>
     <hints>
      <hint name="pci.class" value="0x600" />
      <hint name="pci.device" value="0x3C00" />
      <hint name="pci.subdevice" value="0x18A8" />
      <hint name="pci.subvendor" value="0x103C" />
      <hint name="pci.vendor" value="0x8086" />
     </hints>
      <node id="pci:0" claimed="true" class="bridge" handle="PCIBUS:0000:04" modalias="pci:v00008086d00003C02sv0000103Csd000018A8bc06sc04i00">
       <description>PCI bridge</description>
       <product>Xeon E5/Core i7 IIO PCI Express Root Port 1a</product>
       <vendor>Intel Corporation</vendor>
       <physid>1</physid>
       <businfo>pci@0000:00:01.0</businfo>
       <version>07</version>
       <width units="bits">32</width>
       <clock units="Hz">33000000</clock>
       <configuration>
        <setting id="driver" value="pcieport" />
       </configuration>
       <capabilities>
        <capability id="pci" />
        <capability id="msi" >Message Signalled Interrupts</capability>
        <capability id="pciexpress" >PCI Express</capability>
        <capability id="pm" >Power Management</capability>
        <capability id="normal_decode" />
        <capability id="bus_master" >bus mastering</capability>
        <capability id="cap_list" >PCI capabilities listing</capability>
       </capabilities>
       <resources>
        <resource type="irq" value="25" />
       </resources>
       <hints>
        <hint name="pci.class" value="0x604" />
        <hint name="pci.device" value="0x3C02" />
        <hint name="pci.vendor" value="0x8086" />
       </hints>
      </node>
      <node id="pci:1" claimed="true" class="bridge" handle="PCIBUS:0000:11" modalias="pci:v00008086d00003C03sv0000103Csd000018A8bc06sc04i00">
       <description>PCI bridge</description>
       <product>Xeon E5/Core i7 IIO PCI Express Root Port 1b</product>
       <vendor>Intel Corporation</vendor>
       <physid>1.1</physid>
       <businfo>pci@0000:00:01.1</businfo>
       <version>07</version>
       <width units="bits">32</width>
       <clock units="Hz">33000000</clock>
       <configuration>
        <setting id="driver" value="pcieport" />
       </configuration>
       <capabilities>
        <capability id="pci" />
        <capability id="msi" >Message Signalled Interrupts</capability>
        <capability id="pciexpress" >PCI Express</capability>
        <capability id="pm" >Power Management</capability>
        <capability id="normal_decode" />
        <capability id="bus_master" >bus mastering</capability>
        <capability id="cap_list" >PCI capabilities listing</capability>
       </capabilities>
       <resources>
        <resource type="irq" value="26" />
       </resources>
       <hints>
        <hint name="pci.class" value="0x604" />
        <hint name="pci.device" value="0x3C03" />
        <hint name="pci.vendor" value="0x8086" />
       </hints>
      </node>
      <node id="pci:2" claimed="true" class="bridge" handle="PCIBUS:0000:03" modalias="pci:v00008086d00003C04sv0000103Csd000018A8bc06sc04i00">
       <description>PCI bridge</description>
       <product>Xeon E5/Core i7 IIO PCI Express Root Port 2a</product>
       <vendor>Intel Corporation</vendor>
       <physid>2</physid>
       <businfo>pci@0000:00:02.0</businfo>
       <version>07</version>
       <width units="bits">32</width>
       <clock units="Hz">33000000</clock>
       <configuration>
        <setting id="driver" value="pcieport" />
       </configuration>
       <capabilities>
        <capability id="pci" />
        <capability id="msi" >Message Signalled Interrupts</capability>
        <capability id="pciexpress" >PCI Express</capability>
        <capability id="pm" >Power Management</capability>
        <capability id="normal_decode" />
        <capability id="bus_master" >bus mastering</capability>
        <capability id="cap_list" >PCI capabilities listing</capability>
       </capabilities>
       <resources>
        <resource type="irq" value="27" />
        <resource type="memory" value="f4000000-f40fffff" />
        <resource type="ioport" value="f6b00000(size=1048576)" />
       </resources>
       <hints>
        <hint name="pci.class" value="0x604" />
        <hint name="pci.device" value="0x3C04" />
        <hint name="pci.vendor" value="0x8086" />
       </hints>
        <node id="network:0" claimed="true" class="network" handle="PCI:0000:03:00.0" modalias="pci:v000014E4d00001657sv0000103Csd0000169Dbc02sc00i00">
         <description>Ethernet interface</description>
         <product>NetXtreme BCM5719 Gigabit Ethernet PCIe</product>
         <vendor>Broadcom Inc. and subsidiaries</vendor>
         <physid>0</physid>
         <subproduct>Hewlett-Packard Company</subproduct>
         <subvendor>Hewlett-Packard Company</subvendor>
         <businfo>pci@0000:03:00.0</businfo>
         <logicalname>eno1</logicalname>
         <version>01</version>
         <serial>2c:44:fd:7b:d5:00</serial>
         <size units="bit/s">1000000000</size>
         <capacity>1000000000</capacity>
         <width units="bits">64</width>
         <clock units="Hz">33000000</clock>
         <configuration>
          <setting id="autonegotiation" value="on" />
          <setting id="broadcast" value="yes" />
          <setting id="driver" value="tg3" />
          <setting id="driverversion" value="4.18.0-425.19.2.el8_7.x86_64" />
          <setting id="duplex" value="full" />
          <setting id="firmware" value="5719-v1.34 NCSI v1.2.19.0" />
          <setting id="latency" value="0" />
          <setting id="link" value="yes" />
          <setting id="multicast" value="yes" />
          <setting id="port" value="twisted pair" />
          <setting id="slave" value="yes" />
          <setting id="speed" value="1Gbit/s" />
         </configuration>
         <capabilities>
          <capability id="pm" >Power Management</capability>
          <capability id="vpd" >Vital Product Data</capability>
          <capability id="msi" >Message Signalled Interrupts</capability>
          <capability id="msix" >MSI-X</capability>
          <capability id="pciexpress" >PCI Express</capability>
          <capability id="bus_master" >bus mastering</capability>
          <capability id="cap_list" >PCI capabilities listing</capability>
          <capability id="rom" >extension ROM</capability>
          <capability id="ethernet" />
          <capability id="physical" >Physical interface</capability>
          <capability id="tp" >twisted pair</capability>
          <capability id="10bt" >10Mbit/s</capability>
          <capability id="10bt-fd" >10Mbit/s (full duplex)</capability>
          <capability id="100bt" >100Mbit/s</capability>
          <capability id="100bt-fd" >100Mbit/s (full duplex)</capability>
          <capability id="1000bt" >1Gbit/s</capability>
          <capability id="1000bt-fd" >1Gbit/s (full duplex)</capability>
          <capability id="autonegotiation" >Auto-negotiation</capability>
         </capabilities>
         <resources>
          <resource type="irq" value="40" />
          <resource type="memory" value="f6bf0000-f6bfffff" />
          <resource type="memory" value="f6be0000-f6beffff" />
          <resource type="memory" value="f6bd0000-f6bdffff" />
          <resource type="memory" value="f4000000-f403ffff" />
         </resources>
         <hints>
          <hint name="icon" value="network" />
          <hint name="pci.class" value="0x200" />
          <hint name="pci.device" value="0x1657" />
          <hint name="pci.subdevice" value="0x169D" />
          <hint name="pci.subvendor" value="0x103C" />
          <hint name="pci.vendor" value="0x14E4" />
         </hints>
        </node>
        <node id="network:1" claimed="true" class="network" handle="PCI:0000:03:00.1" modalias="pci:v000014E4d00001657sv0000103Csd0000169Dbc02sc00i00">
         <description>Ethernet interface</description>
         <product>NetXtreme BCM5719 Gigabit Ethernet PCIe</product>
         <vendor>Broadcom Inc. and subsidiaries</vendor>
         <physid>0.1</physid>
         <subproduct>Hewlett-Packard Company</subproduct>
         <subvendor>Hewlett-Packard Company</subvendor>
         <businfo>pci@0000:03:00.1</businfo>
         <logicalname>eno2</logicalname>
         <version>01</version>
         <serial>2c:44:fd:7b:d5:01</serial>
         <size units="bit/s">1000000000</size>
         <capacity>1000000000</capacity>
         <width units="bits">64</width>
         <clock units="Hz">33000000</clock>
         <configuration>
          <setting id="autonegotiation" value="on" />
          <setting id="broadcast" value="yes" />
          <setting id="driver" value="tg3" />
          <setting id="driverversion" value="4.18.0-425.19.2.el8_7.x86_64" />
          <setting id="duplex" value="full" />
          <setting id="firmware" value="5719-v1.34 NCSI v1.2.19.0" />
          <setting id="latency" value="0" />
          <setting id="link" value="yes" />
          <setting id="multicast" value="yes" />
          <setting id="port" value="twisted pair" />
          <setting id="slave" value="yes" />
          <setting id="speed" value="1Gbit/s" />
         </configuration>
         <capabilities>
          <capability id="pm" >Power Management</capability>
          <capability id="vpd" >Vital Product Data</capability>
          <capability id="msi" >Message Signalled Interrupts</capability>
          <capability id="msix" >MSI-X</capability>
          <capability id="pciexpress" >PCI Express</capability>
          <capability id="bus_master" >bus mastering</capability>
          <capability id="cap_list" >PCI capabilities listing</capability>
          <capability id="rom" >extension ROM</capability>
          <capability id="ethernet" />
          <capability id="physical" >Physical interface</capability>
          <capability id="tp" >twisted pair</capability>
          <capability id="10bt" >10Mbit/s</capability>
          <capability id="10bt-fd" >10Mbit/s (full duplex)</capability>
          <capability id="100bt" >100Mbit/s</capability>
          <capability id="100bt-fd" >100Mbit/s (full duplex)</capability>
          <capability id="1000bt" >1Gbit/s</capability>
          <capability id="1000bt-fd" >1Gbit/s (full duplex)</capability>
          <capability id="autonegotiation" >Auto-negotiation</capability>
         </capabilities>
         <resources>
          <resource type="irq" value="108" />
          <resource type="memory" value="f6bc0000-f6bcffff" />
          <resource type="memory" value="f6bb0000-f6bbffff" />
          <resource type="memory" value="f6ba0000-f6baffff" />
          <resource type="memory" value="f40c0000-f40dffff" />
         </resources>
         <hints>
          <hint name="icon" value="network" />
          <hint name="pci.class" value="0x200" />
          <hint name="pci.device" value="0x1657" />
          <hint name="pci.subdevice" value="0x169D" />
          <hint name="pci.subvendor" value="0x103C" />
          <hint name="pci.vendor" value="0x14E4" />
         </hints>
        </node>
        <node id="network:2" claimed="true" class="network" handle="PCI:0000:03:00.2" modalias="pci:v000014E4d00001657sv0000103Csd0000169Dbc02sc00i00">
         <description>Ethernet interface</description>
         <product>NetXtreme BCM5719 Gigabit Ethernet PCIe</product>
         <vendor>Broadcom Inc. and subsidiaries</vendor>
         <physid>0.2</physid>
         <subproduct>Hewlett-Packard Company</subproduct>
         <subvendor>Hewlett-Packard Company</subvendor>
         <businfo>pci@0000:03:00.2</businfo>
         <logicalname>eno3</logicalname>
         <version>01</version>
         <serial>2c:44:fd:7b:d5:02</serial>
         <capacity>1000000000</capacity>
         <width units="bits">64</width>
         <clock units="Hz">33000000</clock>
         <configuration>
          <setting id="autonegotiation" value="on" />
          <setting id="broadcast" value="yes" />
          <setting id="driver" value="tg3" />
          <setting id="driverversion" value="4.18.0-425.19.2.el8_7.x86_64" />
          <setting id="firmware" value="5719-v1.34 NCSI v1.2.19.0" />
          <setting id="latency" value="0" />
          <setting id="link" value="no" />
          <setting id="multicast" value="yes" />
          <setting id="port" value="twisted pair" />
         </configuration>
         <capabilities>
          <capability id="pm" >Power Management</capability>
          <capability id="vpd" >Vital Product Data</capability>
          <capability id="msi" >Message Signalled Interrupts</capability>
          <capability id="msix" >MSI-X</capability>
          <capability id="pciexpress" >PCI Express</capability>
          <capability id="bus_master" >bus mastering</capability>
          <capability id="cap_list" >PCI capabilities listing</capability>
          <capability id="rom" >extension ROM</capability>
          <capability id="ethernet" />
          <capability id="physical" >Physical interface</capability>
          <capability id="tp" >twisted pair</capability>
          <capability id="10bt" >10Mbit/s</capability>
          <capability id="10bt-fd" >10Mbit/s (full duplex)</capability>
          <capability id="100bt" >100Mbit/s</capability>
          <capability id="100bt-fd" >100Mbit/s (full duplex)</capability>
          <capability id="1000bt" >1Gbit/s</capability>
          <capability id="1000bt-fd" >1Gbit/s (full duplex)</capability>
          <capability id="autonegotiation" >Auto-negotiation</capability>
         </capabilities>
         <resources>
          <resource type="irq" value="40" />
          <resource type="memory" value="f6b90000-f6b9ffff" />
          <resource type="memory" value="f6b80000-f6b8ffff" />
          <resource type="memory" value="f6b70000-f6b7ffff" />
          <resource type="memory" value="f4040000-f407ffff" />
         </resources>
         <hints>
          <hint name="icon" value="network" />
          <hint name="pci.class" value="0x200" />
          <hint name="pci.device" value="0x1657" />
          <hint name="pci.subdevice" value="0x169D" />
          <hint name="pci.subvendor" value="0x103C" />
          <hint name="pci.vendor" value="0x14E4" />
         </hints>
        </node>
        <node id="network:3" claimed="true" class="network" handle="PCI:0000:03:00.3" modalias="pci:v000014E4d00001657sv0000103Csd0000169Dbc02sc00i00">
         <description>Ethernet interface</description>
         <product>NetXtreme BCM5719 Gigabit Ethernet PCIe</product>
         <vendor>Broadcom Inc. and subsidiaries</vendor>
         <physid>0.3</physid>
         <subproduct>Hewlett-Packard Company</subproduct>
         <subvendor>Hewlett-Packard Company</subvendor>
         <businfo>pci@0000:03:00.3</businfo>
         <logicalname>eno4</logicalname>
         <version>01</version>
         <serial>2c:44:fd:7b:d5:03</serial>
         <capacity>1000000000</capacity>
         <width units="bits">64</width>
         <clock units="Hz">33000000</clock>
         <configuration>
          <setting id="autonegotiation" value="on" />
          <setting id="broadcast" value="yes" />
          <setting id="driver" value="tg3" />
          <setting id="driverversion" value="4.18.0-425.19.2.el8_7.x86_64" />
          <setting id="firmware" value="5719-v1.34 NCSI v1.2.19.0" />
          <setting id="latency" value="0" />
          <setting id="link" value="no" />
          <setting id="multicast" value="yes" />
          <setting id="port" value="twisted pair" />
         </configuration>
         <capabilities>
          <capability id="pm" >Power Management</capability>
          <capability id="vpd" >Vital Product Data</capability>
          <capability id="msi" >Message Signalled Interrupts</capability>
          <capability id="msix" >MSI-X</capability>
          <capability id="pciexpress" >PCI Express</capability>
          <capability id="bus_master" >bus mastering</capability>
          <capability id="cap_list" >PCI capabilities listing</capability>
          <capability id="rom" >extension ROM</capability>
          <capability id="ethernet" />
          <capability id="physical" >Physical interface</capability>
          <capability id="tp" >twisted pair</capability>
          <capability id="10bt" >10Mbit/s</capability>
          <capability id="10bt-fd" >10Mbit/s (full duplex)</capability>
          <capability id="100bt" >100Mbit/s</capability>
          <capability id="100bt-fd" >100Mbit/s (full duplex)</capability>
          <capability id="1000bt" >1Gbit/s</capability>
          <capability id="1000bt-fd" >1Gbit/s (full duplex)</capability>
          <capability id="autonegotiation" >Auto-negotiation</capability>
         </capabilities>
         <resources>
          <resource type="irq" value="108" />
          <resource type="memory" value="f6b60000-f6b6ffff" />
          <resource type="memory" value="f6b50000-f6b5ffff" />
          <resource type="memory" value="f6b40000-f6b4ffff" />
          <resource type="memory" value="f4080000-f40bffff" />
         </resources>
         <hints>
          <hint name="icon" value="network" />
          <hint name="pci.class" value="0x200" />
          <hint name="pci.device" value="0x1657" />
          <hint name="pci.subdevice" value="0x169D" />
          <hint name="pci.subvendor" value="0x103C" />
          <hint name="pci.vendor" value="0x14E4" />
         </hints>
        </node>
      </node>
      <node id="pci:3" claimed="true" class="bridge" handle="PCIBUS:0000:12" modalias="pci:v00008086d00003C05sv0000103Csd000018A8bc06sc04i00">
       <description>PCI bridge</description>
       <product>Xeon E5/Core i7 IIO PCI Express Root Port 2b</product>
       <vendor>Intel Corporation</vendor>
       <physid>2.1</physid>
       <businfo>pci@0000:00:02.1</businfo>
       <version>07</version>
       <width units="bits">32</width>
       <clock units="Hz">33000000</clock>
       <configuration>
        <setting id="driver" value="pcieport" />
       </configuration>
       <capabilities>
        <capability id="pci" />
        <capability id="msi" >Message Signalled Interrupts</capability>
        <capability id="pciexpress" >PCI Express</capability>
        <capability id="pm" >Power Management</capability>
        <capability id="normal_decode" />
        <capability id="bus_master" >bus mastering</capability>
        <capability id="cap_list" >PCI capabilities listing</capability>
       </capabilities>
       <resources>
        <resource type="irq" value="28" />
       </resources>
       <hints>
        <hint name="pci.class" value="0x604" />
        <hint name="pci.device" value="0x3C05" />
        <hint name="pci.vendor" value="0x8086" />
       </hints>
      </node>
      <node id="pci:4" claimed="true" class="bridge" handle="PCIBUS:0000:02" modalias="pci:v00008086d00003C06sv0000103Csd000018A8bc06sc04i00">
       <description>PCI bridge</description>
       <product>Xeon E5/Core i7 IIO PCI Express Root Port 2c</product>
       <vendor>Intel Corporation</vendor>
       <physid>2.2</physid>
       <businfo>pci@0000:00:02.2</businfo>
       <version>07</version>
       <width units="bits">32</width>
       <clock units="Hz">33000000</clock>
       <configuration>
        <setting id="driver" value="pcieport" />
       </configuration>
       <capabilities>
        <capability id="pci" />
        <capability id="msi" >Message Signalled Interrupts</capability>
        <capability id="pciexpress" >PCI Express</capability>
        <capability id="pm" >Power Management</capability>
        <capability id="normal_decode" />
        <capability id="bus_master" >bus mastering</capability>
        <capability id="cap_list" >PCI capabilities listing</capability>
       </capabilities>
       <resources>
        <resource type="irq" value="24" />
        <resource type="ioport" value="5000(size=4096)" />
        <resource type="memory" value="f7e00000-f7ffffff" />
       </resources>
       <hints>
        <hint name="pci.class" value="0x604" />
        <hint name="pci.device" value="0x3C06" />
        <hint name="pci.vendor" value="0x8086" />
       </hints>
        <node id="raid" claimed="true" class="storage" handle="PCI:0000:02:00.0" modalias="pci:v0000103Cd0000323Bsv0000103Csd00003354bc01sc04i00">
         <description>RAID bus controller</description>
         <product>Smart Array Gen8 Controllers</product>
         <vendor>Hewlett-Packard Company</vendor>
         <physid>0</physid>
         <subproduct>Hewlett-Packard Company</subproduct>
         <subvendor>Hewlett-Packard Company</subvendor>
         <businfo>pci@0000:02:00.0</businfo>
         <logicalname>scsi0</logicalname>
         <version>01</version>
         <width units="bits">64</width>
         <clock units="Hz">33000000</clock>
         <configuration>
          <setting id="driver" value="hpsa" />
          <setting id="latency" value="0" />
         </configuration>
         <capabilities>
          <capability id="raid" />
          <capability id="pm" >Power Management</capability>
          <capability id="msi" >Message Signalled Interrupts</capability>
          <capability id="msix" >MSI-X</capability>
          <capability id="pciexpress" >PCI Express</capability>
          <capability id="bus_master" >bus mastering</capability>
          <capability id="cap_list" >PCI capabilities listing</capability>
          <capability id="rom" >extension ROM</capability>
         </capabilities>
         <resources>
          <resource type="irq" value="41" />
          <resource type="memory" value="f7f00000-f7ffffff" />
          <resource type="memory" value="f7ef0000-f7ef03ff" />
          <resource type="ioport" value="5000(size=256)" />
          <resource type="memory" value="f7e00000-f7e7ffff" />
         </resources>
         <hints>
          <hint name="icon" value="raid" />
          <hint name="pci.class" value="0x104" />
          <hint name="pci.device" value="0x323B" />
          <hint name="pci.subdevice" value="0x3354" />
          <hint name="pci.subvendor" value="0x103C" />
          <hint name="pci.vendor" value="0x103C" />
         </hints>
          <node id="generic" class="generic" handle="SCSI:00:00:00:00">
           <description>SCSI</description>
           <product>P420i</product>
           <vendor>HP</vendor>
           <physid>0.0.0</physid>
           <businfo>scsi@0:0.0.0</businfo>
           <version>4.68</version>
           <serial>001438027F5F850</serial>
           <configuration>
            <setting id="ansiversion" value="5" />
           </configuration>
           <hints>
            <hint name="bus.icon" value="scsi" />
           </hints>
          </node>
          <node id="disk" claimed="true" class="disk" handle="SCSI:00:01:00:00">
           <description>SCSI Disk</description>
           <product>LOGICAL VOLUME</product>
           <vendor>HP</vendor>
           <physid>1.0.0</physid>
           <businfo>scsi@0:1.0.0</businfo>
           <logicalname>/dev/sda</logicalname>
           <dev>8:0</dev>
           <version>4.68</version>
           <serial>001438027F5F850</serial>
           <size units="bytes">500074307584</size>
           <configuration>
            <setting id="ansiversion" value="5" />
            <setting id="logicalsectorsize" value="512" />
            <setting id="sectorsize" value="512" />
            <setting id="signature" value="822a22a2" />
           </configuration>
           <capabilities>
            <capability id="15000rpm" >15000 rotations per minute</capability>
            <capability id="partitioned" >Partitioned disk</capability>
            <capability id="partitioned:dos" >MS-DOS partition table</capability>
           </capabilities>
           <hints>
            <hint name="bus.icon" value="scsi" />
            <hint name="icon" value="disc" />
           </hints>
            <node id="volume:0" claimed="true" class="volume">
             <description>Linux filesystem partition</description>
             <physid>1</physid>
             <businfo>scsi@0:1.0.0,1</businfo>
             <logicalname>/dev/sda1</logicalname>
             <logicalname>/boot</logicalname>
             <dev>8:1</dev>
             <capacity>1073741824</capacity>
             <configuration>
              <setting id="mount.fstype" value="xfs" />
              <setting id="mount.options" value="rw,relatime,attr2,inode64,logbufs=8,logbsize=256k,sunit=512,swidth=512,noquota" />
              <setting id="state" value="mounted" />
             </configuration>
             <capabilities>
              <capability id="primary" >Primary partition</capability>
              <capability id="bootable" >Bootable partition (active)</capability>
             </capabilities>
             <hints>
              <hint name="icon" value="disc" />
             </hints>
            </node>
            <node id="volume:1" claimed="true" class="volume">
             <description>Linux swap volume</description>
             <physid>2</physid>
             <businfo>scsi@0:1.0.0,2</businfo>
             <logicalname>/dev/sda2</logicalname>
             <dev>8:2</dev>
             <version>1</version>
             <serial>303b65d0-a3be-4365-8a51-acf3e91207ba</serial>
             <size units="bytes">8589934592</size>
             <capacity>8589934592</capacity>
             <configuration>
              <setting id="filesystem" value="swap" />
              <setting id="pagesize" value="4096" />
             </configuration>
             <capabilities>
              <capability id="primary" >Primary partition</capability>
              <capability id="nofs" >No filesystem</capability>
              <capability id="swap" >Linux swap</capability>
              <capability id="initialized" >initialized volume</capability>
             </capabilities>
             <hints>
              <hint name="icon" value="disc" />
             </hints>
            </node>
            <node id="volume:2" class="volume">
             <description>Linux filesystem partition</description>
             <physid>3</physid>
             <businfo>scsi@0:1.0.0,3</businfo>
             <capacity>490409558016</capacity>
             <capabilities>
              <capability id="primary" >Primary partition</capability>
             </capabilities>
             <hints>
              <hint name="icon" value="disc" />
             </hints>
            </node>
          </node>
        </node>
      </node>
      <node id="pci:5" claimed="true" class="bridge" handle="PCIBUS:0000:13" modalias="pci:v00008086d00003C07sv0000103Csd000018A8bc06sc04i00">
       <description>PCI bridge</description>
       <product>Xeon E5/Core i7 IIO PCI Express Root Port 2d</product>
       <vendor>Intel Corporation</vendor>
       <physid>2.3</physid>
       <businfo>pci@0000:00:02.3</businfo>
       <version>07</version>
       <width units="bits">32</width>
       <clock units="Hz">33000000</clock>
       <configuration>
        <setting id="driver" value="pcieport" />
       </configuration>
       <capabilities>
        <capability id="pci" />
        <capability id="msi" >Message Signalled Interrupts</capability>
        <capability id="pciexpress" >PCI Express</capability>
        <capability id="pm" >Power Management</capability>
        <capability id="normal_decode" />
        <capability id="bus_master" >bus mastering</capability>
        <capability id="cap_list" >PCI capabilities listing</capability>
       </capabilities>
       <resources>
        <resource type="irq" value="24" />
       </resources>
       <hints>
        <hint name="pci.class" value="0x604" />
        <hint name="pci.device" value="0x3C07" />
        <hint name="pci.vendor" value="0x8086" />
       </hints>
      </node>
      <node id="pci:6" claimed="true" class="bridge" handle="PCIBUS:0000:07" modalias="pci:v00008086d00003C08sv0000103Csd000018A8bc06sc04i00">
       <description>PCI bridge</description>
       <product>Xeon E5/Core i7 IIO PCI Express Root Port 3a in PCI Express Mode</product>
       <vendor>Intel Corporation</vendor>
       <physid>3</physid>
       <businfo>pci@0000:00:03.0</businfo>
       <version>07</version>
       <width units="bits">32</width>
       <clock units="Hz">33000000</clock>
       <configuration>
        <setting id="driver" value="pcieport" />
       </configuration>
       <capabilities>
        <capability id="pci" />
        <capability id="msi" >Message Signalled Interrupts</capability>
        <capability id="pciexpress" >PCI Express</capability>
        <capability id="pm" >Power Management</capability>
        <capability id="normal_decode" />
        <capability id="bus_master" >bus mastering</capability>
        <capability id="cap_list" >PCI capabilities listing</capability>
       </capabilities>
       <resources>
        <resource type="irq" value="29" />
       </resources>
       <hints>
        <hint name="pci.class" value="0x604" />
        <hint name="pci.device" value="0x3C08" />
        <hint name="pci.vendor" value="0x8086" />
       </hints>
      </node>
      <node id="pci:7" claimed="true" class="bridge" handle="PCIBUS:0000:14" modalias="pci:v00008086d00003C09sv0000103Csd000018A8bc06sc04i00">
       <description>PCI bridge</description>
       <product>Xeon E5/Core i7 IIO PCI Express Root Port 3b</product>
       <vendor>Intel Corporation</vendor>
       <physid>3.1</physid>
       <businfo>pci@0000:00:03.1</businfo>
       <version>07</version>
       <width units="bits">32</width>
       <clock units="Hz">33000000</clock>
       <configuration>
        <setting id="driver" value="pcieport" />
       </configuration>
       <capabilities>
        <capability id="pci" />
        <capability id="msi" >Message Signalled Interrupts</capability>
        <capability id="pciexpress" >PCI Express</capability>
        <capability id="pm" >Power Management</capability>
        <capability id="normal_decode" />
        <capability id="bus_master" >bus mastering</capability>
        <capability id="cap_list" >PCI capabilities listing</capability>
       </capabilities>
       <resources>
        <resource type="irq" value="30" />
       </resources>
       <hints>
        <hint name="pci.class" value="0x604" />
        <hint name="pci.device" value="0x3C09" />
        <hint name="pci.vendor" value="0x8086" />
       </hints>
      </node>
      <node id="pci:8" claimed="true" class="bridge" handle="PCIBUS:0000:15" modalias="pci:v00008086d00003C0Asv0000103Csd000018A8bc06sc04i00">
       <description>PCI bridge</description>
       <product>Xeon E5/Core i7 IIO PCI Express Root Port 3c</product>
       <vendor>Intel Corporation</vendor>
       <physid>3.2</physid>
       <businfo>pci@0000:00:03.2</businfo>
       <version>07</version>
       <width units="bits">32</width>
       <clock units="Hz">33000000</clock>
       <configuration>
        <setting id="driver" value="pcieport" />
       </configuration>
       <capabilities>
        <capability id="pci" />
        <capability id="msi" >Message Signalled Interrupts</capability>
        <capability id="pciexpress" >PCI Express</capability>
        <capability id="pm" >Power Management</capability>
        <capability id="normal_decode" />
        <capability id="bus_master" >bus mastering</capability>
        <capability id="cap_list" >PCI capabilities listing</capability>
       </capabilities>
       <resources>
        <resource type="irq" value="24" />
       </resources>
       <hints>
        <hint name="pci.class" value="0x604" />
        <hint name="pci.device" value="0x3C0A" />
        <hint name="pci.vendor" value="0x8086" />
       </hints>
      </node>
      <node id="pci:9" claimed="true" class="bridge" handle="PCIBUS:0000:16" modalias="pci:v00008086d00003C0Bsv0000103Csd000018A8bc06sc04i00">
       <description>PCI bridge</description>
       <product>Xeon E5/Core i7 IIO PCI Express Root Port 3d</product>
       <vendor>Intel Corporation</vendor>
       <physid>3.3</physid>
       <businfo>pci@0000:00:03.3</businfo>
       <version>07</version>
       <width units="bits">32</width>
       <clock units="Hz">33000000</clock>
       <configuration>
        <setting id="driver" value="pcieport" />
       </configuration>
       <capabilities>
        <capability id="pci" />
        <capability id="msi" >Message Signalled Interrupts</capability>
        <capability id="pciexpress" >PCI Express</capability>
        <capability id="pm" >Power Management</capability>
        <capability id="normal_decode" />
        <capability id="bus_master" >bus mastering</capability>
        <capability id="cap_list" >PCI capabilities listing</capability>
       </capabilities>
       <resources>
        <resource type="irq" value="24" />
       </resources>
       <hints>
        <hint name="pci.class" value="0x604" />
        <hint name="pci.device" value="0x3C0B" />
        <hint name="pci.vendor" value="0x8086" />
       </hints>
      </node>
      <node id="generic:0" claimed="true" class="generic" handle="PCI:0000:00:04.0" modalias="pci:v00008086d00003C20sv0000103Csd000018A8bc08sc80i00">
       <description>System peripheral</description>
       <product>Xeon E5/Core i7 DMA Channel 0</product>
       <vendor>Intel Corporation</vendor>
       <physid>4</physid>
       <subproduct>Hewlett-Packard Company</subproduct>
       <subvendor>Hewlett-Packard Company</subvendor>
       <businfo>pci@0000:00:04.0</businfo>
       <version>07</version>
       <width units="bits">64</width>
       <clock units="Hz">33000000</clock>
       <configuration>
        <setting id="driver" value="ioatdma" />
        <setting id="latency" value="0" />
       </configuration>
       <capabilities>
        <capability id="msix" >MSI-X</capability>
        <capability id="pciexpress" >PCI Express</capability>
        <capability id="pm" >Power Management</capability>
        <capability id="bus_master" >bus mastering</capability>
        <capability id="cap_list" >PCI capabilities listing</capability>
       </capabilities>
       <resources>
        <resource type="irq" value="109" />
        <resource type="memory" value="f6cf0000-f6cf3fff" />
       </resources>
       <hints>
        <hint name="pci.class" value="0x880" />
        <hint name="pci.device" value="0x3C20" />
        <hint name="pci.subdevice" value="0x18A8" />
        <hint name="pci.subvendor" value="0x103C" />
        <hint name="pci.vendor" value="0x8086" />
       </hints>
      </node>
      <node id="generic:1" claimed="true" class="generic" handle="PCI:0000:00:04.1" modalias="pci:v00008086d00003C21sv0000103Csd000018A8bc08sc80i00">
       <description>System peripheral</description>
       <product>Xeon E5/Core i7 DMA Channel 1</product>
       <vendor>Intel Corporation</vendor>
       <physid>4.1</physid>
       <subproduct>Hewlett-Packard Company</subproduct>
       <subvendor>Hewlett-Packard Company</subvendor>
       <businfo>pci@0000:00:04.1</businfo>
       <version>07</version>
       <width units="bits">64</width>
       <clock units="Hz">33000000</clock>
       <configuration>
        <setting id="driver" value="ioatdma" />
        <setting id="latency" value="0" />
       </configuration>
       <capabilities>
        <capability id="msix" >MSI-X</capability>
        <capability id="pciexpress" >PCI Express</capability>
        <capability id="pm" >Power Management</capability>
        <capability id="bus_master" >bus mastering</capability>
        <capability id="cap_list" >PCI capabilities listing</capability>
       </capabilities>
       <resources>
        <resource type="irq" value="111" />
        <resource type="memory" value="f6ce0000-f6ce3fff" />
       </resources>
       <hints>
        <hint name="pci.class" value="0x880" />
        <hint name="pci.device" value="0x3C21" />
        <hint name="pci.subdevice" value="0x18A8" />
        <hint name="pci.subvendor" value="0x103C" />
        <hint name="pci.vendor" value="0x8086" />
       </hints>
      </node>
      <node id="generic:2" claimed="true" class="generic" handle="PCI:0000:00:04.2" modalias="pci:v00008086d00003C22sv0000103Csd000018A8bc08sc80i00">
       <description>System peripheral</description>
       <product>Xeon E5/Core i7 DMA Channel 2</product>
       <vendor>Intel Corporation</vendor>
       <physid>4.2</physid>
       <subproduct>Hewlett-Packard Company</subproduct>
       <subvendor>Hewlett-Packard Company</subvendor>
       <businfo>pci@0000:00:04.2</businfo>
       <version>07</version>
       <width units="bits">64</width>
       <clock units="Hz">33000000</clock>
       <configuration>
        <setting id="driver" value="ioatdma" />
        <setting id="latency" value="0" />
       </configuration>
       <capabilities>
        <capability id="msix" >MSI-X</capability>
        <capability id="pciexpress" >PCI Express</capability>
        <capability id="pm" >Power Management</capability>
        <capability id="bus_master" >bus mastering</capability>
        <capability id="cap_list" >PCI capabilities listing</capability>
       </capabilities>
       <resources>
        <resource type="irq" value="109" />
        <resource type="memory" value="f6cd0000-f6cd3fff" />
       </resources>
       <hints>
        <hint name="pci.class" value="0x880" />
        <hint name="pci.device" value="0x3C22" />
        <hint name="pci.subdevice" value="0x18A8" />
        <hint name="pci.subvendor" value="0x103C" />
        <hint name="pci.vendor" value="0x8086" />
       </hints>
      </node>
      <node id="generic:3" claimed="true" class="generic" handle="PCI:0000:00:04.3" modalias="pci:v00008086d00003C23sv0000103Csd000018A8bc08sc80i00">
       <description>System peripheral</description>
       <product>Xeon E5/Core i7 DMA Channel 3</product>
       <vendor>Intel Corporation</vendor>
       <physid>4.3</physid>
       <subproduct>Hewlett-Packard Company</subproduct>
       <subvendor>Hewlett-Packard Company</subvendor>
       <businfo>pci@0000:00:04.3</businfo>
       <version>07</version>
       <width units="bits">64</width>
       <clock units="Hz">33000000</clock>
       <configuration>
        <setting id="driver" value="ioatdma" />
        <setting id="latency" value="0" />
       </configuration>
       <capabilities>
        <capability id="msix" >MSI-X</capability>
        <capability id="pciexpress" >PCI Express</capability>
        <capability id="pm" >Power Management</capability>
        <capability id="bus_master" >bus mastering</capability>
        <capability id="cap_list" >PCI capabilities listing</capability>
       </capabilities>
       <resources>
        <resource type="irq" value="111" />
        <resource type="memory" value="f6cc0000-f6cc3fff" />
       </resources>
       <hints>
        <hint name="pci.class" value="0x880" />
        <hint name="pci.device" value="0x3C23" />
        <hint name="pci.subdevice" value="0x18A8" />
        <hint name="pci.subvendor" value="0x103C" />
        <hint name="pci.vendor" value="0x8086" />
       </hints>
      </node>
      <node id="generic:4" claimed="true" class="generic" handle="PCI:0000:00:04.4" modalias="pci:v00008086d00003C24sv0000103Csd000018A8bc08sc80i00">
       <description>System peripheral</description>
       <product>Xeon E5/Core i7 DMA Channel 4</product>
       <vendor>Intel Corporation</vendor>
       <physid>4.4</physid>
       <subproduct>Hewlett-Packard Company</subproduct>
       <subvendor>Hewlett-Packard Company</subvendor>
       <businfo>pci@0000:00:04.4</businfo>
       <version>07</version>
       <width units="bits">64</width>
       <clock units="Hz">33000000</clock>
       <configuration>
        <setting id="driver" value="ioatdma" />
        <setting id="latency" value="0" />
       </configuration>
       <capabilities>
        <capability id="msix" >MSI-X</capability>
        <capability id="pciexpress" >PCI Express</capability>
        <capability id="pm" >Power Management</capability>
        <capability id="bus_master" >bus mastering</capability>
        <capability id="cap_list" >PCI capabilities listing</capability>
       </capabilities>
       <resources>
        <resource type="irq" value="109" />
        <resource type="memory" value="f6cb0000-f6cb3fff" />
       </resources>
       <hints>
        <hint name="pci.class" value="0x880" />
        <hint name="pci.device" value="0x3C24" />
        <hint name="pci.subdevice" value="0x18A8" />
        <hint name="pci.subvendor" value="0x103C" />
        <hint name="pci.vendor" value="0x8086" />
       </hints>
      </node>
      <node id="generic:5" claimed="true" class="generic" handle="PCI:0000:00:04.5" modalias="pci:v00008086d00003C25sv0000103Csd000018A8bc08sc80i00">
       <description>System peripheral</description>
       <product>Xeon E5/Core i7 DMA Channel 5</product>
       <vendor>Intel Corporation</vendor>
       <physid>4.5</physid>
       <subproduct>Hewlett-Packard Company</subproduct>
       <subvendor>Hewlett-Packard Company</subvendor>
       <businfo>pci@0000:00:04.5</businfo>
       <version>07</version>
       <width units="bits">64</width>
       <clock units="Hz">33000000</clock>
       <configuration>
        <setting id="driver" value="ioatdma" />
        <setting id="latency" value="0" />
       </configuration>
       <capabilities>
        <capability id="msix" >MSI-X</capability>
        <capability id="pciexpress" >PCI Express</capability>
        <capability id="pm" >Power Management</capability>
        <capability id="bus_master" >bus mastering</capability>
        <capability id="cap_list" >PCI capabilities listing</capability>
       </capabilities>
       <resources>
        <resource type="irq" value="111" />
        <resource type="memory" value="f6ca0000-f6ca3fff" />
       </resources>
       <hints>
        <hint name="pci.class" value="0x880" />
        <hint name="pci.device" value="0x3C25" />
        <hint name="pci.subdevice" value="0x18A8" />
        <hint name="pci.subvendor" value="0x103C" />
        <hint name="pci.vendor" value="0x8086" />
       </hints>
      </node>
      <node id="generic:6" claimed="true" class="generic" handle="PCI:0000:00:04.6" modalias="pci:v00008086d00003C26sv0000103Csd000018A8bc08sc80i00">
       <description>System peripheral</description>
       <product>Xeon E5/Core i7 DMA Channel 6</product>
       <vendor>Intel Corporation</vendor>
       <physid>4.6</physid>
       <subproduct>Hewlett-Packard Company</subproduct>
       <subvendor>Hewlett-Packard Company</subvendor>
       <businfo>pci@0000:00:04.6</businfo>
       <version>07</version>
       <width units="bits">64</width>
       <clock units="Hz">33000000</clock>
       <configuration>
        <setting id="driver" value="ioatdma" />
        <setting id="latency" value="0" />
       </configuration>
       <capabilities>
        <capability id="msix" >MSI-X</capability>
        <capability id="pciexpress" >PCI Express</capability>
        <capability id="pm" >Power Management</capability>
        <capability id="bus_master" >bus mastering</capability>
        <capability id="cap_list" >PCI capabilities listing</capability>
       </capabilities>
       <resources>
        <resource type="irq" value="109" />
        <resource type="memory" value="f6c90000-f6c93fff" />
       </resources>
       <hints>
        <hint name="pci.class" value="0x880" />
        <hint name="pci.device" value="0x3C26" />
        <hint name="pci.subdevice" value="0x18A8" />
        <hint name="pci.subvendor" value="0x103C" />
        <hint name="pci.vendor" value="0x8086" />
       </hints>
      </node>
      <node id="generic:7" claimed="true" class="generic" handle="PCI:0000:00:04.7" modalias="pci:v00008086d00003C27sv0000103Csd000018A8bc08sc80i00">
       <description>System peripheral</description>
       <product>Xeon E5/Core i7 DMA Channel 7</product>
       <vendor>Intel Corporation</vendor>
       <physid>4.7</physid>
       <subproduct>Hewlett-Packard Company</subproduct>
       <subvendor>Hewlett-Packard Company</subvendor>
       <businfo>pci@0000:00:04.7</businfo>
       <version>07</version>
       <width units="bits">64</width>
       <clock units="Hz">33000000</clock>
       <configuration>
        <setting id="driver" value="ioatdma" />
        <setting id="latency" value="0" />
       </configuration>
       <capabilities>
        <capability id="msix" >MSI-X</capability>
        <capability id="pciexpress" >PCI Express</capability>
        <capability id="pm" >Power Management</capability>
        <capability id="bus_master" >bus mastering</capability>
        <capability id="cap_list" >PCI capabilities listing</capability>
       </capabilities>
       <resources>
        <resource type="irq" value="111" />
        <resource type="memory" value="f6c80000-f6c83fff" />
       </resources>
       <hints>
        <hint name="pci.class" value="0x880" />
        <hint name="pci.device" value="0x3C27" />
        <hint name="pci.subdevice" value="0x18A8" />
        <hint name="pci.subvendor" value="0x103C" />
        <hint name="pci.vendor" value="0x8086" />
       </hints>
      </node>
      <node id="generic:8" class="generic" handle="PCI:0000:00:05.0" modalias="pci:v00008086d00003C28sv0000103Csd000018A8bc08sc80i00">
       <description>System peripheral</description>
       <product>Xeon E5/Core i7 Address Map, VTd_Misc, System Management</product>
       <vendor>Intel Corporation</vendor>
       <physid>5</physid>
       <subproduct>Hewlett-Packard Company</subproduct>
       <subvendor>Hewlett-Packard Company</subvendor>
       <businfo>pci@0000:00:05.0</businfo>
       <version>07</version>
       <width units="bits">32</width>
       <clock units="Hz">33000000</clock>
       <configuration>
        <setting id="latency" value="0" />
       </configuration>
       <capabilities>
        <capability id="pciexpress" >PCI Express</capability>
        <capability id="cap_list" >PCI capabilities listing</capability>
       </capabilities>
       <hints>
        <hint name="pci.class" value="0x880" />
        <hint name="pci.device" value="0x3C28" />
        <hint name="pci.subdevice" value="0x18A8" />
        <hint name="pci.subvendor" value="0x103C" />
        <hint name="pci.vendor" value="0x8086" />
       </hints>
      </node>
      <node id="generic:9" class="generic" handle="PCI:0000:00:05.2" modalias="pci:v00008086d00003C2Asv0000103Csd000018A8bc08sc80i00">
       <description>System peripheral</description>
       <product>Xeon E5/Core i7 Control Status and Global Errors</product>
       <vendor>Intel Corporation</vendor>
       <physid>5.2</physid>
       <subproduct>Hewlett-Packard Company</subproduct>
       <subvendor>Hewlett-Packard Company</subvendor>
       <businfo>pci@0000:00:05.2</businfo>
       <version>07</version>
       <width units="bits">32</width>
       <clock units="Hz">33000000</clock>
       <configuration>
        <setting id="latency" value="0" />
       </configuration>
       <capabilities>
        <capability id="pciexpress" >PCI Express</capability>
        <capability id="cap_list" >PCI capabilities listing</capability>
       </capabilities>
       <hints>
        <hint name="pci.class" value="0x880" />
        <hint name="pci.device" value="0x3C2A" />
        <hint name="pci.subdevice" value="0x18A8" />
        <hint name="pci.subvendor" value="0x103C" />
        <hint name="pci.vendor" value="0x8086" />
       </hints>
      </node>
      <node id="generic:10" class="generic" handle="PCI:0000:00:05.4" modalias="pci:v00008086d00003C2Csv0000103Csd000018A8bc08sc00i20">
       <description>PIC</description>
       <product>Xeon E5/Core i7 I/O APIC</product>
       <vendor>Intel Corporation</vendor>
       <physid>5.4</physid>
       <subproduct>Hewlett-Packard Company</subproduct>
       <subvendor>Hewlett-Packard Company</subvendor>
       <businfo>pci@0000:00:05.4</businfo>
       <version>07</version>
       <width units="bits">32</width>
       <clock units="Hz">33000000</clock>
       <configuration>
        <setting id="latency" value="0" />
       </configuration>
       <capabilities>
        <capability id="pm" >Power Management</capability>
        <capability id="io_x_-apic" />
        <capability id="bus_master" >bus mastering</capability>
        <capability id="cap_list" >PCI capabilities listing</capability>
       </capabilities>
       <resources>
        <resource type="memory" value="f6c70000-f6c70fff" />
       </resources>
       <hints>
        <hint name="pci.class" value="0x800" />
        <hint name="pci.device" value="0x3C2C" />
        <hint name="pci.subdevice" value="0x18A8" />
        <hint name="pci.subvendor" value="0x103C" />
        <hint name="pci.vendor" value="0x8086" />
       </hints>
      </node>
      <node id="pci:10" claimed="true" class="bridge" handle="PCIBUS:0000:18" modalias="pci:v00008086d00001D3Esv0000103Csd000018A9bc06sc04i00">
       <description>PCI bridge</description>
       <product>C600/X79 series chipset PCI Express Virtual Root Port</product>
       <vendor>Intel Corporation</vendor>
       <physid>11</physid>
       <businfo>pci@0000:00:11.0</businfo>
       <version>05</version>
       <width units="bits">32</width>
       <clock units="Hz">33000000</clock>
       <configuration>
        <setting id="driver" value="pcieport" />
       </configuration>
       <capabilities>
        <capability id="pci" />
        <capability id="pciexpress" >PCI Express</capability>
        <capability id="pm" >Power Management</capability>
        <capability id="msi" >Message Signalled Interrupts</capability>
        <capability id="normal_decode" />
        <capability id="bus_master" >bus mastering</capability>
        <capability id="cap_list" >PCI capabilities listing</capability>
       </capabilities>
       <resources>
        <resource type="irq" value="16" />
       </resources>
       <hints>
        <hint name="pci.class" value="0x604" />
        <hint name="pci.device" value="0x1D3E" />
        <hint name="pci.vendor" value="0x8086" />
       </hints>
      </node>
      <node id="usb:0" claimed="true" class="bus" handle="PCI:0000:00:1a.0" modalias="pci:v00008086d00001D2Dsv0000103Csd000018A9bc0Csc03i20">
       <description>USB controller</description>
       <product>C600/X79 series chipset USB2 Enhanced Host Controller #2</product>
       <vendor>Intel Corporation</vendor>
       <physid>1a</physid>
       <subproduct>Hewlett-Packard Company</subproduct>
       <subvendor>Hewlett-Packard Company</subvendor>
       <businfo>pci@0000:00:1a.0</businfo>
       <version>05</version>
       <width units="bits">32</width>
       <clock units="Hz">33000000</clock>
       <configuration>
        <setting id="driver" value="ehci-pci" />
        <setting id="latency" value="0" />
       </configuration>
       <capabilities>
        <capability id="pm" >Power Management</capability>
        <capability id="debug" >Debug port</capability>
        <capability id="ehci" >Enhanced Host Controller Interface (USB2)</capability>
        <capability id="bus_master" >bus mastering</capability>
        <capability id="cap_list" >PCI capabilities listing</capability>
       </capabilities>
       <resources>
        <resource type="irq" value="21" />
        <resource type="memory" value="f6c60000-f6c603ff" />
       </resources>
       <hints>
        <hint name="icon" value="usb" />
        <hint name="pci.class" value="0xC03" />
        <hint name="pci.device" value="0x1D2D" />
        <hint name="pci.subdevice" value="0x18A9" />
        <hint name="pci.subvendor" value="0x103C" />
        <hint name="pci.vendor" value="0x8086" />
       </hints>
        <node id="usbhost" claimed="true" class="bus" handle="USB:1:1">
         <product>EHCI Host Controller</product>
         <vendor>Linux 4.18.0-425.19.2.el8_7.x86_64 ehci_hcd</vendor>
         <physid>1</physid>
         <businfo>usb@1</businfo>
         <logicalname>usb1</logicalname>
         <version>4.18</version>
         <configuration>
          <setting id="driver" value="hub" />
          <setting id="slots" value="2" />
          <setting id="speed" value="480Mbit/s" />
         </configuration>
         <capabilities>
          <capability id="usb-2.00" >USB 2.0</capability>
         </capabilities>
         <hints>
          <hint name="bus.icon" value="usb" />
          <hint name="usb.bDeviceClass" value="0x9" />
          <hint name="usb.bDeviceProtocol" value="0x0" />
          <hint name="usb.bDeviceSubClass" value="0x0" />
          <hint name="usb.idProduct" value="0x2" />
          <hint name="usb.idVendor" value="0x1D6B" />
         </hints>
          <node id="usb" claimed="true" class="bus" handle="USB:1:2">
           <description>USB hub</description>
           <product>Integrated Rate Matching Hub</product>
           <vendor>Intel Corp.</vendor>
           <physid>1</physid>
           <businfo>usb@1:1</businfo>
           <version>0.00</version>
           <configuration>
            <setting id="driver" value="hub" />
            <setting id="slots" value="6" />
            <setting id="speed" value="480Mbit/s" />
           </configuration>
           <capabilities>
            <capability id="usb-2.00" >USB 2.0</capability>
           </capabilities>
           <hints>
            <hint name="bus.icon" value="usb" />
            <hint name="usb.bDeviceClass" value="0x9" />
            <hint name="usb.bDeviceProtocol" value="0x1" />
            <hint name="usb.bDeviceSubClass" value="0x0" />
            <hint name="usb.idProduct" value="0x24" />
            <hint name="usb.idVendor" value="0x8087" />
           </hints>
          </node>
        </node>
      </node>
      <node id="pci:11" claimed="true" class="bridge" handle="PCIBUS:0000:0a" modalias="pci:v00008086d00001D10sv0000103Csd000018A9bc06sc04i00">
       <description>PCI bridge</description>
       <product>C600/X79 series chipset PCI Express Root Port 1</product>
       <vendor>Intel Corporation</vendor>
       <physid>1c</physid>
       <businfo>pci@0000:00:1c.0</businfo>
       <version>b5</version>
       <width units="bits">32</width>
       <clock units="Hz">33000000</clock>
       <configuration>
        <setting id="driver" value="pcieport" />
       </configuration>
       <capabilities>
        <capability id="pci" />
        <capability id="pciexpress" >PCI Express</capability>
        <capability id="msi" >Message Signalled Interrupts</capability>
        <capability id="pm" >Power Management</capability>
        <capability id="normal_decode" />
        <capability id="bus_master" >bus mastering</capability>
        <capability id="cap_list" >PCI capabilities listing</capability>
       </capabilities>
       <resources>
        <resource type="irq" value="16" />
       </resources>
       <hints>
        <hint name="pci.class" value="0x604" />
        <hint name="pci.device" value="0x1D10" />
        <hint name="pci.vendor" value="0x8086" />
       </hints>
      </node>
      <node id="pci:12" claimed="true" class="bridge" handle="PCIBUS:0000:01" modalias="pci:v00008086d00001D1Esv0000103Csd000018A9bc06sc04i00">
       <description>PCI bridge</description>
       <product>C600/X79 series chipset PCI Express Root Port 8</product>
       <vendor>Intel Corporation</vendor>
       <physid>1c.7</physid>
       <businfo>pci@0000:00:1c.7</businfo>
       <version>b5</version>
       <width units="bits">32</width>
       <clock units="Hz">33000000</clock>
       <configuration>
        <setting id="driver" value="pcieport" />
       </configuration>
       <capabilities>
        <capability id="pci" />
        <capability id="pciexpress" >PCI Express</capability>
        <capability id="msi" >Message Signalled Interrupts</capability>
        <capability id="pm" >Power Management</capability>
        <capability id="normal_decode" />
        <capability id="bus_master" >bus mastering</capability>
        <capability id="cap_list" >PCI capabilities listing</capability>
       </capabilities>
       <resources>
        <resource type="irq" value="19" />
        <resource type="ioport" value="3000(size=4096)" />
        <resource type="memory" value="f6d00000-f7dfffff" />
        <resource type="ioport" value="f5000000(size=16777216)" />
       </resources>
       <hints>
        <hint name="pci.class" value="0x604" />
        <hint name="pci.device" value="0x1D1E" />
        <hint name="pci.vendor" value="0x8086" />
       </hints>
        <node id="generic:0" claimed="true" class="generic" handle="PCI:0000:01:00.0" modalias="pci:v0000103Cd00003306sv0000103Csd00003381bc08sc80i00">
         <description>System peripheral</description>
         <product>Integrated Lights-Out Standard Slave Instrumentation &amp; System Support</product>
         <vendor>Hewlett-Packard Company</vendor>
         <physid>0</physid>
         <subproduct>Hewlett-Packard Company</subproduct>
         <subvendor>Hewlett-Packard Company</subvendor>
         <businfo>pci@0000:01:00.0</businfo>
         <version>05</version>
         <width units="bits">32</width>
         <clock units="Hz">33000000</clock>
         <configuration>
          <setting id="driver" value="hpwdt" />
          <setting id="latency" value="0" />
         </configuration>
         <capabilities>
          <capability id="pm" >Power Management</capability>
          <capability id="msi" >Message Signalled Interrupts</capability>
          <capability id="pciexpress" >PCI Express</capability>
          <capability id="bus_master" >bus mastering</capability>
          <capability id="cap_list" >PCI capabilities listing</capability>
         </capabilities>
         <resources>
          <resource type="irq" value="19" />
          <resource type="ioport" value="3000(size=256)" />
          <resource type="memory" value="f7df0000-f7df01ff" />
          <resource type="ioport" value="3400(size=256)" />
         </resources>
         <hints>
          <hint name="pci.class" value="0x880" />
          <hint name="pci.device" value="0x3306" />
          <hint name="pci.subdevice" value="0x3381" />
          <hint name="pci.subvendor" value="0x103C" />
          <hint name="pci.vendor" value="0x103C" />
         </hints>
        </node>
        <node id="display" claimed="true" class="display" handle="PCI:0000:01:00.1" modalias="pci:v0000102Bd00000533sv0000103Csd00003381bc03sc00i00">
         <description>VGA compatible controller</description>
         <product>MGA G200EH</product>
         <vendor>Matrox Electronics Systems Ltd.</vendor>
         <physid>0.1</physid>
         <subproduct>Hewlett-Packard Company</subproduct>
         <subvendor>Hewlett-Packard Company</subvendor>
         <businfo>pci@0000:01:00.1</businfo>
         <logicalname>/dev/fb0</logicalname>
         <version>00</version>
         <width units="bits">32</width>
         <clock units="Hz">33000000</clock>
         <configuration>
          <setting id="depth" value="32" />
          <setting id="driver" value="mgag200" />
          <setting id="latency" value="0" />
          <setting id="resolution" value="1024,768" />
         </configuration>
         <capabilities>
          <capability id="pm" >Power Management</capability>
          <capability id="msi" >Message Signalled Interrupts</capability>
          <capability id="pciexpress" >PCI Express</capability>
          <capability id="vga_controller" />
          <capability id="bus_master" >bus mastering</capability>
          <capability id="cap_list" >PCI capabilities listing</capability>
          <capability id="fb" >framebuffer</capability>
         </capabilities>
         <resources>
          <resource type="irq" value="16" />
          <resource type="memory" value="f5000000-f5ffffff" />
          <resource type="memory" value="f7de0000-f7de3fff" />
          <resource type="memory" value="f7000000-f77fffff" />
          <resource type="memory" value="c0000-dffff" />
         </resources>
         <hints>
          <hint name="icon" value="display" />
          <hint name="pci.class" value="0x300" />
          <hint name="pci.device" value="0x533" />
          <hint name="pci.subdevice" value="0x3381" />
          <hint name="pci.subvendor" value="0x103C" />
          <hint name="pci.vendor" value="0x102B" />
         </hints>
        </node>
        <node id="generic:1" claimed="true" class="generic" handle="PCI:0000:01:00.2" modalias="pci:v0000103Cd00003307sv0000103Csd00003381bc08sc80i00">
         <description>System peripheral</description>
         <product>Integrated Lights-Out Standard Management Processor Support and Messaging</product>
         <vendor>Hewlett-Packard Company</vendor>
         <physid>0.2</physid>
         <subproduct>Hewlett-Packard Company</subproduct>
         <subvendor>Hewlett-Packard Company</subvendor>
         <businfo>pci@0000:01:00.2</businfo>
         <version>05</version>
         <width units="bits">32</width>
         <clock units="Hz">33000000</clock>
         <configuration>
          <setting id="driver" value="hpilo" />
          <setting id="latency" value="0" />
         </configuration>
         <capabilities>
          <capability id="pm" >Power Management</capability>
          <capability id="msi" >Message Signalled Interrupts</capability>
          <capability id="pciexpress" >PCI Express</capability>
          <capability id="bus_master" >bus mastering</capability>
          <capability id="cap_list" >PCI capabilities listing</capability>
          <capability id="rom" >extension ROM</capability>
         </capabilities>
         <resources>
          <resource type="irq" value="16" />
          <resource type="ioport" value="3800(size=256)" />
          <resource type="memory" value="f6ff0000-f6ff00ff" />
          <resource type="memory" value="f6e00000-f6efffff" />
          <resource type="memory" value="f6d80000-f6dfffff" />
          <resource type="memory" value="f6d70000-f6d77fff" />
          <resource type="memory" value="f6d60000-f6d67fff" />
          <resource type="memory" value="f6d00000-f6d0ffff" />
         </resources>
         <hints>
          <hint name="pci.class" value="0x880" />
          <hint name="pci.device" value="0x3307" />
          <hint name="pci.subdevice" value="0x3381" />
          <hint name="pci.subvendor" value="0x103C" />
          <hint name="pci.vendor" value="0x103C" />
         </hints>
        </node>
        <node id="usb" claimed="true" class="bus" handle="PCI:0000:01:00.4" modalias="pci:v0000103Cd00003300sv0000103Csd00003381bc0Csc03i00">
         <description>USB controller</description>
         <product>Integrated Lights-Out Standard Virtual USB Controller</product>
         <vendor>Hewlett-Packard Company</vendor>
         <physid>0.4</physid>
         <subproduct>Hewlett-Packard Company</subproduct>
         <subvendor>Hewlett-Packard Company</subvendor>
         <businfo>pci@0000:01:00.4</businfo>
         <version>02</version>
         <width units="bits">32</width>
         <clock units="Hz">33000000</clock>
         <configuration>
          <setting id="driver" value="uhci_hcd" />
          <setting id="latency" value="0" />
         </configuration>
         <capabilities>
          <capability id="msi" >Message Signalled Interrupts</capability>
          <capability id="pciexpress" >PCI Express</capability>
          <capability id="pm" >Power Management</capability>
          <capability id="uhci" >Universal Host Controller Interface (USB1)</capability>
          <capability id="bus_master" >bus mastering</capability>
          <capability id="cap_list" >PCI capabilities listing</capability>
         </capabilities>
         <resources>
          <resource type="irq" value="39" />
          <resource type="ioport" value="3c00(size=32)" />
         </resources>
         <hints>
          <hint name="icon" value="usb" />
          <hint name="pci.class" value="0xC03" />
          <hint name="pci.device" value="0x3300" />
          <hint name="pci.subdevice" value="0x3381" />
          <hint name="pci.subvendor" value="0x103C" />
          <hint name="pci.vendor" value="0x103C" />
         </hints>
          <node id="usbhost" claimed="true" class="bus" handle="USB:3:1">
           <product>UHCI Host Controller</product>
           <vendor>Linux 4.18.0-425.19.2.el8_7.x86_64 uhci_hcd</vendor>
           <physid>1</physid>
           <businfo>usb@3</businfo>
           <logicalname>usb3</logicalname>
           <version>4.18</version>
           <configuration>
            <setting id="driver" value="hub" />
            <setting id="slots" value="2" />
            <setting id="speed" value="12Mbit/s" />
           </configuration>
           <capabilities>
            <capability id="usb-1.10" >USB 1.1</capability>
           </capabilities>
           <hints>
            <hint name="bus.icon" value="usb" />
            <hint name="usb.bDeviceClass" value="0x9" />
            <hint name="usb.bDeviceProtocol" value="0x0" />
            <hint name="usb.bDeviceSubClass" value="0x0" />
            <hint name="usb.idProduct" value="0x1" />
            <hint name="usb.idVendor" value="0x1D6B" />
           </hints>
          </node>
        </node>
      </node>
      <node id="usb:1" claimed="true" class="bus" handle="PCI:0000:00:1d.0" modalias="pci:v00008086d00001D26sv0000103Csd000018A9bc0Csc03i20">
       <description>USB controller</description>
       <product>C600/X79 series chipset USB2 Enhanced Host Controller #1</product>
       <vendor>Intel Corporation</vendor>
       <physid>1d</physid>
       <subproduct>Hewlett-Packard Company</subproduct>
       <subvendor>Hewlett-Packard Company</subvendor>
       <businfo>pci@0000:00:1d.0</businfo>
       <version>05</version>
       <width units="bits">32</width>
       <clock units="Hz">33000000</clock>
       <configuration>
        <setting id="driver" value="ehci-pci" />
        <setting id="latency" value="0" />
       </configuration>
       <capabilities>
        <capability id="pm" >Power Management</capability>
        <capability id="debug" >Debug port</capability>
        <capability id="ehci" >Enhanced Host Controller Interface (USB2)</capability>
        <capability id="bus_master" >bus mastering</capability>
        <capability id="cap_list" >PCI capabilities listing</capability>
       </capabilities>
       <resources>
        <resource type="irq" value="20" />
        <resource type="memory" value="f6c50000-f6c503ff" />
       </resources>
       <hints>
        <hint name="icon" value="usb" />
        <hint name="pci.class" value="0xC03" />
        <hint name="pci.device" value="0x1D26" />
        <hint name="pci.subdevice" value="0x18A9" />
        <hint name="pci.subvendor" value="0x103C" />
        <hint name="pci.vendor" value="0x8086" />
       </hints>
        <node id="usbhost" claimed="true" class="bus" handle="USB:2:1">
         <product>EHCI Host Controller</product>
         <vendor>Linux 4.18.0-425.19.2.el8_7.x86_64 ehci_hcd</vendor>
         <physid>1</physid>
         <businfo>usb@2</businfo>
         <logicalname>usb2</logicalname>
         <version>4.18</version>
         <configuration>
          <setting id="driver" value="hub" />
          <setting id="slots" value="2" />
          <setting id="speed" value="480Mbit/s" />
         </configuration>
         <capabilities>
          <capability id="usb-2.00" >USB 2.0</capability>
         </capabilities>
         <hints>
          <hint name="bus.icon" value="usb" />
          <hint name="usb.bDeviceClass" value="0x9" />
          <hint name="usb.bDeviceProtocol" value="0x0" />
          <hint name="usb.bDeviceSubClass" value="0x0" />
          <hint name="usb.idProduct" value="0x2" />
          <hint name="usb.idVendor" value="0x1D6B" />
         </hints>
          <node id="usb" claimed="true" class="bus" handle="USB:2:2">
           <description>USB hub</description>
           <product>Integrated Rate Matching Hub</product>
           <vendor>Intel Corp.</vendor>
           <physid>1</physid>
           <businfo>usb@2:1</businfo>
           <version>0.00</version>
           <configuration>
            <setting id="driver" value="hub" />
            <setting id="slots" value="8" />
            <setting id="speed" value="480Mbit/s" />
           </configuration>
           <capabilities>
            <capability id="usb-2.00" >USB 2.0</capability>
           </capabilities>
           <hints>
            <hint name="bus.icon" value="usb" />
            <hint name="usb.bDeviceClass" value="0x9" />
            <hint name="usb.bDeviceProtocol" value="0x1" />
            <hint name="usb.bDeviceSubClass" value="0x0" />
            <hint name="usb.idProduct" value="0x24" />
            <hint name="usb.idVendor" value="0x8087" />
           </hints>
            <node id="usb" claimed="true" class="bus" handle="USB:2:3">
             <description>USB hub</description>
             <product>Hub</product>
             <vendor>Microchip Technology, Inc. (formerly SMSC)</vendor>
             <physid>3</physid>
             <businfo>usb@2:1.3</businfo>
             <version>8.01</version>
             <configuration>
              <setting id="driver" value="hub" />
              <setting id="maxpower" value="2mA" />
              <setting id="slots" value="2" />
              <setting id="speed" value="480Mbit/s" />
             </configuration>
             <capabilities>
              <capability id="usb-2.00" >USB 2.0</capability>
             </capabilities>
             <hints>
              <hint name="bus.icon" value="usb" />
              <hint name="usb.bDeviceClass" value="0x9" />
              <hint name="usb.bDeviceProtocol" value="0x1" />
              <hint name="usb.bDeviceSubClass" value="0x0" />
              <hint name="usb.idProduct" value="0x2660" />
              <hint name="usb.idVendor" value="0x424" />
             </hints>
            </node>
          </node>
        </node>
      </node>
      <node id="pci:13" claimed="true" class="bridge" handle="PCIBUS:0000:17" modalias="pci:v00008086d0000244Esv0000103Csd000018A9bc06sc04i01">
       <description>PCI bridge</description>
       <product>82801 PCI Bridge</product>
       <vendor>Intel Corporation</vendor>
       <physid>1e</physid>
       <businfo>pci@0000:00:1e.0</businfo>
       <version>a5</version>
       <width units="bits">32</width>
       <clock units="Hz">33000000</clock>
       <capabilities>
        <capability id="pci" />
        <capability id="subtractive_decode" />
        <capability id="bus_master" >bus mastering</capability>
        <capability id="cap_list" >PCI capabilities listing</capability>
       </capabilities>
       <hints>
        <hint name="pci.class" value="0x604" />
        <hint name="pci.device" value="0x244E" />
        <hint name="pci.vendor" value="0x8086" />
       </hints>
      </node>
      <node id="isa" claimed="true" class="bridge" handle="PCI:0000:00:1f.0" modalias="pci:v00008086d00001D41sv00000000sd00000000bc06sc01i00">
       <description>ISA bridge</description>
       <product>C600/X79 series chipset LPC Controller</product>
       <vendor>Intel Corporation</vendor>
       <physid>1f</physid>
       <businfo>pci@0000:00:1f.0</businfo>
       <version>05</version>
       <width units="bits">32</width>
       <clock units="Hz">33000000</clock>
       <configuration>
        <setting id="driver" value="lpc_ich" />
        <setting id="latency" value="0" />
       </configuration>
       <capabilities>
        <capability id="isa" />
        <capability id="bus_master" >bus mastering</capability>
        <capability id="cap_list" >PCI capabilities listing</capability>
       </capabilities>
       <resources>
        <resource type="irq" value="0" />
       </resources>
       <hints>
        <hint name="pci.class" value="0x601" />
        <hint name="pci.device" value="0x1D41" />
        <hint name="pci.vendor" value="0x8086" />
       </hints>
        <node id="pnp00:00" claimed="true" class="system">
         <product>PnP device PNP0c02</product>
         <physid>0</physid>
         <configuration>
          <setting id="driver" value="system" />
         </configuration>
         <capabilities>
          <capability id="pnp" />
         </capabilities>
        </node>
        <node id="pnp00:01" claimed="true" class="system">
         <product>PnP device PNP0c02</product>
         <physid>1</physid>
         <configuration>
          <setting id="driver" value="system" />
         </configuration>
         <capabilities>
          <capability id="pnp" />
         </capabilities>
        </node>
        <node id="pnp00:02" claimed="true" class="communication">
         <product>PnP device PNP0501</product>
         <physid>2</physid>
         <configuration>
          <setting id="driver" value="serial" />
         </configuration>
         <capabilities>
          <capability id="pnp" />
         </capabilities>
        </node>
        <node id="pnp00:03" claimed="true" class="system">
         <product>PnP device PNP0b00</product>
         <physid>3</physid>
         <configuration>
          <setting id="driver" value="rtc_cmos" />
         </configuration>
         <capabilities>
          <capability id="pnp" />
         </capabilities>
        </node>
        <node id="pnp00:04" claimed="true" class="input">
         <product>PnP device PNP0303</product>
         <physid>4</physid>
         <configuration>
          <setting id="driver" value="i8042 kbd" />
         </configuration>
         <capabilities>
          <capability id="pnp" />
         </capabilities>
        </node>
        <node id="pnp00:05" claimed="true" class="input">
         <product>PnP device PNP0f13</product>
         <physid>5</physid>
         <configuration>
          <setting id="driver" value="i8042 aux" />
         </configuration>
         <capabilities>
          <capability id="pnp" />
         </capabilities>
        </node>
        <node id="pnp00:06" claimed="true" class="system">
         <product>PnP device PNP0c02</product>
         <physid>6</physid>
         <configuration>
          <setting id="driver" value="system" />
         </configuration>
         <capabilities>
          <capability id="pnp" />
         </capabilities>
        </node>
      </node>
      <node id="ide" claimed="true" class="storage" handle="PCI:0000:00:1f.2" modalias="pci:v00008086d00001D00sv0000103Csd000018A9bc01sc01i8F">
       <description>IDE interface</description>
       <product>C600/X79 series chipset 4-Port SATA IDE Controller</product>
       <vendor>Intel Corporation</vendor>
       <physid>1f.2</physid>
       <subproduct>Hewlett-Packard Company</subproduct>
       <subvendor>Hewlett-Packard Company</subvendor>
       <businfo>pci@0000:00:1f.2</businfo>
       <logicalname>scsi1</logicalname>
       <version>05</version>
       <width units="bits">32</width>
       <clock units="Hz">66000000</clock>
       <configuration>
        <setting id="driver" value="ata_piix" />
        <setting id="latency" value="0" />
       </configuration>
       <capabilities>
        <capability id="ide" />
        <capability id="pm" >Power Management</capability>
        <capability id="isa_compat_mode" >ISA compatibility mode</capability>
        <capability id="pci_native_mode" >PCI native mode</capability>
        <capability id="bus_master" >bus mastering</capability>
        <capability id="cap_list" >PCI capabilities listing</capability>
        <capability id="emulated" >Emulated device</capability>
       </capabilities>
       <resources>
        <resource type="irq" value="17" />
        <resource type="ioport" value="4000(size=8)" />
        <resource type="ioport" value="4008(size=4)" />
        <resource type="ioport" value="4010(size=8)" />
        <resource type="ioport" value="4018(size=4)" />
        <resource type="ioport" value="4020(size=16)" />
        <resource type="ioport" value="4030(size=16)" />
       </resources>
       <hints>
        <hint name="icon" value="disc" />
        <hint name="pci.class" value="0x101" />
        <hint name="pci.device" value="0x1D00" />
        <hint name="pci.subdevice" value="0x18A9" />
        <hint name="pci.subvendor" value="0x103C" />
        <hint name="pci.vendor" value="0x8086" />
       </hints>
        <node id="cdrom" claimed="true" class="disk" handle="SCSI:01:00:00:00">
         <description>DVD reader</description>
         <product>DVD D  DU8D5SH</product>
         <vendor>hp</vendor>
         <physid>0.0.0</physid>
         <businfo>scsi@1:0.0.0</businfo>
         <logicalname>/dev/cdrom</logicalname>
         <logicalname>/dev/sr0</logicalname>
         <dev>11:0</dev>
         <version>2HJ1</version>
         <configuration>
          <setting id="ansiversion" value="5" />
          <setting id="status" value="nodisc" />
         </configuration>
         <capabilities>
          <capability id="removable" >support is removable</capability>
          <capability id="audio" >Audio CD playback</capability>
          <capability id="dvd" >DVD playback</capability>
         </capabilities>
         <hints>
          <hint name="bus.icon" value="scsi" />
          <hint name="icon" value="cd" />
         </hints>
        </node>
      </node>
    </node>
    <node id="generic:0" class="generic" handle="PCI:0000:1f:08.0" modalias="pci:v00008086d00003C80sv0000103Csd000018A8bc08sc80i00">
     <description>System peripheral</description>
     <product>Xeon E5/Core i7 QPI Link 0</product>
     <vendor>Intel Corporation</vendor>
     <physid>6</physid>
     <subproduct>Hewlett-Packard Company</subproduct>
     <subvendor>Hewlett-Packard Company</subvendor>
     <businfo>pci@0000:1f:08.0</businfo>
     <version>07</version>
     <width units="bits">32</width>
     <clock units="Hz">33000000</clock>
     <configuration>
      <setting id="latency" value="0" />
     </configuration>
     <hints>
      <hint name="pci.class" value="0x880" />
      <hint name="pci.device" value="0x3C80" />
      <hint name="pci.subdevice" value="0x18A8" />
      <hint name="pci.subvendor" value="0x103C" />
      <hint name="pci.vendor" value="0x8086" />
     </hints>
    </node>
    <node id="generic:1" class="generic" handle="PCI:0000:1f:08.3" modalias="pci:v00008086d00003C83sv0000103Csd000018A8bc08sc80i00">
     <description>System peripheral</description>
     <product>Xeon E5/Core i7 QPI Link Reut 0</product>
     <vendor>Intel Corporation</vendor>
     <physid>7</physid>
     <subproduct>Hewlett-Packard Company</subproduct>
     <subvendor>Hewlett-Packard Company</subvendor>
     <businfo>pci@0000:1f:08.3</businfo>
     <version>07</version>
     <width units="bits">32</width>
     <clock units="Hz">33000000</clock>
     <configuration>
      <setting id="latency" value="0" />
     </configuration>
     <capabilities>
      <capability id="pciexpress" >PCI Express</capability>
      <capability id="cap_list" >PCI capabilities listing</capability>
     </capabilities>
     <hints>
      <hint name="pci.class" value="0x880" />
      <hint name="pci.device" value="0x3C83" />
      <hint name="pci.subdevice" value="0x18A8" />
      <hint name="pci.subvendor" value="0x103C" />
      <hint name="pci.vendor" value="0x8086" />
     </hints>
    </node>
    <node id="generic:2" class="generic" handle="PCI:0000:1f:08.4" modalias="pci:v00008086d00003C84sv0000103Csd000018A8bc08sc80i00">
     <description>System peripheral</description>
     <product>Xeon E5/Core i7 QPI Link Reut 0</product>
     <vendor>Intel Corporation</vendor>
     <physid>8</physid>
     <subproduct>Hewlett-Packard Company</subproduct>
     <subvendor>Hewlett-Packard Company</subvendor>
     <businfo>pci@0000:1f:08.4</businfo>
     <version>07</version>
     <width units="bits">32</width>
     <clock units="Hz">33000000</clock>
     <configuration>
      <setting id="latency" value="0" />
     </configuration>
     <capabilities>
      <capability id="pciexpress" >PCI Express</capability>
      <capability id="cap_list" >PCI capabilities listing</capability>
     </capabilities>
     <hints>
      <hint name="pci.class" value="0x880" />
      <hint name="pci.device" value="0x3C84" />
      <hint name="pci.subdevice" value="0x18A8" />
      <hint name="pci.subvendor" value="0x103C" />
      <hint name="pci.vendor" value="0x8086" />
     </hints>
    </node>
    <node id="generic:3" class="generic" handle="PCI:0000:1f:09.0" modalias="pci:v00008086d00003C90sv0000103Csd000018A8bc08sc80i00">
     <description>System peripheral</description>
     <product>Xeon E5/Core i7 QPI Link 1</product>
     <vendor>Intel Corporation</vendor>
     <physid>9</physid>
     <subproduct>Hewlett-Packard Company</subproduct>
     <subvendor>Hewlett-Packard Company</subvendor>
     <businfo>pci@0000:1f:09.0</businfo>
     <version>07</version>
     <width units="bits">32</width>
     <clock units="Hz">33000000</clock>
     <configuration>
      <setting id="latency" value="0" />
     </configuration>
     <hints>
      <hint name="pci.class" value="0x880" />
      <hint name="pci.device" value="0x3C90" />
      <hint name="pci.subdevice" value="0x18A8" />
      <hint name="pci.subvendor" value="0x103C" />
      <hint name="pci.vendor" value="0x8086" />
     </hints>
    </node>
    <node id="generic:4" class="generic" handle="PCI:0000:1f:09.3" modalias="pci:v00008086d00003C93sv0000103Csd000018A8bc08sc80i00">
     <description>System peripheral</description>
     <product>Xeon E5/Core i7 QPI Link Reut 1</product>
     <vendor>Intel Corporation</vendor>
     <physid>a</physid>
     <subproduct>Hewlett-Packard Company</subproduct>
     <subvendor>Hewlett-Packard Company</subvendor>
     <businfo>pci@0000:1f:09.3</businfo>
     <version>07</version>
     <width units="bits">32</width>
     <clock units="Hz">33000000</clock>
     <configuration>
      <setting id="latency" value="0" />
     </configuration>
     <capabilities>
      <capability id="pciexpress" >PCI Express</capability>
      <capability id="cap_list" >PCI capabilities listing</capability>
     </capabilities>
     <hints>
      <hint name="pci.class" value="0x880" />
      <hint name="pci.device" value="0x3C93" />
      <hint name="pci.subdevice" value="0x18A8" />
      <hint name="pci.subvendor" value="0x103C" />
      <hint name="pci.vendor" value="0x8086" />
     </hints>
    </node>
    <node id="generic:5" class="generic" handle="PCI:0000:1f:09.4" modalias="pci:v00008086d00003C94sv0000103Csd000018A8bc08sc80i00">
     <description>System peripheral</description>
     <product>Xeon E5/Core i7 QPI Link Reut 1</product>
     <vendor>Intel Corporation</vendor>
     <physid>b</physid>
     <subproduct>Hewlett-Packard Company</subproduct>
     <subvendor>Hewlett-Packard Company</subvendor>
     <businfo>pci@0000:1f:09.4</businfo>
     <version>07</version>
     <width units="bits">32</width>
     <clock units="Hz">33000000</clock>
     <configuration>
      <setting id="latency" value="0" />
     </configuration>
     <capabilities>
      <capability id="pciexpress" >PCI Express</capability>
      <capability id="cap_list" >PCI capabilities listing</capability>
     </capabilities>
     <hints>
      <hint name="pci.class" value="0x880" />
      <hint name="pci.device" value="0x3C94" />
      <hint name="pci.subdevice" value="0x18A8" />
      <hint name="pci.subvendor" value="0x103C" />
      <hint name="pci.vendor" value="0x8086" />
     </hints>
    </node>
    <node id="generic:6" class="generic" handle="PCI:0000:1f:0a.0" modalias="pci:v00008086d00003CC0sv0000103Csd000018A8bc08sc80i00">
     <description>System peripheral</description>
     <product>Xeon E5/Core i7 Power Control Unit 0</product>
     <vendor>Intel Corporation</vendor>
     <physid>c</physid>
     <subproduct>Hewlett-Packard Company</subproduct>
     <subvendor>Hewlett-Packard Company</subvendor>
     <businfo>pci@0000:1f:0a.0</businfo>
     <version>07</version>
     <width units="bits">32</width>
     <clock units="Hz">33000000</clock>
     <configuration>
      <setting id="latency" value="0" />
     </configuration>
     <hints>
      <hint name="pci.class" value="0x880" />
      <hint name="pci.device" value="0x3CC0" />
      <hint name="pci.subdevice" value="0x18A8" />
      <hint name="pci.subvendor" value="0x103C" />
      <hint name="pci.vendor" value="0x8086" />
     </hints>
    </node>
    <node id="generic:7" class="generic" handle="PCI:0000:1f:0a.1" modalias="pci:v00008086d00003CC1sv0000103Csd000018A8bc08sc80i00">
     <description>System peripheral</description>
     <product>Xeon E5/Core i7 Power Control Unit 1</product>
     <vendor>Intel Corporation</vendor>
     <physid>d</physid>
     <subproduct>Hewlett-Packard Company</subproduct>
     <subvendor>Hewlett-Packard Company</subvendor>
     <businfo>pci@0000:1f:0a.1</businfo>
     <version>07</version>
     <width units="bits">32</width>
     <clock units="Hz">33000000</clock>
     <configuration>
      <setting id="latency" value="0" />
     </configuration>
     <hints>
      <hint name="pci.class" value="0x880" />
      <hint name="pci.device" value="0x3CC1" />
      <hint name="pci.subdevice" value="0x18A8" />
      <hint name="pci.subvendor" value="0x103C" />
      <hint name="pci.vendor" value="0x8086" />
     </hints>
    </node>
    <node id="generic:8" class="generic" handle="PCI:0000:1f:0a.2" modalias="pci:v00008086d00003CC2sv0000103Csd000018A8bc08sc80i00">
     <description>System peripheral</description>
     <product>Xeon E5/Core i7 Power Control Unit 2</product>
     <vendor>Intel Corporation</vendor>
     <physid>e</physid>
     <subproduct>Hewlett-Packard Company</subproduct>
     <subvendor>Hewlett-Packard Company</subvendor>
     <businfo>pci@0000:1f:0a.2</businfo>
     <version>07</version>
     <width units="bits">32</width>
     <clock units="Hz">33000000</clock>
     <configuration>
      <setting id="latency" value="0" />
     </configuration>
     <hints>
      <hint name="pci.class" value="0x880" />
      <hint name="pci.device" value="0x3CC2" />
      <hint name="pci.subdevice" value="0x18A8" />
      <hint name="pci.subvendor" value="0x103C" />
      <hint name="pci.vendor" value="0x8086" />
     </hints>
    </node>
    <node id="generic:9" class="generic" handle="PCI:0000:1f:0a.3" modalias="pci:v00008086d00003CD0sv0000103Csd000018A8bc08sc80i00">
     <description>System peripheral</description>
     <product>Xeon E5/Core i7 Power Control Unit 3</product>
     <vendor>Intel Corporation</vendor>
     <physid>f</physid>
     <subproduct>Hewlett-Packard Company</subproduct>
     <subvendor>Hewlett-Packard Company</subvendor>
     <businfo>pci@0000:1f:0a.3</businfo>
     <version>07</version>
     <width units="bits">32</width>
     <clock units="Hz">33000000</clock>
     <configuration>
      <setting id="latency" value="0" />
     </configuration>
     <hints>
      <hint name="pci.class" value="0x880" />
      <hint name="pci.device" value="0x3CD0" />
      <hint name="pci.subdevice" value="0x18A8" />
      <hint name="pci.subvendor" value="0x103C" />
      <hint name="pci.vendor" value="0x8086" />
     </hints>
    </node>
    <node id="generic:10" class="generic" handle="PCI:0000:1f:0b.0" modalias="pci:v00008086d00003CE0sv0000103Csd000018A8bc08sc80i00">
     <description>System peripheral</description>
     <product>Xeon E5/Core i7 Interrupt Control Registers</product>
     <vendor>Intel Corporation</vendor>
     <physid>10</physid>
     <subproduct>Hewlett-Packard Company</subproduct>
     <subvendor>Hewlett-Packard Company</subvendor>
     <businfo>pci@0000:1f:0b.0</businfo>
     <version>07</version>
     <width units="bits">32</width>
     <clock units="Hz">33000000</clock>
     <configuration>
      <setting id="latency" value="0" />
     </configuration>
     <hints>
      <hint name="pci.class" value="0x880" />
      <hint name="pci.device" value="0x3CE0" />
      <hint name="pci.subdevice" value="0x18A8" />
      <hint name="pci.subvendor" value="0x103C" />
      <hint name="pci.vendor" value="0x8086" />
     </hints>
    </node>
    <node id="generic:11" class="generic" handle="PCI:0000:1f:0b.3" modalias="pci:v00008086d00003CE3sv0000103Csd000018A8bc08sc80i00">
     <description>System peripheral</description>
     <product>Xeon E5/Core i7 Semaphore and Scratchpad Configuration Registers</product>
     <vendor>Intel Corporation</vendor>
     <physid>11</physid>
     <subproduct>Hewlett-Packard Company</subproduct>
     <subvendor>Hewlett-Packard Company</subvendor>
     <businfo>pci@0000:1f:0b.3</businfo>
     <version>07</version>
     <width units="bits">32</width>
     <clock units="Hz">33000000</clock>
     <configuration>
      <setting id="latency" value="0" />
     </configuration>
     <hints>
      <hint name="pci.class" value="0x880" />
      <hint name="pci.device" value="0x3CE3" />
      <hint name="pci.subdevice" value="0x18A8" />
      <hint name="pci.subvendor" value="0x103C" />
      <hint name="pci.vendor" value="0x8086" />
     </hints>
    </node>
    <node id="generic:12" class="generic" handle="PCI:0000:1f:0c.0" modalias="pci:v00008086d00003CE8sv0000103Csd000018A8bc08sc80i00">
     <description>System peripheral</description>
     <product>Xeon E5/Core i7 Unicast Register 0</product>
     <vendor>Intel Corporation</vendor>
     <physid>12</physid>
     <subproduct>Hewlett-Packard Company</subproduct>
     <subvendor>Hewlett-Packard Company</subvendor>
     <businfo>pci@0000:1f:0c.0</businfo>
     <version>07</version>
     <width units="bits">32</width>
     <clock units="Hz">33000000</clock>
     <configuration>
      <setting id="latency" value="0" />
     </configuration>
     <hints>
      <hint name="pci.class" value="0x880" />
      <hint name="pci.device" value="0x3CE8" />
      <hint name="pci.subdevice" value="0x18A8" />
      <hint name="pci.subvendor" value="0x103C" />
      <hint name="pci.vendor" value="0x8086" />
     </hints>
    </node>
    <node id="generic:13" class="generic" handle="PCI:0000:1f:0c.1" modalias="pci:v00008086d00003CE8sv0000103Csd000018A8bc08sc80i00">
     <description>System peripheral</description>
     <product>Xeon E5/Core i7 Unicast Register 0</product>
     <vendor>Intel Corporation</vendor>
     <physid>13</physid>
     <subproduct>Hewlett-Packard Company</subproduct>
     <subvendor>Hewlett-Packard Company</subvendor>
     <businfo>pci@0000:1f:0c.1</businfo>
     <version>07</version>
     <width units="bits">32</width>
     <clock units="Hz">33000000</clock>
     <configuration>
      <setting id="latency" value="0" />
     </configuration>
     <hints>
      <hint name="pci.class" value="0x880" />
      <hint name="pci.device" value="0x3CE8" />
      <hint name="pci.subdevice" value="0x18A8" />
      <hint name="pci.subvendor" value="0x103C" />
      <hint name="pci.vendor" value="0x8086" />
     </hints>
    </node>
    <node id="generic:14" class="generic" handle="PCI:0000:1f:0c.2" modalias="pci:v00008086d00003CE8sv0000103Csd000018A8bc08sc80i00">
     <description>System peripheral</description>
     <product>Xeon E5/Core i7 Unicast Register 0</product>
     <vendor>Intel Corporation</vendor>
     <physid>14</physid>
     <subproduct>Hewlett-Packard Company</subproduct>
     <subvendor>Hewlett-Packard Company</subvendor>
     <businfo>pci@0000:1f:0c.2</businfo>
     <version>07</version>
     <width units="bits">32</width>
     <clock units="Hz">33000000</clock>
     <configuration>
      <setting id="latency" value="0" />
     </configuration>
     <hints>
      <hint name="pci.class" value="0x880" />
      <hint name="pci.device" value="0x3CE8" />
      <hint name="pci.subdevice" value="0x18A8" />
      <hint name="pci.subvendor" value="0x103C" />
      <hint name="pci.vendor" value="0x8086" />
     </hints>
    </node>
    <node id="generic:15" class="generic" handle="PCI:0000:1f:0c.6" modalias="pci:v00008086d00003CF4sv0000103Csd000018A8bc08sc80i00">
     <description>System peripheral</description>
     <product>Xeon E5/Core i7 Integrated Memory Controller System Address Decoder 0</product>
     <vendor>Intel Corporation</vendor>
     <physid>15</physid>
     <subproduct>Hewlett-Packard Company</subproduct>
     <subvendor>Hewlett-Packard Company</subvendor>
     <businfo>pci@0000:1f:0c.6</businfo>
     <version>07</version>
     <width units="bits">32</width>
     <clock units="Hz">33000000</clock>
     <configuration>
      <setting id="latency" value="0" />
     </configuration>
     <hints>
      <hint name="pci.class" value="0x880" />
      <hint name="pci.device" value="0x3CF4" />
      <hint name="pci.subdevice" value="0x18A8" />
      <hint name="pci.subvendor" value="0x103C" />
      <hint name="pci.vendor" value="0x8086" />
     </hints>
    </node>
    <node id="generic:16" class="generic" handle="PCI:0000:1f:0c.7" modalias="pci:v00008086d00003CF6sv0000103Csd000018A8bc08sc80i00">
     <description>System peripheral</description>
     <product>Xeon E5/Core i7 System Address Decoder</product>
     <vendor>Intel Corporation</vendor>
     <physid>16</physid>
     <subproduct>Hewlett-Packard Company</subproduct>
     <subvendor>Hewlett-Packard Company</subvendor>
     <businfo>pci@0000:1f:0c.7</businfo>
     <version>07</version>
     <width units="bits">32</width>
     <clock units="Hz">33000000</clock>
     <configuration>
      <setting id="latency" value="0" />
     </configuration>
     <hints>
      <hint name="pci.class" value="0x880" />
      <hint name="pci.device" value="0x3CF6" />
      <hint name="pci.subdevice" value="0x18A8" />
      <hint name="pci.subvendor" value="0x103C" />
      <hint name="pci.vendor" value="0x8086" />
     </hints>
    </node>
    <node id="generic:17" class="generic" handle="PCI:0000:1f:0d.0" modalias="pci:v00008086d00003CE8sv0000103Csd000018A8bc08sc80i00">
     <description>System peripheral</description>
     <product>Xeon E5/Core i7 Unicast Register 0</product>
     <vendor>Intel Corporation</vendor>
     <physid>17</physid>
     <subproduct>Hewlett-Packard Company</subproduct>
     <subvendor>Hewlett-Packard Company</subvendor>
     <businfo>pci@0000:1f:0d.0</businfo>
     <version>07</version>
     <width units="bits">32</width>
     <clock units="Hz">33000000</clock>
     <configuration>
      <setting id="latency" value="0" />
     </configuration>
     <hints>
      <hint name="pci.class" value="0x880" />
      <hint name="pci.device" value="0x3CE8" />
      <hint name="pci.subdevice" value="0x18A8" />
      <hint name="pci.subvendor" value="0x103C" />
      <hint name="pci.vendor" value="0x8086" />
     </hints>
    </node>
    <node id="generic:18" class="generic" handle="PCI:0000:1f:0d.1" modalias="pci:v00008086d00003CE8sv0000103Csd000018A8bc08sc80i00">
     <description>System peripheral</description>
     <product>Xeon E5/Core i7 Unicast Register 0</product>
     <vendor>Intel Corporation</vendor>
     <physid>18</physid>
     <subproduct>Hewlett-Packard Company</subproduct>
     <subvendor>Hewlett-Packard Company</subvendor>
     <businfo>pci@0000:1f:0d.1</businfo>
     <version>07</version>
     <width units="bits">32</width>
     <clock units="Hz">33000000</clock>
     <configuration>
      <setting id="latency" value="0" />
     </configuration>
     <hints>
      <hint name="pci.class" value="0x880" />
      <hint name="pci.device" value="0x3CE8" />
      <hint name="pci.subdevice" value="0x18A8" />
      <hint name="pci.subvendor" value="0x103C" />
      <hint name="pci.vendor" value="0x8086" />
     </hints>
    </node>
    <node id="generic:19" class="generic" handle="PCI:0000:1f:0d.2" modalias="pci:v00008086d00003CE8sv0000103Csd000018A8bc08sc80i00">
     <description>System peripheral</description>
     <product>Xeon E5/Core i7 Unicast Register 0</product>
     <vendor>Intel Corporation</vendor>
     <physid>19</physid>
     <subproduct>Hewlett-Packard Company</subproduct>
     <subvendor>Hewlett-Packard Company</subvendor>
     <businfo>pci@0000:1f:0d.2</businfo>
     <version>07</version>
     <width units="bits">32</width>
     <clock units="Hz">33000000</clock>
     <configuration>
      <setting id="latency" value="0" />
     </configuration>
     <hints>
      <hint name="pci.class" value="0x880" />
      <hint name="pci.device" value="0x3CE8" />
      <hint name="pci.subdevice" value="0x18A8" />
      <hint name="pci.subvendor" value="0x103C" />
      <hint name="pci.vendor" value="0x8086" />
     </hints>
    </node>
    <node id="generic:20" class="generic" handle="PCI:0000:1f:0d.6" modalias="pci:v00008086d00003CF5sv0000103Csd000018A8bc08sc80i00">
     <description>System peripheral</description>
     <product>Xeon E5/Core i7 Integrated Memory Controller System Address Decoder 1</product>
     <vendor>Intel Corporation</vendor>
     <physid>1a</physid>
     <subproduct>Hewlett-Packard Company</subproduct>
     <subvendor>Hewlett-Packard Company</subvendor>
     <businfo>pci@0000:1f:0d.6</businfo>
     <version>07</version>
     <width units="bits">32</width>
     <clock units="Hz">33000000</clock>
     <configuration>
      <setting id="latency" value="0" />
     </configuration>
     <hints>
      <hint name="pci.class" value="0x880" />
      <hint name="pci.device" value="0x3CF5" />
      <hint name="pci.subdevice" value="0x18A8" />
      <hint name="pci.subvendor" value="0x103C" />
      <hint name="pci.vendor" value="0x8086" />
     </hints>
    </node>
    <node id="generic:21" class="generic" handle="PCI:0000:1f:0e.0" modalias="pci:v00008086d00003CA0sv0000103Csd000018A8bc08sc80i00">
     <description>System peripheral</description>
     <product>Xeon E5/Core i7 Processor Home Agent</product>
     <vendor>Intel Corporation</vendor>
     <physid>1b</physid>
     <subproduct>Hewlett-Packard Company</subproduct>
     <subvendor>Hewlett-Packard Company</subvendor>
     <businfo>pci@0000:1f:0e.0</businfo>
     <version>07</version>
     <width units="bits">32</width>
     <clock units="Hz">33000000</clock>
     <configuration>
      <setting id="latency" value="0" />
     </configuration>
     <hints>
      <hint name="pci.class" value="0x880" />
      <hint name="pci.device" value="0x3CA0" />
      <hint name="pci.subdevice" value="0x18A8" />
      <hint name="pci.subvendor" value="0x103C" />
      <hint name="pci.vendor" value="0x8086" />
     </hints>
    </node>
    <node id="generic:22" claimed="true" class="generic" handle="PCI:0000:1f:0e.1" modalias="pci:v00008086d00003C46sv0000103Csd000018A8bc11sc01i00">
     <description>Performance counters</description>
     <product>Xeon E5/Core i7 Processor Home Agent Performance Monitoring</product>
     <vendor>Intel Corporation</vendor>
     <physid>1c</physid>
     <subproduct>Hewlett-Packard Company</subproduct>
     <subvendor>Hewlett-Packard Company</subvendor>
     <businfo>pci@0000:1f:0e.1</businfo>
     <version>07</version>
     <width units="bits">32</width>
     <clock units="Hz">33000000</clock>
     <configuration>
      <setting id="driver" value="snbep_uncore" />
      <setting id="latency" value="0" />
     </configuration>
     <resources>
      <resource type="irq" value="0" />
     </resources>
     <hints>
      <hint name="pci.class" value="0x1101" />
      <hint name="pci.device" value="0x3C46" />
      <hint name="pci.subdevice" value="0x18A8" />
      <hint name="pci.subvendor" value="0x103C" />
      <hint name="pci.vendor" value="0x8086" />
     </hints>
    </node>
    <node id="generic:23" class="generic" handle="PCI:0000:1f:0f.0" modalias="pci:v00008086d00003CA8sv0000103Csd000018A8bc08sc80i00">
     <description>System peripheral</description>
     <product>Xeon E5/Core i7 Integrated Memory Controller Registers</product>
     <vendor>Intel Corporation</vendor>
     <physid>1d</physid>
     <subproduct>Hewlett-Packard Company</subproduct>
     <subvendor>Hewlett-Packard Company</subvendor>
     <businfo>pci@0000:1f:0f.0</businfo>
     <version>07</version>
     <width units="bits">32</width>
     <clock units="Hz">33000000</clock>
     <configuration>
      <setting id="latency" value="0" />
     </configuration>
     <capabilities>
      <capability id="pciexpress" >PCI Express</capability>
      <capability id="cap_list" >PCI capabilities listing</capability>
     </capabilities>
     <hints>
      <hint name="pci.class" value="0x880" />
      <hint name="pci.device" value="0x3CA8" />
      <hint name="pci.subdevice" value="0x18A8" />
      <hint name="pci.subvendor" value="0x103C" />
      <hint name="pci.vendor" value="0x8086" />
     </hints>
    </node>
    <node id="generic:24" class="generic" handle="PCI:0000:1f:0f.1" modalias="pci:v00008086d00003C71sv0000103Csd000018A8bc08sc80i00">
     <description>System peripheral</description>
     <product>Xeon E5/Core i7 Integrated Memory Controller RAS Registers</product>
     <vendor>Intel Corporation</vendor>
     <physid>1e</physid>
     <subproduct>Hewlett-Packard Company</subproduct>
     <subvendor>Hewlett-Packard Company</subvendor>
     <businfo>pci@0000:1f:0f.1</businfo>
     <version>07</version>
     <width units="bits">32</width>
     <clock units="Hz">33000000</clock>
     <configuration>
      <setting id="latency" value="0" />
     </configuration>
     <capabilities>
      <capability id="pciexpress" >PCI Express</capability>
      <capability id="cap_list" >PCI capabilities listing</capability>
     </capabilities>
     <hints>
      <hint name="pci.class" value="0x880" />
      <hint name="pci.device" value="0x3C71" />
      <hint name="pci.subdevice" value="0x18A8" />
      <hint name="pci.subvendor" value="0x103C" />
      <hint name="pci.vendor" value="0x8086" />
     </hints>
    </node>
    <node id="generic:25" class="generic" handle="PCI:0000:1f:0f.2" modalias="pci:v00008086d00003CAAsv0000103Csd000018A8bc08sc80i00">
     <description>System peripheral</description>
     <product>Xeon E5/Core i7 Integrated Memory Controller Target Address Decoder 0</product>
     <vendor>Intel Corporation</vendor>
     <physid>1f</physid>
     <subproduct>Hewlett-Packard Company</subproduct>
     <subvendor>Hewlett-Packard Company</subvendor>
     <businfo>pci@0000:1f:0f.2</businfo>
     <version>07</version>
     <width units="bits">32</width>
     <clock units="Hz">33000000</clock>
     <configuration>
      <setting id="latency" value="0" />
     </configuration>
     <capabilities>
      <capability id="pciexpress" >PCI Express</capability>
      <capability id="cap_list" >PCI capabilities listing</capability>
     </capabilities>
     <hints>
      <hint name="pci.class" value="0x880" />
      <hint name="pci.device" value="0x3CAA" />
      <hint name="pci.subdevice" value="0x18A8" />
      <hint name="pci.subvendor" value="0x103C" />
      <hint name="pci.vendor" value="0x8086" />
     </hints>
    </node>
    <node id="generic:26" class="generic" handle="PCI:0000:1f:0f.3" modalias="pci:v00008086d00003CABsv0000103Csd000018A8bc08sc80i00">
     <description>System peripheral</description>
     <product>Xeon E5/Core i7 Integrated Memory Controller Target Address Decoder 1</product>
     <vendor>Intel Corporation</vendor>
     <physid>20</physid>
     <subproduct>Hewlett-Packard Company</subproduct>
     <subvendor>Hewlett-Packard Company</subvendor>
     <businfo>pci@0000:1f:0f.3</businfo>
     <version>07</version>
     <width units="bits">32</width>
     <clock units="Hz">33000000</clock>
     <configuration>
      <setting id="latency" value="0" />
     </configuration>
     <capabilities>
      <capability id="pciexpress" >PCI Express</capability>
      <capability id="cap_list" >PCI capabilities listing</capability>
     </capabilities>
     <hints>
      <hint name="pci.class" value="0x880" />
      <hint name="pci.device" value="0x3CAB" />
      <hint name="pci.subdevice" value="0x18A8" />
      <hint name="pci.subvendor" value="0x103C" />
      <hint name="pci.vendor" value="0x8086" />
     </hints>
    </node>
    <node id="generic:27" class="generic" handle="PCI:0000:1f:0f.4" modalias="pci:v00008086d00003CACsv0000103Csd000018A8bc08sc80i00">
     <description>System peripheral</description>
     <product>Xeon E5/Core i7 Integrated Memory Controller Target Address Decoder 2</product>
     <vendor>Intel Corporation</vendor>
     <physid>21</physid>
     <subproduct>Hewlett-Packard Company</subproduct>
     <subvendor>Hewlett-Packard Company</subvendor>
     <businfo>pci@0000:1f:0f.4</businfo>
     <version>07</version>
     <width units="bits">32</width>
     <clock units="Hz">33000000</clock>
     <configuration>
      <setting id="latency" value="0" />
     </configuration>
     <capabilities>
      <capability id="pciexpress" >PCI Express</capability>
      <capability id="cap_list" >PCI capabilities listing</capability>
     </capabilities>
     <hints>
      <hint name="pci.class" value="0x880" />
      <hint name="pci.device" value="0x3CAC" />
      <hint name="pci.subdevice" value="0x18A8" />
      <hint name="pci.subvendor" value="0x103C" />
      <hint name="pci.vendor" value="0x8086" />
     </hints>
    </node>
    <node id="generic:28" class="generic" handle="PCI:0000:1f:0f.5" modalias="pci:v00008086d00003CADsv0000103Csd000018A8bc08sc80i00">
     <description>System peripheral</description>
     <product>Xeon E5/Core i7 Integrated Memory Controller Target Address Decoder 3</product>
     <vendor>Intel Corporation</vendor>
     <physid>22</physid>
     <subproduct>Hewlett-Packard Company</subproduct>
     <subvendor>Hewlett-Packard Company</subvendor>
     <businfo>pci@0000:1f:0f.5</businfo>
     <version>07</version>
     <width units="bits">32</width>
     <clock units="Hz">33000000</clock>
     <configuration>
      <setting id="latency" value="0" />
     </configuration>
     <capabilities>
      <capability id="pciexpress" >PCI Express</capability>
      <capability id="cap_list" >PCI capabilities listing</capability>
     </capabilities>
     <hints>
      <hint name="pci.class" value="0x880" />
      <hint name="pci.device" value="0x3CAD" />
      <hint name="pci.subdevice" value="0x18A8" />
      <hint name="pci.subvendor" value="0x103C" />
      <hint name="pci.vendor" value="0x8086" />
     </hints>
    </node>
    <node id="generic:29" class="generic" handle="PCI:0000:1f:0f.6" modalias="pci:v00008086d00003CAEsv0000103Csd000018A8bc08sc80i00">
     <description>System peripheral</description>
     <product>Xeon E5/Core i7 Integrated Memory Controller Target Address Decoder 4</product>
     <vendor>Intel Corporation</vendor>
     <physid>23</physid>
     <subproduct>Hewlett-Packard Company</subproduct>
     <subvendor>Hewlett-Packard Company</subvendor>
     <businfo>pci@0000:1f:0f.6</businfo>
     <version>07</version>
     <width units="bits">32</width>
     <clock units="Hz">33000000</clock>
     <configuration>
      <setting id="latency" value="0" />
     </configuration>
     <capabilities>
      <capability id="pciexpress" >PCI Express</capability>
     </capabilities>
     <hints>
      <hint name="pci.class" value="0x880" />
      <hint name="pci.device" value="0x3CAE" />
      <hint name="pci.subdevice" value="0x18A8" />
      <hint name="pci.subvendor" value="0x103C" />
      <hint name="pci.vendor" value="0x8086" />
     </hints>
    </node>
    <node id="generic:30" claimed="true" class="generic" handle="PCI:0000:1f:10.0" modalias="pci:v00008086d00003CB0sv0000103Csd000018A8bc08sc80i00">
     <description>System peripheral</description>
     <product>Xeon E5/Core i7 Integrated Memory Controller Channel 0-3 Thermal Control 0</product>
     <vendor>Intel Corporation</vendor>
     <physid>24</physid>
     <subproduct>Hewlett-Packard Company</subproduct>
     <subvendor>Hewlett-Packard Company</subvendor>
     <businfo>pci@0000:1f:10.0</businfo>
     <version>07</version>
     <width units="bits">32</width>
     <clock units="Hz">33000000</clock>
     <configuration>
      <setting id="driver" value="snbep_uncore" />
      <setting id="latency" value="0" />
     </configuration>
     <capabilities>
      <capability id="pciexpress" >PCI Express</capability>
      <capability id="cap_list" >PCI capabilities listing</capability>
     </capabilities>
     <resources>
      <resource type="irq" value="0" />
     </resources>
     <hints>
      <hint name="pci.class" value="0x880" />
      <hint name="pci.device" value="0x3CB0" />
      <hint name="pci.subdevice" value="0x18A8" />
      <hint name="pci.subvendor" value="0x103C" />
      <hint name="pci.vendor" value="0x8086" />
     </hints>
    </node>
    <node id="generic:31" claimed="true" class="generic" handle="PCI:0000:1f:10.1" modalias="pci:v00008086d00003CB1sv0000103Csd000018A8bc08sc80i00">
     <description>System peripheral</description>
     <product>Xeon E5/Core i7 Integrated Memory Controller Channel 0-3 Thermal Control 1</product>
     <vendor>Intel Corporation</vendor>
     <physid>25</physid>
     <subproduct>Hewlett-Packard Company</subproduct>
     <subvendor>Hewlett-Packard Company</subvendor>
     <businfo>pci@0000:1f:10.1</businfo>
     <version>07</version>
     <width units="bits">32</width>
     <clock units="Hz">33000000</clock>
     <configuration>
      <setting id="driver" value="snbep_uncore" />
      <setting id="latency" value="0" />
     </configuration>
     <capabilities>
      <capability id="pciexpress" >PCI Express</capability>
      <capability id="cap_list" >PCI capabilities listing</capability>
     </capabilities>
     <resources>
      <resource type="irq" value="0" />
     </resources>
     <hints>
      <hint name="pci.class" value="0x880" />
      <hint name="pci.device" value="0x3CB1" />
      <hint name="pci.subdevice" value="0x18A8" />
      <hint name="pci.subvendor" value="0x103C" />
      <hint name="pci.vendor" value="0x8086" />
     </hints>
    </node>
    <node id="generic:32" class="generic" handle="PCI:0000:1f:10.2" modalias="pci:v00008086d00003CB2sv0000103Csd000018A8bc08sc80i00">
     <description>System peripheral</description>
     <product>Xeon E5/Core i7 Integrated Memory Controller ERROR Registers 0</product>
     <vendor>Intel Corporation</vendor>
     <physid>26</physid>
     <subproduct>Hewlett-Packard Company</subproduct>
     <subvendor>Hewlett-Packard Company</subvendor>
     <businfo>pci@0000:1f:10.2</businfo>
     <version>07</version>
     <width units="bits">32</width>
     <clock units="Hz">33000000</clock>
     <configuration>
      <setting id="latency" value="0" />
     </configuration>
     <capabilities>
      <capability id="pciexpress" >PCI Express</capability>
      <capability id="cap_list" >PCI capabilities listing</capability>
     </capabilities>
     <hints>
      <hint name="pci.class" value="0x880" />
      <hint name="pci.device" value="0x3CB2" />
      <hint name="pci.subdevice" value="0x18A8" />
      <hint name="pci.subvendor" value="0x103C" />
      <hint name="pci.vendor" value="0x8086" />
     </hints>
    </node>
    <node id="generic:33" class="generic" handle="PCI:0000:1f:10.3" modalias="pci:v00008086d00003CB3sv0000103Csd000018A8bc08sc80i00">
     <description>System peripheral</description>
     <product>Xeon E5/Core i7 Integrated Memory Controller ERROR Registers 1</product>
     <vendor>Intel Corporation</vendor>
     <physid>27</physid>
     <subproduct>Hewlett-Packard Company</subproduct>
     <subvendor>Hewlett-Packard Company</subvendor>
     <businfo>pci@0000:1f:10.3</businfo>
     <version>07</version>
     <width units="bits">32</width>
     <clock units="Hz">33000000</clock>
     <configuration>
      <setting id="latency" value="0" />
     </configuration>
     <capabilities>
      <capability id="pciexpress" >PCI Express</capability>
      <capability id="cap_list" >PCI capabilities listing</capability>
     </capabilities>
     <hints>
      <hint name="pci.class" value="0x880" />
      <hint name="pci.device" value="0x3CB3" />
      <hint name="pci.subdevice" value="0x18A8" />
      <hint name="pci.subvendor" value="0x103C" />
      <hint name="pci.vendor" value="0x8086" />
     </hints>
    </node>
    <node id="generic:34" claimed="true" class="generic" handle="PCI:0000:1f:10.4" modalias="pci:v00008086d00003CB4sv0000103Csd000018A8bc08sc80i00">
     <description>System peripheral</description>
     <product>Xeon E5/Core i7 Integrated Memory Controller Channel 0-3 Thermal Control 2</product>
     <vendor>Intel Corporation</vendor>
     <physid>28</physid>
     <subproduct>Hewlett-Packard Company</subproduct>
     <subvendor>Hewlett-Packard Company</subvendor>
     <businfo>pci@0000:1f:10.4</businfo>
     <version>07</version>
     <width units="bits">32</width>
     <clock units="Hz">33000000</clock>
     <configuration>
      <setting id="driver" value="snbep_uncore" />
      <setting id="latency" value="0" />
     </configuration>
     <capabilities>
      <capability id="pciexpress" >PCI Express</capability>
      <capability id="cap_list" >PCI capabilities listing</capability>
     </capabilities>
     <resources>
      <resource type="irq" value="0" />
     </resources>
     <hints>
      <hint name="pci.class" value="0x880" />
      <hint name="pci.device" value="0x3CB4" />
      <hint name="pci.subdevice" value="0x18A8" />
      <hint name="pci.subvendor" value="0x103C" />
      <hint name="pci.vendor" value="0x8086" />
     </hints>
    </node>
    <node id="generic:35" claimed="true" class="generic" handle="PCI:0000:1f:10.5" modalias="pci:v00008086d00003CB5sv0000103Csd000018A8bc08sc80i00">
     <description>System peripheral</description>
     <product>Xeon E5/Core i7 Integrated Memory Controller Channel 0-3 Thermal Control 3</product>
     <vendor>Intel Corporation</vendor>
     <physid>29</physid>
     <subproduct>Hewlett-Packard Company</subproduct>
     <subvendor>Hewlett-Packard Company</subvendor>
     <businfo>pci@0000:1f:10.5</businfo>
     <version>07</version>
     <width units="bits">32</width>
     <clock units="Hz">33000000</clock>
     <configuration>
      <setting id="driver" value="snbep_uncore" />
      <setting id="latency" value="0" />
     </configuration>
     <capabilities>
      <capability id="pciexpress" >PCI Express</capability>
      <capability id="cap_list" >PCI capabilities listing</capability>
     </capabilities>
     <resources>
      <resource type="irq" value="0" />
     </resources>
     <hints>
      <hint name="pci.class" value="0x880" />
      <hint name="pci.device" value="0x3CB5" />
      <hint name="pci.subdevice" value="0x18A8" />
      <hint name="pci.subvendor" value="0x103C" />
      <hint name="pci.vendor" value="0x8086" />
     </hints>
    </node>
    <node id="generic:36" class="generic" handle="PCI:0000:1f:10.6" modalias="pci:v00008086d00003CB6sv0000103Csd000018A8bc08sc80i00">
     <description>System peripheral</description>
     <product>Xeon E5/Core i7 Integrated Memory Controller ERROR Registers 2</product>
     <vendor>Intel Corporation</vendor>
     <physid>2a</physid>
     <subproduct>Hewlett-Packard Company</subproduct>
     <subvendor>Hewlett-Packard Company</subvendor>
     <businfo>pci@0000:1f:10.6</businfo>
     <version>07</version>
     <width units="bits">32</width>
     <clock units="Hz">33000000</clock>
     <configuration>
      <setting id="latency" value="0" />
     </configuration>
     <capabilities>
      <capability id="pciexpress" >PCI Express</capability>
      <capability id="cap_list" >PCI capabilities listing</capability>
     </capabilities>
     <hints>
      <hint name="pci.class" value="0x880" />
      <hint name="pci.device" value="0x3CB6" />
      <hint name="pci.subdevice" value="0x18A8" />
      <hint name="pci.subvendor" value="0x103C" />
      <hint name="pci.vendor" value="0x8086" />
     </hints>
    </node>
    <node id="generic:37" class="generic" handle="PCI:0000:1f:10.7" modalias="pci:v00008086d00003CB7sv0000103Csd000018A8bc08sc80i00">
     <description>System peripheral</description>
     <product>Xeon E5/Core i7 Integrated Memory Controller ERROR Registers 3</product>
     <vendor>Intel Corporation</vendor>
     <physid>2b</physid>
     <subproduct>Hewlett-Packard Company</subproduct>
     <subvendor>Hewlett-Packard Company</subvendor>
     <businfo>pci@0000:1f:10.7</businfo>
     <version>07</version>
     <width units="bits">32</width>
     <clock units="Hz">33000000</clock>
     <configuration>
      <setting id="latency" value="0" />
     </configuration>
     <capabilities>
      <capability id="pciexpress" >PCI Express</capability>
      <capability id="cap_list" >PCI capabilities listing</capability>
     </capabilities>
     <hints>
      <hint name="pci.class" value="0x880" />
      <hint name="pci.device" value="0x3CB7" />
      <hint name="pci.subdevice" value="0x18A8" />
      <hint name="pci.subvendor" value="0x103C" />
      <hint name="pci.vendor" value="0x8086" />
     </hints>
    </node>
    <node id="generic:38" class="generic" handle="PCI:0000:1f:11.0" modalias="pci:v00008086d00003CB8sv0000103Csd000018A8bc08sc80i00">
     <description>System peripheral</description>
     <product>Xeon E5/Core i7 DDRIO</product>
     <vendor>Intel Corporation</vendor>
     <physid>2c</physid>
     <subproduct>Hewlett-Packard Company</subproduct>
     <subvendor>Hewlett-Packard Company</subvendor>
     <businfo>pci@0000:1f:11.0</businfo>
     <version>07</version>
     <width units="bits">32</width>
     <clock units="Hz">33000000</clock>
     <configuration>
      <setting id="latency" value="0" />
     </configuration>
     <capabilities>
      <capability id="pciexpress" >PCI Express</capability>
     </capabilities>
     <hints>
      <hint name="pci.class" value="0x880" />
      <hint name="pci.device" value="0x3CB8" />
      <hint name="pci.subdevice" value="0x18A8" />
      <hint name="pci.subvendor" value="0x103C" />
      <hint name="pci.vendor" value="0x8086" />
     </hints>
    </node>
    <node id="generic:39" class="generic" handle="PCI:0000:1f:13.0" modalias="pci:v00008086d00003CE4sv0000103Csd000018A8bc08sc80i00">
     <description>System peripheral</description>
     <product>Xeon E5/Core i7 R2PCIe</product>
     <vendor>Intel Corporation</vendor>
     <physid>2d</physid>
     <subproduct>Hewlett-Packard Company</subproduct>
     <subvendor>Hewlett-Packard Company</subvendor>
     <businfo>pci@0000:1f:13.0</businfo>
     <version>07</version>
     <width units="bits">32</width>
     <clock units="Hz">33000000</clock>
     <configuration>
      <setting id="latency" value="0" />
     </configuration>
     <hints>
      <hint name="pci.class" value="0x880" />
      <hint name="pci.device" value="0x3CE4" />
      <hint name="pci.subdevice" value="0x18A8" />
      <hint name="pci.subvendor" value="0x103C" />
      <hint name="pci.vendor" value="0x8086" />
     </hints>
    </node>
    <node id="generic:40" claimed="true" class="generic" handle="PCI:0000:1f:13.1" modalias="pci:v00008086d00003C43sv0000103Csd000018A8bc11sc01i00">
     <description>Performance counters</description>
     <product>Xeon E5/Core i7 Ring to PCI Express Performance Monitor</product>
     <vendor>Intel Corporation</vendor>
     <physid>2e</physid>
     <subproduct>Hewlett-Packard Company</subproduct>
     <subvendor>Hewlett-Packard Company</subvendor>
     <businfo>pci@0000:1f:13.1</businfo>
     <version>07</version>
     <width units="bits">32</width>
     <clock units="Hz">33000000</clock>
     <configuration>
      <setting id="driver" value="snbep_uncore" />
      <setting id="latency" value="0" />
     </configuration>
     <resources>
      <resource type="irq" value="0" />
     </resources>
     <hints>
      <hint name="pci.class" value="0x1101" />
      <hint name="pci.device" value="0x3C43" />
      <hint name="pci.subdevice" value="0x18A8" />
      <hint name="pci.subvendor" value="0x103C" />
      <hint name="pci.vendor" value="0x8086" />
     </hints>
    </node>
    <node id="generic:41" class="generic" handle="PCI:0000:1f:13.4" modalias="pci:v00008086d00003CE6sv0000103Csd000018A8bc11sc01i00">
     <description>Performance counters</description>
     <product>Xeon E5/Core i7 QuickPath Interconnect Agent Ring Registers</product>
     <vendor>Intel Corporation</vendor>
     <physid>2f</physid>
     <subproduct>Hewlett-Packard Company</subproduct>
     <subvendor>Hewlett-Packard Company</subvendor>
     <businfo>pci@0000:1f:13.4</businfo>
     <version>07</version>
     <width units="bits">32</width>
     <clock units="Hz">33000000</clock>
     <configuration>
      <setting id="latency" value="0" />
     </configuration>
     <hints>
      <hint name="pci.class" value="0x1101" />
      <hint name="pci.device" value="0x3CE6" />
      <hint name="pci.subdevice" value="0x18A8" />
      <hint name="pci.subvendor" value="0x103C" />
      <hint name="pci.vendor" value="0x8086" />
     </hints>
    </node>
    <node id="generic:42" claimed="true" class="generic" handle="PCI:0000:1f:13.5" modalias="pci:v00008086d00003C44sv0000103Csd000018A8bc11sc01i00">
     <description>Performance counters</description>
     <product>Xeon E5/Core i7 Ring to QuickPath Interconnect Link 0 Performance Monitor</product>
     <vendor>Intel Corporation</vendor>
     <physid>30</physid>
     <subproduct>Hewlett-Packard Company</subproduct>
     <subvendor>Hewlett-Packard Company</subvendor>
     <businfo>pci@0000:1f:13.5</businfo>
     <version>07</version>
     <width units="bits">32</width>
     <clock units="Hz">33000000</clock>
     <configuration>
      <setting id="driver" value="snbep_uncore" />
      <setting id="latency" value="0" />
     </configuration>
     <resources>
      <resource type="irq" value="0" />
     </resources>
     <hints>
      <hint name="pci.class" value="0x1101" />
      <hint name="pci.device" value="0x3C44" />
      <hint name="pci.subdevice" value="0x18A8" />
      <hint name="pci.subvendor" value="0x103C" />
      <hint name="pci.vendor" value="0x8086" />
     </hints>
    </node>
    <node id="generic:43" claimed="true" class="generic" handle="PCI:0000:1f:13.6" modalias="pci:v00008086d00003C45sv0000103Csd000018A8bc08sc80i00">
     <description>System peripheral</description>
     <product>Xeon E5/Core i7 Ring to QuickPath Interconnect Link 1 Performance Monitor</product>
     <vendor>Intel Corporation</vendor>
     <physid>31</physid>
     <subproduct>Hewlett-Packard Company</subproduct>
     <subvendor>Hewlett-Packard Company</subvendor>
     <businfo>pci@0000:1f:13.6</businfo>
     <version>07</version>
     <width units="bits">32</width>
     <clock units="Hz">33000000</clock>
     <configuration>
      <setting id="driver" value="snbep_uncore" />
      <setting id="latency" value="0" />
     </configuration>
     <resources>
      <resource type="irq" value="0" />
     </resources>
     <hints>
      <hint name="pci.class" value="0x880" />
      <hint name="pci.device" value="0x3C45" />
      <hint name="pci.subdevice" value="0x18A8" />
      <hint name="pci.subvendor" value="0x103C" />
      <hint name="pci.vendor" value="0x8086" />
     </hints>
    </node>
    <node id="pci:1" claimed="true" class="bridge" handle="PCIBUS:0000:2b" modalias="pci:v00008086d00003C01sv0000103Csd000018A8bc06sc04i00">
     <description>PCI bridge</description>
     <product>Xeon E5/Core i7 DMI2 in PCI Express Mode</product>
     <vendor>Intel Corporation</vendor>
     <physid>101</physid>
     <businfo>pci@0000:20:00.0</businfo>
     <version>07</version>
     <width units="bits">32</width>
     <clock units="Hz">33000000</clock>
     <configuration>
      <setting id="driver" value="pcieport" />
     </configuration>
     <capabilities>
      <capability id="pci" />
      <capability id="msi" >Message Signalled Interrupts</capability>
      <capability id="pciexpress" >PCI Express</capability>
      <capability id="pm" >Power Management</capability>
      <capability id="normal_decode" />
      <capability id="bus_master" >bus mastering</capability>
      <capability id="cap_list" >PCI capabilities listing</capability>
     </capabilities>
     <resources>
      <resource type="irq" value="32" />
     </resources>
     <hints>
      <hint name="pci.class" value="0x604" />
      <hint name="pci.device" value="0x3C01" />
      <hint name="pci.vendor" value="0x8086" />
     </hints>
    </node>
    <node id="pci:2" claimed="true" class="bridge" handle="PCIBUS:0000:21" modalias="pci:v00008086d00003C02sv0000103Csd000018A8bc06sc04i00">
     <description>PCI bridge</description>
     <product>Xeon E5/Core i7 IIO PCI Express Root Port 1a</product>
     <vendor>Intel Corporation</vendor>
     <physid>1</physid>
     <businfo>pci@0000:20:01.0</businfo>
     <version>07</version>
     <width units="bits">32</width>
     <clock units="Hz">33000000</clock>
     <configuration>
      <setting id="driver" value="pcieport" />
     </configuration>
     <capabilities>
      <capability id="pci" />
      <capability id="msi" >Message Signalled Interrupts</capability>
      <capability id="pciexpress" >PCI Express</capability>
      <capability id="pm" >Power Management</capability>
      <capability id="normal_decode" />
      <capability id="bus_master" >bus mastering</capability>
      <capability id="cap_list" >PCI capabilities listing</capability>
     </capabilities>
     <resources>
      <resource type="irq" value="33" />
     </resources>
     <hints>
      <hint name="pci.class" value="0x604" />
      <hint name="pci.device" value="0x3C02" />
      <hint name="pci.vendor" value="0x8086" />
     </hints>
    </node>
    <node id="pci:3" claimed="true" class="bridge" handle="PCIBUS:0000:22" modalias="pci:v00008086d00003C03sv0000103Csd000018A8bc06sc04i00">
     <description>PCI bridge</description>
     <product>Xeon E5/Core i7 IIO PCI Express Root Port 1b</product>
     <vendor>Intel Corporation</vendor>
     <physid>1.1</physid>
     <businfo>pci@0000:20:01.1</businfo>
     <version>07</version>
     <width units="bits">32</width>
     <clock units="Hz">33000000</clock>
     <configuration>
      <setting id="driver" value="pcieport" />
     </configuration>
     <capabilities>
      <capability id="pci" />
      <capability id="msi" >Message Signalled Interrupts</capability>
      <capability id="pciexpress" >PCI Express</capability>
      <capability id="pm" >Power Management</capability>
      <capability id="normal_decode" />
      <capability id="bus_master" >bus mastering</capability>
      <capability id="cap_list" >PCI capabilities listing</capability>
     </capabilities>
     <resources>
      <resource type="irq" value="34" />
     </resources>
     <hints>
      <hint name="pci.class" value="0x604" />
      <hint name="pci.device" value="0x3C03" />
      <hint name="pci.vendor" value="0x8086" />
     </hints>
    </node>
    <node id="pci:4" claimed="true" class="bridge" handle="PCIBUS:0000:23" modalias="pci:v00008086d00003C04sv0000103Csd000018A8bc06sc04i00">
     <description>PCI bridge</description>
     <product>Xeon E5/Core i7 IIO PCI Express Root Port 2a</product>
     <vendor>Intel Corporation</vendor>
     <physid>2</physid>
     <businfo>pci@0000:20:02.0</businfo>
     <version>07</version>
     <width units="bits">32</width>
     <clock units="Hz">33000000</clock>
     <configuration>
      <setting id="driver" value="pcieport" />
     </configuration>
     <capabilities>
      <capability id="pci" />
      <capability id="msi" >Message Signalled Interrupts</capability>
      <capability id="pciexpress" >PCI Express</capability>
      <capability id="pm" >Power Management</capability>
      <capability id="normal_decode" />
      <capability id="bus_master" >bus mastering</capability>
      <capability id="cap_list" >PCI capabilities listing</capability>
     </capabilities>
     <resources>
      <resource type="irq" value="35" />
     </resources>
     <hints>
      <hint name="pci.class" value="0x604" />
      <hint name="pci.device" value="0x3C04" />
      <hint name="pci.vendor" value="0x8086" />
     </hints>
    </node>
    <node id="pci:5" claimed="true" class="bridge" handle="PCIBUS:0000:24" modalias="pci:v00008086d00003C05sv0000103Csd000018A8bc06sc04i00">
     <description>PCI bridge</description>
     <product>Xeon E5/Core i7 IIO PCI Express Root Port 2b</product>
     <vendor>Intel Corporation</vendor>
     <physid>2.1</physid>
     <businfo>pci@0000:20:02.1</businfo>
     <version>07</version>
     <width units="bits">32</width>
     <clock units="Hz">33000000</clock>
     <configuration>
      <setting id="driver" value="pcieport" />
     </configuration>
     <capabilities>
      <capability id="pci" />
      <capability id="msi" >Message Signalled Interrupts</capability>
      <capability id="pciexpress" >PCI Express</capability>
      <capability id="pm" >Power Management</capability>
      <capability id="normal_decode" />
      <capability id="bus_master" >bus mastering</capability>
      <capability id="cap_list" >PCI capabilities listing</capability>
     </capabilities>
     <resources>
      <resource type="irq" value="36" />
     </resources>
     <hints>
      <hint name="pci.class" value="0x604" />
      <hint name="pci.device" value="0x3C05" />
      <hint name="pci.vendor" value="0x8086" />
     </hints>
    </node>
    <node id="pci:6" claimed="true" class="bridge" handle="PCIBUS:0000:25" modalias="pci:v00008086d00003C06sv0000103Csd000018A8bc06sc04i00">
     <description>PCI bridge</description>
     <product>Xeon E5/Core i7 IIO PCI Express Root Port 2c</product>
     <vendor>Intel Corporation</vendor>
     <physid>2.2</physid>
     <businfo>pci@0000:20:02.2</businfo>
     <version>07</version>
     <width units="bits">32</width>
     <clock units="Hz">33000000</clock>
     <configuration>
      <setting id="driver" value="pcieport" />
     </configuration>
     <capabilities>
      <capability id="pci" />
      <capability id="msi" >Message Signalled Interrupts</capability>
      <capability id="pciexpress" >PCI Express</capability>
      <capability id="pm" >Power Management</capability>
      <capability id="normal_decode" />
      <capability id="bus_master" >bus mastering</capability>
      <capability id="cap_list" >PCI capabilities listing</capability>
     </capabilities>
     <resources>
      <resource type="irq" value="31" />
     </resources>
     <hints>
      <hint name="pci.class" value="0x604" />
      <hint name="pci.device" value="0x3C06" />
      <hint name="pci.vendor" value="0x8086" />
     </hints>
    </node>
    <node id="pci:7" claimed="true" class="bridge" handle="PCIBUS:0000:26" modalias="pci:v00008086d00003C07sv0000103Csd000018A8bc06sc04i00">
     <description>PCI bridge</description>
     <product>Xeon E5/Core i7 IIO PCI Express Root Port 2d</product>
     <vendor>Intel Corporation</vendor>
     <physid>2.3</physid>
     <businfo>pci@0000:20:02.3</businfo>
     <version>07</version>
     <width units="bits">32</width>
     <clock units="Hz">33000000</clock>
     <configuration>
      <setting id="driver" value="pcieport" />
     </configuration>
     <capabilities>
      <capability id="pci" />
      <capability id="msi" >Message Signalled Interrupts</capability>
      <capability id="pciexpress" >PCI Express</capability>
      <capability id="pm" >Power Management</capability>
      <capability id="normal_decode" />
      <capability id="bus_master" >bus mastering</capability>
      <capability id="cap_list" >PCI capabilities listing</capability>
     </capabilities>
     <resources>
      <resource type="irq" value="31" />
     </resources>
     <hints>
      <hint name="pci.class" value="0x604" />
      <hint name="pci.device" value="0x3C07" />
      <hint name="pci.vendor" value="0x8086" />
     </hints>
    </node>
    <node id="pci:8" claimed="true" class="bridge" handle="PCIBUS:0000:27" modalias="pci:v00008086d00003C08sv0000103Csd000018A8bc06sc04i00">
     <description>PCI bridge</description>
     <product>Xeon E5/Core i7 IIO PCI Express Root Port 3a in PCI Express Mode</product>
     <vendor>Intel Corporation</vendor>
     <physid>3</physid>
     <businfo>pci@0000:20:03.0</businfo>
     <version>07</version>
     <width units="bits">32</width>
     <clock units="Hz">33000000</clock>
     <configuration>
      <setting id="driver" value="pcieport" />
     </configuration>
     <capabilities>
      <capability id="pci" />
      <capability id="msi" >Message Signalled Interrupts</capability>
      <capability id="pciexpress" >PCI Express</capability>
      <capability id="pm" >Power Management</capability>
      <capability id="normal_decode" />
      <capability id="bus_master" >bus mastering</capability>
      <capability id="cap_list" >PCI capabilities listing</capability>
     </capabilities>
     <resources>
      <resource type="irq" value="37" />
     </resources>
     <hints>
      <hint name="pci.class" value="0x604" />
      <hint name="pci.device" value="0x3C08" />
      <hint name="pci.vendor" value="0x8086" />
     </hints>
    </node>
    <node id="pci:9" claimed="true" class="bridge" handle="PCIBUS:0000:28" modalias="pci:v00008086d00003C09sv0000103Csd000018A8bc06sc04i00">
     <description>PCI bridge</description>
     <product>Xeon E5/Core i7 IIO PCI Express Root Port 3b</product>
     <vendor>Intel Corporation</vendor>
     <physid>3.1</physid>
     <businfo>pci@0000:20:03.1</businfo>
     <version>07</version>
     <width units="bits">32</width>
     <clock units="Hz">33000000</clock>
     <configuration>
      <setting id="driver" value="pcieport" />
     </configuration>
     <capabilities>
      <capability id="pci" />
      <capability id="msi" >Message Signalled Interrupts</capability>
      <capability id="pciexpress" >PCI Express</capability>
      <capability id="pm" >Power Management</capability>
      <capability id="normal_decode" />
      <capability id="bus_master" >bus mastering</capability>
      <capability id="cap_list" >PCI capabilities listing</capability>
     </capabilities>
     <resources>
      <resource type="irq" value="38" />
     </resources>
     <hints>
      <hint name="pci.class" value="0x604" />
      <hint name="pci.device" value="0x3C09" />
      <hint name="pci.vendor" value="0x8086" />
     </hints>
    </node>
    <node id="pci:10" claimed="true" class="bridge" handle="PCIBUS:0000:29" modalias="pci:v00008086d00003C0Asv0000103Csd000018A8bc06sc04i00">
     <description>PCI bridge</description>
     <product>Xeon E5/Core i7 IIO PCI Express Root Port 3c</product>
     <vendor>Intel Corporation</vendor>
     <physid>3.2</physid>
     <businfo>pci@0000:20:03.2</businfo>
     <version>07</version>
     <width units="bits">32</width>
     <clock units="Hz">33000000</clock>
     <configuration>
      <setting id="driver" value="pcieport" />
     </configuration>
     <capabilities>
      <capability id="pci" />
      <capability id="msi" >Message Signalled Interrupts</capability>
      <capability id="pciexpress" >PCI Express</capability>
      <capability id="pm" >Power Management</capability>
      <capability id="normal_decode" />
      <capability id="bus_master" >bus mastering</capability>
      <capability id="cap_list" >PCI capabilities listing</capability>
     </capabilities>
     <resources>
      <resource type="irq" value="31" />
     </resources>
     <hints>
      <hint name="pci.class" value="0x604" />
      <hint name="pci.device" value="0x3C0A" />
      <hint name="pci.vendor" value="0x8086" />
     </hints>
    </node>
    <node id="pci:11" claimed="true" class="bridge" handle="PCIBUS:0000:2a" modalias="pci:v00008086d00003C0Bsv0000103Csd000018A8bc06sc04i00">
     <description>PCI bridge</description>
     <product>Xeon E5/Core i7 IIO PCI Express Root Port 3d</product>
     <vendor>Intel Corporation</vendor>
     <physid>3.3</physid>
     <businfo>pci@0000:20:03.3</businfo>
     <version>07</version>
     <width units="bits">32</width>
     <clock units="Hz">33000000</clock>
     <configuration>
      <setting id="driver" value="pcieport" />
     </configuration>
     <capabilities>
      <capability id="pci" />
      <capability id="msi" >Message Signalled Interrupts</capability>
      <capability id="pciexpress" >PCI Express</capability>
      <capability id="pm" >Power Management</capability>
      <capability id="normal_decode" />
      <capability id="bus_master" >bus mastering</capability>
      <capability id="cap_list" >PCI capabilities listing</capability>
     </capabilities>
     <resources>
      <resource type="irq" value="31" />
     </resources>
     <hints>
      <hint name="pci.class" value="0x604" />
      <hint name="pci.device" value="0x3C0B" />
      <hint name="pci.vendor" value="0x8086" />
     </hints>
    </node>
    <node id="generic:44" claimed="true" class="generic" handle="PCI:0000:20:04.0" modalias="pci:v00008086d00003C20sv0000103Csd000018A8bc08sc80i00">
     <description>System peripheral</description>
     <product>Xeon E5/Core i7 DMA Channel 0</product>
     <vendor>Intel Corporation</vendor>
     <physid>4</physid>
     <subproduct>Hewlett-Packard Company</subproduct>
     <subvendor>Hewlett-Packard Company</subvendor>
     <businfo>pci@0000:20:04.0</businfo>
     <version>07</version>
     <width units="bits">64</width>
     <clock units="Hz">33000000</clock>
     <configuration>
      <setting id="driver" value="ioatdma" />
      <setting id="latency" value="0" />
     </configuration>
     <capabilities>
      <capability id="msix" >MSI-X</capability>
      <capability id="pciexpress" >PCI Express</capability>
      <capability id="pm" >Power Management</capability>
      <capability id="bus_master" >bus mastering</capability>
      <capability id="cap_list" >PCI capabilities listing</capability>
     </capabilities>
     <resources>
      <resource type="irq" value="119" />
      <resource type="memory" value="fbff0000-fbff3fff" />
     </resources>
     <hints>
      <hint name="pci.class" value="0x880" />
      <hint name="pci.device" value="0x3C20" />
      <hint name="pci.subdevice" value="0x18A8" />
      <hint name="pci.subvendor" value="0x103C" />
      <hint name="pci.vendor" value="0x8086" />
     </hints>
    </node>
    <node id="generic:45" claimed="true" class="generic" handle="PCI:0000:20:04.1" modalias="pci:v00008086d00003C21sv0000103Csd000018A8bc08sc80i00">
     <description>System peripheral</description>
     <product>Xeon E5/Core i7 DMA Channel 1</product>
     <vendor>Intel Corporation</vendor>
     <physid>4.1</physid>
     <subproduct>Hewlett-Packard Company</subproduct>
     <subvendor>Hewlett-Packard Company</subvendor>
     <businfo>pci@0000:20:04.1</businfo>
     <version>07</version>
     <width units="bits">64</width>
     <clock units="Hz">33000000</clock>
     <configuration>
      <setting id="driver" value="ioatdma" />
      <setting id="latency" value="0" />
     </configuration>
     <capabilities>
      <capability id="msix" >MSI-X</capability>
      <capability id="pciexpress" >PCI Express</capability>
      <capability id="pm" >Power Management</capability>
      <capability id="bus_master" >bus mastering</capability>
      <capability id="cap_list" >PCI capabilities listing</capability>
     </capabilities>
     <resources>
      <resource type="irq" value="121" />
      <resource type="memory" value="fbfe0000-fbfe3fff" />
     </resources>
     <hints>
      <hint name="pci.class" value="0x880" />
      <hint name="pci.device" value="0x3C21" />
      <hint name="pci.subdevice" value="0x18A8" />
      <hint name="pci.subvendor" value="0x103C" />
      <hint name="pci.vendor" value="0x8086" />
     </hints>
    </node>
    <node id="generic:46" claimed="true" class="generic" handle="PCI:0000:20:04.2" modalias="pci:v00008086d00003C22sv0000103Csd000018A8bc08sc80i00">
     <description>System peripheral</description>
     <product>Xeon E5/Core i7 DMA Channel 2</product>
     <vendor>Intel Corporation</vendor>
     <physid>4.2</physid>
     <subproduct>Hewlett-Packard Company</subproduct>
     <subvendor>Hewlett-Packard Company</subvendor>
     <businfo>pci@0000:20:04.2</businfo>
     <version>07</version>
     <width units="bits">64</width>
     <clock units="Hz">33000000</clock>
     <configuration>
      <setting id="driver" value="ioatdma" />
      <setting id="latency" value="0" />
     </configuration>
     <capabilities>
      <capability id="msix" >MSI-X</capability>
      <capability id="pciexpress" >PCI Express</capability>
      <capability id="pm" >Power Management</capability>
      <capability id="bus_master" >bus mastering</capability>
      <capability id="cap_list" >PCI capabilities listing</capability>
     </capabilities>
     <resources>
      <resource type="irq" value="119" />
      <resource type="memory" value="fbfd0000-fbfd3fff" />
     </resources>
     <hints>
      <hint name="pci.class" value="0x880" />
      <hint name="pci.device" value="0x3C22" />
      <hint name="pci.subdevice" value="0x18A8" />
      <hint name="pci.subvendor" value="0x103C" />
      <hint name="pci.vendor" value="0x8086" />
     </hints>
    </node>
    <node id="generic:47" claimed="true" class="generic" handle="PCI:0000:20:04.3" modalias="pci:v00008086d00003C23sv0000103Csd000018A8bc08sc80i00">
     <description>System peripheral</description>
     <product>Xeon E5/Core i7 DMA Channel 3</product>
     <vendor>Intel Corporation</vendor>
     <physid>4.3</physid>
     <subproduct>Hewlett-Packard Company</subproduct>
     <subvendor>Hewlett-Packard Company</subvendor>
     <businfo>pci@0000:20:04.3</businfo>
     <version>07</version>
     <width units="bits">64</width>
     <clock units="Hz">33000000</clock>
     <configuration>
      <setting id="driver" value="ioatdma" />
      <setting id="latency" value="0" />
     </configuration>
     <capabilities>
      <capability id="msix" >MSI-X</capability>
      <capability id="pciexpress" >PCI Express</capability>
      <capability id="pm" >Power Management</capability>
      <capability id="bus_master" >bus mastering</capability>
      <capability id="cap_list" >PCI capabilities listing</capability>
     </capabilities>
     <resources>
      <resource type="irq" value="121" />
      <resource type="memory" value="fbfc0000-fbfc3fff" />
     </resources>
     <hints>
      <hint name="pci.class" value="0x880" />
      <hint name="pci.device" value="0x3C23" />
      <hint name="pci.subdevice" value="0x18A8" />
      <hint name="pci.subvendor" value="0x103C" />
      <hint name="pci.vendor" value="0x8086" />
     </hints>
    </node>
    <node id="generic:48" claimed="true" class="generic" handle="PCI:0000:20:04.4" modalias="pci:v00008086d00003C24sv0000103Csd000018A8bc08sc80i00">
     <description>System peripheral</description>
     <product>Xeon E5/Core i7 DMA Channel 4</product>
     <vendor>Intel Corporation</vendor>
     <physid>4.4</physid>
     <subproduct>Hewlett-Packard Company</subproduct>
     <subvendor>Hewlett-Packard Company</subvendor>
     <businfo>pci@0000:20:04.4</businfo>
     <version>07</version>
     <width units="bits">64</width>
     <clock units="Hz">33000000</clock>
     <configuration>
      <setting id="driver" value="ioatdma" />
      <setting id="latency" value="0" />
     </configuration>
     <capabilities>
      <capability id="msix" >MSI-X</capability>
      <capability id="pciexpress" >PCI Express</capability>
      <capability id="pm" >Power Management</capability>
      <capability id="bus_master" >bus mastering</capability>
      <capability id="cap_list" >PCI capabilities listing</capability>
     </capabilities>
     <resources>
      <resource type="irq" value="119" />
      <resource type="memory" value="fbfb0000-fbfb3fff" />
     </resources>
     <hints>
      <hint name="pci.class" value="0x880" />
      <hint name="pci.device" value="0x3C24" />
      <hint name="pci.subdevice" value="0x18A8" />
      <hint name="pci.subvendor" value="0x103C" />
      <hint name="pci.vendor" value="0x8086" />
     </hints>
    </node>
    <node id="generic:49" claimed="true" class="generic" handle="PCI:0000:20:04.5" modalias="pci:v00008086d00003C25sv0000103Csd000018A8bc08sc80i00">
     <description>System peripheral</description>
     <product>Xeon E5/Core i7 DMA Channel 5</product>
     <vendor>Intel Corporation</vendor>
     <physid>4.5</physid>
     <subproduct>Hewlett-Packard Company</subproduct>
     <subvendor>Hewlett-Packard Company</subvendor>
     <businfo>pci@0000:20:04.5</businfo>
     <version>07</version>
     <width units="bits">64</width>
     <clock units="Hz">33000000</clock>
     <configuration>
      <setting id="driver" value="ioatdma" />
      <setting id="latency" value="0" />
     </configuration>
     <capabilities>
      <capability id="msix" >MSI-X</capability>
      <capability id="pciexpress" >PCI Express</capability>
      <capability id="pm" >Power Management</capability>
      <capability id="bus_master" >bus mastering</capability>
      <capability id="cap_list" >PCI capabilities listing</capability>
     </capabilities>
     <resources>
      <resource type="irq" value="121" />
      <resource type="memory" value="fbfa0000-fbfa3fff" />
     </resources>
     <hints>
      <hint name="pci.class" value="0x880" />
      <hint name="pci.device" value="0x3C25" />
      <hint name="pci.subdevice" value="0x18A8" />
      <hint name="pci.subvendor" value="0x103C" />
      <hint name="pci.vendor" value="0x8086" />
     </hints>
    </node>
    <node id="generic:50" claimed="true" class="generic" handle="PCI:0000:20:04.6" modalias="pci:v00008086d00003C26sv0000103Csd000018A8bc08sc80i00">
     <description>System peripheral</description>
     <product>Xeon E5/Core i7 DMA Channel 6</product>
     <vendor>Intel Corporation</vendor>
     <physid>4.6</physid>
     <subproduct>Hewlett-Packard Company</subproduct>
     <subvendor>Hewlett-Packard Company</subvendor>
     <businfo>pci@0000:20:04.6</businfo>
     <version>07</version>
     <width units="bits">64</width>
     <clock units="Hz">33000000</clock>
     <configuration>
      <setting id="driver" value="ioatdma" />
      <setting id="latency" value="0" />
     </configuration>
     <capabilities>
      <capability id="msix" >MSI-X</capability>
      <capability id="pciexpress" >PCI Express</capability>
      <capability id="pm" >Power Management</capability>
      <capability id="bus_master" >bus mastering</capability>
      <capability id="cap_list" >PCI capabilities listing</capability>
     </capabilities>
     <resources>
      <resource type="irq" value="119" />
      <resource type="memory" value="fbf90000-fbf93fff" />
     </resources>
     <hints>
      <hint name="pci.class" value="0x880" />
      <hint name="pci.device" value="0x3C26" />
      <hint name="pci.subdevice" value="0x18A8" />
      <hint name="pci.subvendor" value="0x103C" />
      <hint name="pci.vendor" value="0x8086" />
     </hints>
    </node>
    <node id="generic:51" claimed="true" class="generic" handle="PCI:0000:20:04.7" modalias="pci:v00008086d00003C27sv0000103Csd000018A8bc08sc80i00">
     <description>System peripheral</description>
     <product>Xeon E5/Core i7 DMA Channel 7</product>
     <vendor>Intel Corporation</vendor>
     <physid>4.7</physid>
     <subproduct>Hewlett-Packard Company</subproduct>
     <subvendor>Hewlett-Packard Company</subvendor>
     <businfo>pci@0000:20:04.7</businfo>
     <version>07</version>
     <width units="bits">64</width>
     <clock units="Hz">33000000</clock>
     <configuration>
      <setting id="driver" value="ioatdma" />
      <setting id="latency" value="0" />
     </configuration>
     <capabilities>
      <capability id="msix" >MSI-X</capability>
      <capability id="pciexpress" >PCI Express</capability>
      <capability id="pm" >Power Management</capability>
      <capability id="bus_master" >bus mastering</capability>
      <capability id="cap_list" >PCI capabilities listing</capability>
     </capabilities>
     <resources>
      <resource type="irq" value="121" />
      <resource type="memory" value="fbf80000-fbf83fff" />
     </resources>
     <hints>
      <hint name="pci.class" value="0x880" />
      <hint name="pci.device" value="0x3C27" />
      <hint name="pci.subdevice" value="0x18A8" />
      <hint name="pci.subvendor" value="0x103C" />
      <hint name="pci.vendor" value="0x8086" />
     </hints>
    </node>
    <node id="generic:52" class="generic" handle="PCI:0000:20:05.0" modalias="pci:v00008086d00003C28sv0000103Csd000018A8bc08sc80i00">
     <description>System peripheral</description>
     <product>Xeon E5/Core i7 Address Map, VTd_Misc, System Management</product>
     <vendor>Intel Corporation</vendor>
     <physid>5</physid>
     <subproduct>Hewlett-Packard Company</subproduct>
     <subvendor>Hewlett-Packard Company</subvendor>
     <businfo>pci@0000:20:05.0</businfo>
     <version>07</version>
     <width units="bits">32</width>
     <clock units="Hz">33000000</clock>
     <configuration>
      <setting id="latency" value="0" />
     </configuration>
     <capabilities>
      <capability id="pciexpress" >PCI Express</capability>
      <capability id="cap_list" >PCI capabilities listing</capability>
     </capabilities>
     <hints>
      <hint name="pci.class" value="0x880" />
      <hint name="pci.device" value="0x3C28" />
      <hint name="pci.subdevice" value="0x18A8" />
      <hint name="pci.subvendor" value="0x103C" />
      <hint name="pci.vendor" value="0x8086" />
     </hints>
    </node>
    <node id="generic:53" class="generic" handle="PCI:0000:20:05.2" modalias="pci:v00008086d00003C2Asv0000103Csd000018A8bc08sc80i00">
     <description>System peripheral</description>
     <product>Xeon E5/Core i7 Control Status and Global Errors</product>
     <vendor>Intel Corporation</vendor>
     <physid>5.2</physid>
     <subproduct>Hewlett-Packard Company</subproduct>
     <subvendor>Hewlett-Packard Company</subvendor>
     <businfo>pci@0000:20:05.2</businfo>
     <version>07</version>
     <width units="bits">32</width>
     <clock units="Hz">33000000</clock>
     <configuration>
      <setting id="latency" value="0" />
     </configuration>
     <capabilities>
      <capability id="pciexpress" >PCI Express</capability>
      <capability id="cap_list" >PCI capabilities listing</capability>
     </capabilities>
     <hints>
      <hint name="pci.class" value="0x880" />
      <hint name="pci.device" value="0x3C2A" />
      <hint name="pci.subdevice" value="0x18A8" />
      <hint name="pci.subvendor" value="0x103C" />
      <hint name="pci.vendor" value="0x8086" />
     </hints>
    </node>
    <node id="generic:54" class="generic" handle="PCI:0000:20:05.4" modalias="pci:v00008086d00003C2Csv0000103Csd000018A8bc08sc00i20">
     <description>PIC</description>
     <product>Xeon E5/Core i7 I/O APIC</product>
     <vendor>Intel Corporation</vendor>
     <physid>5.4</physid>
     <subproduct>Hewlett-Packard Company</subproduct>
     <subvendor>Hewlett-Packard Company</subvendor>
     <businfo>pci@0000:20:05.4</businfo>
     <version>07</version>
     <width units="bits">32</width>
     <clock units="Hz">33000000</clock>
     <configuration>
      <setting id="latency" value="0" />
     </configuration>
     <capabilities>
      <capability id="pm" >Power Management</capability>
      <capability id="io_x_-apic" />
      <capability id="bus_master" >bus mastering</capability>
      <capability id="cap_list" >PCI capabilities listing</capability>
     </capabilities>
     <resources>
      <resource type="memory" value="fbf70000-fbf70fff" />
     </resources>
     <hints>
      <hint name="pci.class" value="0x800" />
      <hint name="pci.device" value="0x3C2C" />
      <hint name="pci.subdevice" value="0x18A8" />
      <hint name="pci.subvendor" value="0x103C" />
      <hint name="pci.vendor" value="0x8086" />
     </hints>
    </node>
    <node id="generic:55" class="generic" handle="PCI:0000:3f:08.0" modalias="pci:v00008086d00003C80sv0000103Csd000018A8bc08sc80i00">
     <description>System peripheral</description>
     <product>Xeon E5/Core i7 QPI Link 0</product>
     <vendor>Intel Corporation</vendor>
     <physid>32</physid>
     <subproduct>Hewlett-Packard Company</subproduct>
     <subvendor>Hewlett-Packard Company</subvendor>
     <businfo>pci@0000:3f:08.0</businfo>
     <version>07</version>
     <width units="bits">32</width>
     <clock units="Hz">33000000</clock>
     <configuration>
      <setting id="latency" value="0" />
     </configuration>
     <hints>
      <hint name="pci.class" value="0x880" />
      <hint name="pci.device" value="0x3C80" />
      <hint name="pci.subdevice" value="0x18A8" />
      <hint name="pci.subvendor" value="0x103C" />
      <hint name="pci.vendor" value="0x8086" />
     </hints>
    </node>
    <node id="generic:56" class="generic" handle="PCI:0000:3f:08.3" modalias="pci:v00008086d00003C83sv0000103Csd000018A8bc08sc80i00">
     <description>System peripheral</description>
     <product>Xeon E5/Core i7 QPI Link Reut 0</product>
     <vendor>Intel Corporation</vendor>
     <physid>33</physid>
     <subproduct>Hewlett-Packard Company</subproduct>
     <subvendor>Hewlett-Packard Company</subvendor>
     <businfo>pci@0000:3f:08.3</businfo>
     <version>07</version>
     <width units="bits">32</width>
     <clock units="Hz">33000000</clock>
     <configuration>
      <setting id="latency" value="0" />
     </configuration>
     <capabilities>
      <capability id="pciexpress" >PCI Express</capability>
      <capability id="cap_list" >PCI capabilities listing</capability>
     </capabilities>
     <hints>
      <hint name="pci.class" value="0x880" />
      <hint name="pci.device" value="0x3C83" />
      <hint name="pci.subdevice" value="0x18A8" />
      <hint name="pci.subvendor" value="0x103C" />
      <hint name="pci.vendor" value="0x8086" />
     </hints>
    </node>
    <node id="generic:57" class="generic" handle="PCI:0000:3f:08.4" modalias="pci:v00008086d00003C84sv0000103Csd000018A8bc08sc80i00">
     <description>System peripheral</description>
     <product>Xeon E5/Core i7 QPI Link Reut 0</product>
     <vendor>Intel Corporation</vendor>
     <physid>34</physid>
     <subproduct>Hewlett-Packard Company</subproduct>
     <subvendor>Hewlett-Packard Company</subvendor>
     <businfo>pci@0000:3f:08.4</businfo>
     <version>07</version>
     <width units="bits">32</width>
     <clock units="Hz">33000000</clock>
     <configuration>
      <setting id="latency" value="0" />
     </configuration>
     <capabilities>
      <capability id="pciexpress" >PCI Express</capability>
      <capability id="cap_list" >PCI capabilities listing</capability>
     </capabilities>
     <hints>
      <hint name="pci.class" value="0x880" />
      <hint name="pci.device" value="0x3C84" />
      <hint name="pci.subdevice" value="0x18A8" />
      <hint name="pci.subvendor" value="0x103C" />
      <hint name="pci.vendor" value="0x8086" />
     </hints>
    </node>
    <node id="generic:58" class="generic" handle="PCI:0000:3f:09.0" modalias="pci:v00008086d00003C90sv0000103Csd000018A8bc08sc80i00">
     <description>System peripheral</description>
     <product>Xeon E5/Core i7 QPI Link 1</product>
     <vendor>Intel Corporation</vendor>
     <physid>35</physid>
     <subproduct>Hewlett-Packard Company</subproduct>
     <subvendor>Hewlett-Packard Company</subvendor>
     <businfo>pci@0000:3f:09.0</businfo>
     <version>07</version>
     <width units="bits">32</width>
     <clock units="Hz">33000000</clock>
     <configuration>
      <setting id="latency" value="0" />
     </configuration>
     <hints>
      <hint name="pci.class" value="0x880" />
      <hint name="pci.device" value="0x3C90" />
      <hint name="pci.subdevice" value="0x18A8" />
      <hint name="pci.subvendor" value="0x103C" />
      <hint name="pci.vendor" value="0x8086" />
     </hints>
    </node>
    <node id="generic:59" class="generic" handle="PCI:0000:3f:09.3" modalias="pci:v00008086d00003C93sv0000103Csd000018A8bc08sc80i00">
     <description>System peripheral</description>
     <product>Xeon E5/Core i7 QPI Link Reut 1</product>
     <vendor>Intel Corporation</vendor>
     <physid>36</physid>
     <subproduct>Hewlett-Packard Company</subproduct>
     <subvendor>Hewlett-Packard Company</subvendor>
     <businfo>pci@0000:3f:09.3</businfo>
     <version>07</version>
     <width units="bits">32</width>
     <clock units="Hz">33000000</clock>
     <configuration>
      <setting id="latency" value="0" />
     </configuration>
     <capabilities>
      <capability id="pciexpress" >PCI Express</capability>
      <capability id="cap_list" >PCI capabilities listing</capability>
     </capabilities>
     <hints>
      <hint name="pci.class" value="0x880" />
      <hint name="pci.device" value="0x3C93" />
      <hint name="pci.subdevice" value="0x18A8" />
      <hint name="pci.subvendor" value="0x103C" />
      <hint name="pci.vendor" value="0x8086" />
     </hints>
    </node>
    <node id="generic:60" class="generic" handle="PCI:0000:3f:09.4" modalias="pci:v00008086d00003C94sv0000103Csd000018A8bc08sc80i00">
     <description>System peripheral</description>
     <product>Xeon E5/Core i7 QPI Link Reut 1</product>
     <vendor>Intel Corporation</vendor>
     <physid>37</physid>
     <subproduct>Hewlett-Packard Company</subproduct>
     <subvendor>Hewlett-Packard Company</subvendor>
     <businfo>pci@0000:3f:09.4</businfo>
     <version>07</version>
     <width units="bits">32</width>
     <clock units="Hz">33000000</clock>
     <configuration>
      <setting id="latency" value="0" />
     </configuration>
     <capabilities>
      <capability id="pciexpress" >PCI Express</capability>
      <capability id="cap_list" >PCI capabilities listing</capability>
     </capabilities>
     <hints>
      <hint name="pci.class" value="0x880" />
      <hint name="pci.device" value="0x3C94" />
      <hint name="pci.subdevice" value="0x18A8" />
      <hint name="pci.subvendor" value="0x103C" />
      <hint name="pci.vendor" value="0x8086" />
     </hints>
    </node>
    <node id="generic:61" class="generic" handle="PCI:0000:3f:0a.0" modalias="pci:v00008086d00003CC0sv0000103Csd000018A8bc08sc80i00">
     <description>System peripheral</description>
     <product>Xeon E5/Core i7 Power Control Unit 0</product>
     <vendor>Intel Corporation</vendor>
     <physid>38</physid>
     <subproduct>Hewlett-Packard Company</subproduct>
     <subvendor>Hewlett-Packard Company</subvendor>
     <businfo>pci@0000:3f:0a.0</businfo>
     <version>07</version>
     <width units="bits">32</width>
     <clock units="Hz">33000000</clock>
     <configuration>
      <setting id="latency" value="0" />
     </configuration>
     <hints>
      <hint name="pci.class" value="0x880" />
      <hint name="pci.device" value="0x3CC0" />
      <hint name="pci.subdevice" value="0x18A8" />
      <hint name="pci.subvendor" value="0x103C" />
      <hint name="pci.vendor" value="0x8086" />
     </hints>
    </node>
    <node id="generic:62" class="generic" handle="PCI:0000:3f:0a.1" modalias="pci:v00008086d00003CC1sv0000103Csd000018A8bc08sc80i00">
     <description>System peripheral</description>
     <product>Xeon E5/Core i7 Power Control Unit 1</product>
     <vendor>Intel Corporation</vendor>
     <physid>39</physid>
     <subproduct>Hewlett-Packard Company</subproduct>
     <subvendor>Hewlett-Packard Company</subvendor>
     <businfo>pci@0000:3f:0a.1</businfo>
     <version>07</version>
     <width units="bits">32</width>
     <clock units="Hz">33000000</clock>
     <configuration>
      <setting id="latency" value="0" />
     </configuration>
     <hints>
      <hint name="pci.class" value="0x880" />
      <hint name="pci.device" value="0x3CC1" />
      <hint name="pci.subdevice" value="0x18A8" />
      <hint name="pci.subvendor" value="0x103C" />
      <hint name="pci.vendor" value="0x8086" />
     </hints>
    </node>
    <node id="generic:63" class="generic" handle="PCI:0000:3f:0a.2" modalias="pci:v00008086d00003CC2sv0000103Csd000018A8bc08sc80i00">
     <description>System peripheral</description>
     <product>Xeon E5/Core i7 Power Control Unit 2</product>
     <vendor>Intel Corporation</vendor>
     <physid>3a</physid>
     <subproduct>Hewlett-Packard Company</subproduct>
     <subvendor>Hewlett-Packard Company</subvendor>
     <businfo>pci@0000:3f:0a.2</businfo>
     <version>07</version>
     <width units="bits">32</width>
     <clock units="Hz">33000000</clock>
     <configuration>
      <setting id="latency" value="0" />
     </configuration>
     <hints>
      <hint name="pci.class" value="0x880" />
      <hint name="pci.device" value="0x3CC2" />
      <hint name="pci.subdevice" value="0x18A8" />
      <hint name="pci.subvendor" value="0x103C" />
      <hint name="pci.vendor" value="0x8086" />
     </hints>
    </node>
    <node id="generic:64" class="generic" handle="PCI:0000:3f:0a.3" modalias="pci:v00008086d00003CD0sv0000103Csd000018A8bc08sc80i00">
     <description>System peripheral</description>
     <product>Xeon E5/Core i7 Power Control Unit 3</product>
     <vendor>Intel Corporation</vendor>
     <physid>3b</physid>
     <subproduct>Hewlett-Packard Company</subproduct>
     <subvendor>Hewlett-Packard Company</subvendor>
     <businfo>pci@0000:3f:0a.3</businfo>
     <version>07</version>
     <width units="bits">32</width>
     <clock units="Hz">33000000</clock>
     <configuration>
      <setting id="latency" value="0" />
     </configuration>
     <hints>
      <hint name="pci.class" value="0x880" />
      <hint name="pci.device" value="0x3CD0" />
      <hint name="pci.subdevice" value="0x18A8" />
      <hint name="pci.subvendor" value="0x103C" />
      <hint name="pci.vendor" value="0x8086" />
     </hints>
    </node>
    <node id="generic:65" class="generic" handle="PCI:0000:3f:0b.0" modalias="pci:v00008086d00003CE0sv0000103Csd000018A8bc08sc80i00">
     <description>System peripheral</description>
     <product>Xeon E5/Core i7 Interrupt Control Registers</product>
     <vendor>Intel Corporation</vendor>
     <physid>3c</physid>
     <subproduct>Hewlett-Packard Company</subproduct>
     <subvendor>Hewlett-Packard Company</subvendor>
     <businfo>pci@0000:3f:0b.0</businfo>
     <version>07</version>
     <width units="bits">32</width>
     <clock units="Hz">33000000</clock>
     <configuration>
      <setting id="latency" value="0" />
     </configuration>
     <hints>
      <hint name="pci.class" value="0x880" />
      <hint name="pci.device" value="0x3CE0" />
      <hint name="pci.subdevice" value="0x18A8" />
      <hint name="pci.subvendor" value="0x103C" />
      <hint name="pci.vendor" value="0x8086" />
     </hints>
    </node>
    <node id="generic:66" class="generic" handle="PCI:0000:3f:0b.3" modalias="pci:v00008086d00003CE3sv0000103Csd000018A8bc08sc80i00">
     <description>System peripheral</description>
     <product>Xeon E5/Core i7 Semaphore and Scratchpad Configuration Registers</product>
     <vendor>Intel Corporation</vendor>
     <physid>3d</physid>
     <subproduct>Hewlett-Packard Company</subproduct>
     <subvendor>Hewlett-Packard Company</subvendor>
     <businfo>pci@0000:3f:0b.3</businfo>
     <version>07</version>
     <width units="bits">32</width>
     <clock units="Hz">33000000</clock>
     <configuration>
      <setting id="latency" value="0" />
     </configuration>
     <hints>
      <hint name="pci.class" value="0x880" />
      <hint name="pci.device" value="0x3CE3" />
      <hint name="pci.subdevice" value="0x18A8" />
      <hint name="pci.subvendor" value="0x103C" />
      <hint name="pci.vendor" value="0x8086" />
     </hints>
    </node>
    <node id="generic:67" class="generic" handle="PCI:0000:3f:0c.0" modalias="pci:v00008086d00003CE8sv0000103Csd000018A8bc08sc80i00">
     <description>System peripheral</description>
     <product>Xeon E5/Core i7 Unicast Register 0</product>
     <vendor>Intel Corporation</vendor>
     <physid>3e</physid>
     <subproduct>Hewlett-Packard Company</subproduct>
     <subvendor>Hewlett-Packard Company</subvendor>
     <businfo>pci@0000:3f:0c.0</businfo>
     <version>07</version>
     <width units="bits">32</width>
     <clock units="Hz">33000000</clock>
     <configuration>
      <setting id="latency" value="0" />
     </configuration>
     <hints>
      <hint name="pci.class" value="0x880" />
      <hint name="pci.device" value="0x3CE8" />
      <hint name="pci.subdevice" value="0x18A8" />
      <hint name="pci.subvendor" value="0x103C" />
      <hint name="pci.vendor" value="0x8086" />
     </hints>
    </node>
    <node id="generic:68" class="generic" handle="PCI:0000:3f:0c.1" modalias="pci:v00008086d00003CE8sv0000103Csd000018A8bc08sc80i00">
     <description>System peripheral</description>
     <product>Xeon E5/Core i7 Unicast Register 0</product>
     <vendor>Intel Corporation</vendor>
     <physid>3f</physid>
     <subproduct>Hewlett-Packard Company</subproduct>
     <subvendor>Hewlett-Packard Company</subvendor>
     <businfo>pci@0000:3f:0c.1</businfo>
     <version>07</version>
     <width units="bits">32</width>
     <clock units="Hz">33000000</clock>
     <configuration>
      <setting id="latency" value="0" />
     </configuration>
     <hints>
      <hint name="pci.class" value="0x880" />
      <hint name="pci.device" value="0x3CE8" />
      <hint name="pci.subdevice" value="0x18A8" />
      <hint name="pci.subvendor" value="0x103C" />
      <hint name="pci.vendor" value="0x8086" />
     </hints>
    </node>
    <node id="generic:69" class="generic" handle="PCI:0000:3f:0c.2" modalias="pci:v00008086d00003CE8sv0000103Csd000018A8bc08sc80i00">
     <description>System peripheral</description>
     <product>Xeon E5/Core i7 Unicast Register 0</product>
     <vendor>Intel Corporation</vendor>
     <physid>40</physid>
     <subproduct>Hewlett-Packard Company</subproduct>
     <subvendor>Hewlett-Packard Company</subvendor>
     <businfo>pci@0000:3f:0c.2</businfo>
     <version>07</version>
     <width units="bits">32</width>
     <clock units="Hz">33000000</clock>
     <configuration>
      <setting id="latency" value="0" />
     </configuration>
     <hints>
      <hint name="pci.class" value="0x880" />
      <hint name="pci.device" value="0x3CE8" />
      <hint name="pci.subdevice" value="0x18A8" />
      <hint name="pci.subvendor" value="0x103C" />
      <hint name="pci.vendor" value="0x8086" />
     </hints>
    </node>
    <node id="generic:70" class="generic" handle="PCI:0000:3f:0c.6" modalias="pci:v00008086d00003CF4sv0000103Csd000018A8bc08sc80i00">
     <description>System peripheral</description>
     <product>Xeon E5/Core i7 Integrated Memory Controller System Address Decoder 0</product>
     <vendor>Intel Corporation</vendor>
     <physid>41</physid>
     <subproduct>Hewlett-Packard Company</subproduct>
     <subvendor>Hewlett-Packard Company</subvendor>
     <businfo>pci@0000:3f:0c.6</businfo>
     <version>07</version>
     <width units="bits">32</width>
     <clock units="Hz">33000000</clock>
     <configuration>
      <setting id="latency" value="0" />
     </configuration>
     <hints>
      <hint name="pci.class" value="0x880" />
      <hint name="pci.device" value="0x3CF4" />
      <hint name="pci.subdevice" value="0x18A8" />
      <hint name="pci.subvendor" value="0x103C" />
      <hint name="pci.vendor" value="0x8086" />
     </hints>
    </node>
    <node id="generic:71" class="generic" handle="PCI:0000:3f:0c.7" modalias="pci:v00008086d00003CF6sv0000103Csd000018A8bc08sc80i00">
     <description>System peripheral</description>
     <product>Xeon E5/Core i7 System Address Decoder</product>
     <vendor>Intel Corporation</vendor>
     <physid>42</physid>
     <subproduct>Hewlett-Packard Company</subproduct>
     <subvendor>Hewlett-Packard Company</subvendor>
     <businfo>pci@0000:3f:0c.7</businfo>
     <version>07</version>
     <width units="bits">32</width>
     <clock units="Hz">33000000</clock>
     <configuration>
      <setting id="latency" value="0" />
     </configuration>
     <hints>
      <hint name="pci.class" value="0x880" />
      <hint name="pci.device" value="0x3CF6" />
      <hint name="pci.subdevice" value="0x18A8" />
      <hint name="pci.subvendor" value="0x103C" />
      <hint name="pci.vendor" value="0x8086" />
     </hints>
    </node>
    <node id="generic:72" class="generic" handle="PCI:0000:3f:0d.0" modalias="pci:v00008086d00003CE8sv0000103Csd000018A8bc08sc80i00">
     <description>System peripheral</description>
     <product>Xeon E5/Core i7 Unicast Register 0</product>
     <vendor>Intel Corporation</vendor>
     <physid>43</physid>
     <subproduct>Hewlett-Packard Company</subproduct>
     <subvendor>Hewlett-Packard Company</subvendor>
     <businfo>pci@0000:3f:0d.0</businfo>
     <version>07</version>
     <width units="bits">32</width>
     <clock units="Hz">33000000</clock>
     <configuration>
      <setting id="latency" value="0" />
     </configuration>
     <hints>
      <hint name="pci.class" value="0x880" />
      <hint name="pci.device" value="0x3CE8" />
      <hint name="pci.subdevice" value="0x18A8" />
      <hint name="pci.subvendor" value="0x103C" />
      <hint name="pci.vendor" value="0x8086" />
     </hints>
    </node>
    <node id="generic:73" class="generic" handle="PCI:0000:3f:0d.1" modalias="pci:v00008086d00003CE8sv0000103Csd000018A8bc08sc80i00">
     <description>System peripheral</description>
     <product>Xeon E5/Core i7 Unicast Register 0</product>
     <vendor>Intel Corporation</vendor>
     <physid>44</physid>
     <subproduct>Hewlett-Packard Company</subproduct>
     <subvendor>Hewlett-Packard Company</subvendor>
     <businfo>pci@0000:3f:0d.1</businfo>
     <version>07</version>
     <width units="bits">32</width>
     <clock units="Hz">33000000</clock>
     <configuration>
      <setting id="latency" value="0" />
     </configuration>
     <hints>
      <hint name="pci.class" value="0x880" />
      <hint name="pci.device" value="0x3CE8" />
      <hint name="pci.subdevice" value="0x18A8" />
      <hint name="pci.subvendor" value="0x103C" />
      <hint name="pci.vendor" value="0x8086" />
     </hints>
    </node>
    <node id="generic:74" class="generic" handle="PCI:0000:3f:0d.2" modalias="pci:v00008086d00003CE8sv0000103Csd000018A8bc08sc80i00">
     <description>System peripheral</description>
     <product>Xeon E5/Core i7 Unicast Register 0</product>
     <vendor>Intel Corporation</vendor>
     <physid>45</physid>
     <subproduct>Hewlett-Packard Company</subproduct>
     <subvendor>Hewlett-Packard Company</subvendor>
     <businfo>pci@0000:3f:0d.2</businfo>
     <version>07</version>
     <width units="bits">32</width>
     <clock units="Hz">33000000</clock>
     <configuration>
      <setting id="latency" value="0" />
     </configuration>
     <hints>
      <hint name="pci.class" value="0x880" />
      <hint name="pci.device" value="0x3CE8" />
      <hint name="pci.subdevice" value="0x18A8" />
      <hint name="pci.subvendor" value="0x103C" />
      <hint name="pci.vendor" value="0x8086" />
     </hints>
    </node>
    <node id="generic:75" class="generic" handle="PCI:0000:3f:0d.6" modalias="pci:v00008086d00003CF5sv0000103Csd000018A8bc08sc80i00">
     <description>System peripheral</description>
     <product>Xeon E5/Core i7 Integrated Memory Controller System Address Decoder 1</product>
     <vendor>Intel Corporation</vendor>
     <physid>46</physid>
     <subproduct>Hewlett-Packard Company</subproduct>
     <subvendor>Hewlett-Packard Company</subvendor>
     <businfo>pci@0000:3f:0d.6</businfo>
     <version>07</version>
     <width units="bits">32</width>
     <clock units="Hz">33000000</clock>
     <configuration>
      <setting id="latency" value="0" />
     </configuration>
     <hints>
      <hint name="pci.class" value="0x880" />
      <hint name="pci.device" value="0x3CF5" />
      <hint name="pci.subdevice" value="0x18A8" />
      <hint name="pci.subvendor" value="0x103C" />
      <hint name="pci.vendor" value="0x8086" />
     </hints>
    </node>
    <node id="generic:76" class="generic" handle="PCI:0000:3f:0e.0" modalias="pci:v00008086d00003CA0sv0000103Csd000018A8bc08sc80i00">
     <description>System peripheral</description>
     <product>Xeon E5/Core i7 Processor Home Agent</product>
     <vendor>Intel Corporation</vendor>
     <physid>47</physid>
     <subproduct>Hewlett-Packard Company</subproduct>
     <subvendor>Hewlett-Packard Company</subvendor>
     <businfo>pci@0000:3f:0e.0</businfo>
     <version>07</version>
     <width units="bits">32</width>
     <clock units="Hz">33000000</clock>
     <configuration>
      <setting id="latency" value="0" />
     </configuration>
     <hints>
      <hint name="pci.class" value="0x880" />
      <hint name="pci.device" value="0x3CA0" />
      <hint name="pci.subdevice" value="0x18A8" />
      <hint name="pci.subvendor" value="0x103C" />
      <hint name="pci.vendor" value="0x8086" />
     </hints>
    </node>
    <node id="generic:77" claimed="true" class="generic" handle="PCI:0000:3f:0e.1" modalias="pci:v00008086d00003C46sv0000103Csd000018A8bc11sc01i00">
     <description>Performance counters</description>
     <product>Xeon E5/Core i7 Processor Home Agent Performance Monitoring</product>
     <vendor>Intel Corporation</vendor>
     <physid>48</physid>
     <subproduct>Hewlett-Packard Company</subproduct>
     <subvendor>Hewlett-Packard Company</subvendor>
     <businfo>pci@0000:3f:0e.1</businfo>
     <version>07</version>
     <width units="bits">32</width>
     <clock units="Hz">33000000</clock>
     <configuration>
      <setting id="driver" value="snbep_uncore" />
      <setting id="latency" value="0" />
     </configuration>
     <resources>
      <resource type="irq" value="0" />
     </resources>
     <hints>
      <hint name="pci.class" value="0x1101" />
      <hint name="pci.device" value="0x3C46" />
      <hint name="pci.subdevice" value="0x18A8" />
      <hint name="pci.subvendor" value="0x103C" />
      <hint name="pci.vendor" value="0x8086" />
     </hints>
    </node>
    <node id="generic:78" class="generic" handle="PCI:0000:3f:0f.0" modalias="pci:v00008086d00003CA8sv0000103Csd000018A8bc08sc80i00">
     <description>System peripheral</description>
     <product>Xeon E5/Core i7 Integrated Memory Controller Registers</product>
     <vendor>Intel Corporation</vendor>
     <physid>49</physid>
     <subproduct>Hewlett-Packard Company</subproduct>
     <subvendor>Hewlett-Packard Company</subvendor>
     <businfo>pci@0000:3f:0f.0</businfo>
     <version>07</version>
     <width units="bits">32</width>
     <clock units="Hz">33000000</clock>
     <configuration>
      <setting id="latency" value="0" />
     </configuration>
     <capabilities>
      <capability id="pciexpress" >PCI Express</capability>
      <capability id="cap_list" >PCI capabilities listing</capability>
     </capabilities>
     <hints>
      <hint name="pci.class" value="0x880" />
      <hint name="pci.device" value="0x3CA8" />
      <hint name="pci.subdevice" value="0x18A8" />
      <hint name="pci.subvendor" value="0x103C" />
      <hint name="pci.vendor" value="0x8086" />
     </hints>
    </node>
    <node id="generic:79" class="generic" handle="PCI:0000:3f:0f.1" modalias="pci:v00008086d00003C71sv0000103Csd000018A8bc08sc80i00">
     <description>System peripheral</description>
     <product>Xeon E5/Core i7 Integrated Memory Controller RAS Registers</product>
     <vendor>Intel Corporation</vendor>
     <physid>4a</physid>
     <subproduct>Hewlett-Packard Company</subproduct>
     <subvendor>Hewlett-Packard Company</subvendor>
     <businfo>pci@0000:3f:0f.1</businfo>
     <version>07</version>
     <width units="bits">32</width>
     <clock units="Hz">33000000</clock>
     <configuration>
      <setting id="latency" value="0" />
     </configuration>
     <capabilities>
      <capability id="pciexpress" >PCI Express</capability>
      <capability id="cap_list" >PCI capabilities listing</capability>
     </capabilities>
     <hints>
      <hint name="pci.class" value="0x880" />
      <hint name="pci.device" value="0x3C71" />
      <hint name="pci.subdevice" value="0x18A8" />
      <hint name="pci.subvendor" value="0x103C" />
      <hint name="pci.vendor" value="0x8086" />
     </hints>
    </node>
    <node id="generic:80" class="generic" handle="PCI:0000:3f:0f.2" modalias="pci:v00008086d00003CAAsv0000103Csd000018A8bc08sc80i00">
     <description>System peripheral</description>
     <product>Xeon E5/Core i7 Integrated Memory Controller Target Address Decoder 0</product>
     <vendor>Intel Corporation</vendor>
     <physid>4b</physid>
     <subproduct>Hewlett-Packard Company</subproduct>
     <subvendor>Hewlett-Packard Company</subvendor>
     <businfo>pci@0000:3f:0f.2</businfo>
     <version>07</version>
     <width units="bits">32</width>
     <clock units="Hz">33000000</clock>
     <configuration>
      <setting id="latency" value="0" />
     </configuration>
     <capabilities>
      <capability id="pciexpress" >PCI Express</capability>
      <capability id="cap_list" >PCI capabilities listing</capability>
     </capabilities>
     <hints>
      <hint name="pci.class" value="0x880" />
      <hint name="pci.device" value="0x3CAA" />
      <hint name="pci.subdevice" value="0x18A8" />
      <hint name="pci.subvendor" value="0x103C" />
      <hint name="pci.vendor" value="0x8086" />
     </hints>
    </node>
    <node id="generic:81" class="generic" handle="PCI:0000:3f:0f.3" modalias="pci:v00008086d00003CABsv0000103Csd000018A8bc08sc80i00">
     <description>System peripheral</description>
     <product>Xeon E5/Core i7 Integrated Memory Controller Target Address Decoder 1</product>
     <vendor>Intel Corporation</vendor>
     <physid>4c</physid>
     <subproduct>Hewlett-Packard Company</subproduct>
     <subvendor>Hewlett-Packard Company</subvendor>
     <businfo>pci@0000:3f:0f.3</businfo>
     <version>07</version>
     <width units="bits">32</width>
     <clock units="Hz">33000000</clock>
     <configuration>
      <setting id="latency" value="0" />
     </configuration>
     <capabilities>
      <capability id="pciexpress" >PCI Express</capability>
      <capability id="cap_list" >PCI capabilities listing</capability>
     </capabilities>
     <hints>
      <hint name="pci.class" value="0x880" />
      <hint name="pci.device" value="0x3CAB" />
      <hint name="pci.subdevice" value="0x18A8" />
      <hint name="pci.subvendor" value="0x103C" />
      <hint name="pci.vendor" value="0x8086" />
     </hints>
    </node>
    <node id="generic:82" class="generic" handle="PCI:0000:3f:0f.4" modalias="pci:v00008086d00003CACsv0000103Csd000018A8bc08sc80i00">
     <description>System peripheral</description>
     <product>Xeon E5/Core i7 Integrated Memory Controller Target Address Decoder 2</product>
     <vendor>Intel Corporation</vendor>
     <physid>4d</physid>
     <subproduct>Hewlett-Packard Company</subproduct>
     <subvendor>Hewlett-Packard Company</subvendor>
     <businfo>pci@0000:3f:0f.4</businfo>
     <version>07</version>
     <width units="bits">32</width>
     <clock units="Hz">33000000</clock>
     <configuration>
      <setting id="latency" value="0" />
     </configuration>
     <capabilities>
      <capability id="pciexpress" >PCI Express</capability>
      <capability id="cap_list" >PCI capabilities listing</capability>
     </capabilities>
     <hints>
      <hint name="pci.class" value="0x880" />
      <hint name="pci.device" value="0x3CAC" />
      <hint name="pci.subdevice" value="0x18A8" />
      <hint name="pci.subvendor" value="0x103C" />
      <hint name="pci.vendor" value="0x8086" />
     </hints>
    </node>
    <node id="generic:83" class="generic" handle="PCI:0000:3f:0f.5" modalias="pci:v00008086d00003CADsv0000103Csd000018A8bc08sc80i00">
     <description>System peripheral</description>
     <product>Xeon E5/Core i7 Integrated Memory Controller Target Address Decoder 3</product>
     <vendor>Intel Corporation</vendor>
     <physid>4e</physid>
     <subproduct>Hewlett-Packard Company</subproduct>
     <subvendor>Hewlett-Packard Company</subvendor>
     <businfo>pci@0000:3f:0f.5</businfo>
     <version>07</version>
     <width units="bits">32</width>
     <clock units="Hz">33000000</clock>
     <configuration>
      <setting id="latency" value="0" />
     </configuration>
     <capabilities>
      <capability id="pciexpress" >PCI Express</capability>
      <capability id="cap_list" >PCI capabilities listing</capability>
     </capabilities>
     <hints>
      <hint name="pci.class" value="0x880" />
      <hint name="pci.device" value="0x3CAD" />
      <hint name="pci.subdevice" value="0x18A8" />
      <hint name="pci.subvendor" value="0x103C" />
      <hint name="pci.vendor" value="0x8086" />
     </hints>
    </node>
    <node id="generic:84" class="generic" handle="PCI:0000:3f:0f.6" modalias="pci:v00008086d00003CAEsv0000103Csd000018A8bc08sc80i00">
     <description>System peripheral</description>
     <product>Xeon E5/Core i7 Integrated Memory Controller Target Address Decoder 4</product>
     <vendor>Intel Corporation</vendor>
     <physid>4f</physid>
     <subproduct>Hewlett-Packard Company</subproduct>
     <subvendor>Hewlett-Packard Company</subvendor>
     <businfo>pci@0000:3f:0f.6</businfo>
     <version>07</version>
     <width units="bits">32</width>
     <clock units="Hz">33000000</clock>
     <configuration>
      <setting id="latency" value="0" />
     </configuration>
     <capabilities>
      <capability id="pciexpress" >PCI Express</capability>
     </capabilities>
     <hints>
      <hint name="pci.class" value="0x880" />
      <hint name="pci.device" value="0x3CAE" />
      <hint name="pci.subdevice" value="0x18A8" />
      <hint name="pci.subvendor" value="0x103C" />
      <hint name="pci.vendor" value="0x8086" />
     </hints>
    </node>
    <node id="generic:85" claimed="true" class="generic" handle="PCI:0000:3f:10.0" modalias="pci:v00008086d00003CB0sv0000103Csd000018A8bc08sc80i00">
     <description>System peripheral</description>
     <product>Xeon E5/Core i7 Integrated Memory Controller Channel 0-3 Thermal Control 0</product>
     <vendor>Intel Corporation</vendor>
     <physid>50</physid>
     <subproduct>Hewlett-Packard Company</subproduct>
     <subvendor>Hewlett-Packard Company</subvendor>
     <businfo>pci@0000:3f:10.0</businfo>
     <version>07</version>
     <width units="bits">32</width>
     <clock units="Hz">33000000</clock>
     <configuration>
      <setting id="driver" value="snbep_uncore" />
      <setting id="latency" value="0" />
     </configuration>
     <capabilities>
      <capability id="pciexpress" >PCI Express</capability>
      <capability id="cap_list" >PCI capabilities listing</capability>
     </capabilities>
     <resources>
      <resource type="irq" value="0" />
     </resources>
     <hints>
      <hint name="pci.class" value="0x880" />
      <hint name="pci.device" value="0x3CB0" />
      <hint name="pci.subdevice" value="0x18A8" />
      <hint name="pci.subvendor" value="0x103C" />
      <hint name="pci.vendor" value="0x8086" />
     </hints>
    </node>
    <node id="generic:86" claimed="true" class="generic" handle="PCI:0000:3f:10.1" modalias="pci:v00008086d00003CB1sv0000103Csd000018A8bc08sc80i00">
     <description>System peripheral</description>
     <product>Xeon E5/Core i7 Integrated Memory Controller Channel 0-3 Thermal Control 1</product>
     <vendor>Intel Corporation</vendor>
     <physid>51</physid>
     <subproduct>Hewlett-Packard Company</subproduct>
     <subvendor>Hewlett-Packard Company</subvendor>
     <businfo>pci@0000:3f:10.1</businfo>
     <version>07</version>
     <width units="bits">32</width>
     <clock units="Hz">33000000</clock>
     <configuration>
      <setting id="driver" value="snbep_uncore" />
      <setting id="latency" value="0" />
     </configuration>
     <capabilities>
      <capability id="pciexpress" >PCI Express</capability>
      <capability id="cap_list" >PCI capabilities listing</capability>
     </capabilities>
     <resources>
      <resource type="irq" value="0" />
     </resources>
     <hints>
      <hint name="pci.class" value="0x880" />
      <hint name="pci.device" value="0x3CB1" />
      <hint name="pci.subdevice" value="0x18A8" />
      <hint name="pci.subvendor" value="0x103C" />
      <hint name="pci.vendor" value="0x8086" />
     </hints>
    </node>
    <node id="generic:87" class="generic" handle="PCI:0000:3f:10.2" modalias="pci:v00008086d00003CB2sv0000103Csd000018A8bc08sc80i00">
     <description>System peripheral</description>
     <product>Xeon E5/Core i7 Integrated Memory Controller ERROR Registers 0</product>
     <vendor>Intel Corporation</vendor>
     <physid>52</physid>
     <subproduct>Hewlett-Packard Company</subproduct>
     <subvendor>Hewlett-Packard Company</subvendor>
     <businfo>pci@0000:3f:10.2</businfo>
     <version>07</version>
     <width units="bits">32</width>
     <clock units="Hz">33000000</clock>
     <configuration>
      <setting id="latency" value="0" />
     </configuration>
     <capabilities>
      <capability id="pciexpress" >PCI Express</capability>
      <capability id="cap_list" >PCI capabilities listing</capability>
     </capabilities>
     <hints>
      <hint name="pci.class" value="0x880" />
      <hint name="pci.device" value="0x3CB2" />
      <hint name="pci.subdevice" value="0x18A8" />
      <hint name="pci.subvendor" value="0x103C" />
      <hint name="pci.vendor" value="0x8086" />
     </hints>
    </node>
    <node id="generic:88" class="generic" handle="PCI:0000:3f:10.3" modalias="pci:v00008086d00003CB3sv0000103Csd000018A8bc08sc80i00">
     <description>System peripheral</description>
     <product>Xeon E5/Core i7 Integrated Memory Controller ERROR Registers 1</product>
     <vendor>Intel Corporation</vendor>
     <physid>53</physid>
     <subproduct>Hewlett-Packard Company</subproduct>
     <subvendor>Hewlett-Packard Company</subvendor>
     <businfo>pci@0000:3f:10.3</businfo>
     <version>07</version>
     <width units="bits">32</width>
     <clock units="Hz">33000000</clock>
     <configuration>
      <setting id="latency" value="0" />
     </configuration>
     <capabilities>
      <capability id="pciexpress" >PCI Express</capability>
      <capability id="cap_list" >PCI capabilities listing</capability>
     </capabilities>
     <hints>
      <hint name="pci.class" value="0x880" />
      <hint name="pci.device" value="0x3CB3" />
      <hint name="pci.subdevice" value="0x18A8" />
      <hint name="pci.subvendor" value="0x103C" />
      <hint name="pci.vendor" value="0x8086" />
     </hints>
    </node>
    <node id="generic:89" claimed="true" class="generic" handle="PCI:0000:3f:10.4" modalias="pci:v00008086d00003CB4sv0000103Csd000018A8bc08sc80i00">
     <description>System peripheral</description>
     <product>Xeon E5/Core i7 Integrated Memory Controller Channel 0-3 Thermal Control 2</product>
     <vendor>Intel Corporation</vendor>
     <physid>54</physid>
     <subproduct>Hewlett-Packard Company</subproduct>
     <subvendor>Hewlett-Packard Company</subvendor>
     <businfo>pci@0000:3f:10.4</businfo>
     <version>07</version>
     <width units="bits">32</width>
     <clock units="Hz">33000000</clock>
     <configuration>
      <setting id="driver" value="snbep_uncore" />
      <setting id="latency" value="0" />
     </configuration>
     <capabilities>
      <capability id="pciexpress" >PCI Express</capability>
      <capability id="cap_list" >PCI capabilities listing</capability>
     </capabilities>
     <resources>
      <resource type="irq" value="0" />
     </resources>
     <hints>
      <hint name="pci.class" value="0x880" />
      <hint name="pci.device" value="0x3CB4" />
      <hint name="pci.subdevice" value="0x18A8" />
      <hint name="pci.subvendor" value="0x103C" />
      <hint name="pci.vendor" value="0x8086" />
     </hints>
    </node>
    <node id="generic:90" claimed="true" class="generic" handle="PCI:0000:3f:10.5" modalias="pci:v00008086d00003CB5sv0000103Csd000018A8bc08sc80i00">
     <description>System peripheral</description>
     <product>Xeon E5/Core i7 Integrated Memory Controller Channel 0-3 Thermal Control 3</product>
     <vendor>Intel Corporation</vendor>
     <physid>55</physid>
     <subproduct>Hewlett-Packard Company</subproduct>
     <subvendor>Hewlett-Packard Company</subvendor>
     <businfo>pci@0000:3f:10.5</businfo>
     <version>07</version>
     <width units="bits">32</width>
     <clock units="Hz">33000000</clock>
     <configuration>
      <setting id="driver" value="snbep_uncore" />
      <setting id="latency" value="0" />
     </configuration>
     <capabilities>
      <capability id="pciexpress" >PCI Express</capability>
      <capability id="cap_list" >PCI capabilities listing</capability>
     </capabilities>
     <resources>
      <resource type="irq" value="0" />
     </resources>
     <hints>
      <hint name="pci.class" value="0x880" />
      <hint name="pci.device" value="0x3CB5" />
      <hint name="pci.subdevice" value="0x18A8" />
      <hint name="pci.subvendor" value="0x103C" />
      <hint name="pci.vendor" value="0x8086" />
     </hints>
    </node>
    <node id="generic:91" class="generic" handle="PCI:0000:3f:10.6" modalias="pci:v00008086d00003CB6sv0000103Csd000018A8bc08sc80i00">
     <description>System peripheral</description>
     <product>Xeon E5/Core i7 Integrated Memory Controller ERROR Registers 2</product>
     <vendor>Intel Corporation</vendor>
     <physid>56</physid>
     <subproduct>Hewlett-Packard Company</subproduct>
     <subvendor>Hewlett-Packard Company</subvendor>
     <businfo>pci@0000:3f:10.6</businfo>
     <version>07</version>
     <width units="bits">32</width>
     <clock units="Hz">33000000</clock>
     <configuration>
      <setting id="latency" value="0" />
     </configuration>
     <capabilities>
      <capability id="pciexpress" >PCI Express</capability>
      <capability id="cap_list" >PCI capabilities listing</capability>
     </capabilities>
     <hints>
      <hint name="pci.class" value="0x880" />
      <hint name="pci.device" value="0x3CB6" />
      <hint name="pci.subdevice" value="0x18A8" />
      <hint name="pci.subvendor" value="0x103C" />
      <hint name="pci.vendor" value="0x8086" />
     </hints>
    </node>
    <node id="generic:92" class="generic" handle="PCI:0000:3f:10.7" modalias="pci:v00008086d00003CB7sv0000103Csd000018A8bc08sc80i00">
     <description>System peripheral</description>
     <product>Xeon E5/Core i7 Integrated Memory Controller ERROR Registers 3</product>
     <vendor>Intel Corporation</vendor>
     <physid>57</physid>
     <subproduct>Hewlett-Packard Company</subproduct>
     <subvendor>Hewlett-Packard Company</subvendor>
     <businfo>pci@0000:3f:10.7</businfo>
     <version>07</version>
     <width units="bits">32</width>
     <clock units="Hz">33000000</clock>
     <configuration>
      <setting id="latency" value="0" />
     </configuration>
     <capabilities>
      <capability id="pciexpress" >PCI Express</capability>
      <capability id="cap_list" >PCI capabilities listing</capability>
     </capabilities>
     <hints>
      <hint name="pci.class" value="0x880" />
      <hint name="pci.device" value="0x3CB7" />
      <hint name="pci.subdevice" value="0x18A8" />
      <hint name="pci.subvendor" value="0x103C" />
      <hint name="pci.vendor" value="0x8086" />
     </hints>
    </node>
    <node id="generic:93" class="generic" handle="PCI:0000:3f:11.0" modalias="pci:v00008086d00003CB8sv0000103Csd000018A8bc08sc80i00">
     <description>System peripheral</description>
     <product>Xeon E5/Core i7 DDRIO</product>
     <vendor>Intel Corporation</vendor>
     <physid>58</physid>
     <subproduct>Hewlett-Packard Company</subproduct>
     <subvendor>Hewlett-Packard Company</subvendor>
     <businfo>pci@0000:3f:11.0</businfo>
     <version>07</version>
     <width units="bits">32</width>
     <clock units="Hz">33000000</clock>
     <configuration>
      <setting id="latency" value="0" />
     </configuration>
     <capabilities>
      <capability id="pciexpress" >PCI Express</capability>
     </capabilities>
     <hints>
      <hint name="pci.class" value="0x880" />
      <hint name="pci.device" value="0x3CB8" />
      <hint name="pci.subdevice" value="0x18A8" />
      <hint name="pci.subvendor" value="0x103C" />
      <hint name="pci.vendor" value="0x8086" />
     </hints>
    </node>
    <node id="generic:94" class="generic" handle="PCI:0000:3f:13.0" modalias="pci:v00008086d00003CE4sv0000103Csd000018A8bc08sc80i00">
     <description>System peripheral</description>
     <product>Xeon E5/Core i7 R2PCIe</product>
     <vendor>Intel Corporation</vendor>
     <physid>59</physid>
     <subproduct>Hewlett-Packard Company</subproduct>
     <subvendor>Hewlett-Packard Company</subvendor>
     <businfo>pci@0000:3f:13.0</businfo>
     <version>07</version>
     <width units="bits">32</width>
     <clock units="Hz">33000000</clock>
     <configuration>
      <setting id="latency" value="0" />
     </configuration>
     <hints>
      <hint name="pci.class" value="0x880" />
      <hint name="pci.device" value="0x3CE4" />
      <hint name="pci.subdevice" value="0x18A8" />
      <hint name="pci.subvendor" value="0x103C" />
      <hint name="pci.vendor" value="0x8086" />
     </hints>
    </node>
    <node id="generic:95" claimed="true" class="generic" handle="PCI:0000:3f:13.1" modalias="pci:v00008086d00003C43sv0000103Csd000018A8bc11sc01i00">
     <description>Performance counters</description>
     <product>Xeon E5/Core i7 Ring to PCI Express Performance Monitor</product>
     <vendor>Intel Corporation</vendor>
     <physid>5a</physid>
     <subproduct>Hewlett-Packard Company</subproduct>
     <subvendor>Hewlett-Packard Company</subvendor>
     <businfo>pci@0000:3f:13.1</businfo>
     <version>07</version>
     <width units="bits">32</width>
     <clock units="Hz">33000000</clock>
     <configuration>
      <setting id="driver" value="snbep_uncore" />
      <setting id="latency" value="0" />
     </configuration>
     <resources>
      <resource type="irq" value="0" />
     </resources>
     <hints>
      <hint name="pci.class" value="0x1101" />
      <hint name="pci.device" value="0x3C43" />
      <hint name="pci.subdevice" value="0x18A8" />
      <hint name="pci.subvendor" value="0x103C" />
      <hint name="pci.vendor" value="0x8086" />
     </hints>
    </node>
    <node id="generic:96" class="generic" handle="PCI:0000:3f:13.4" modalias="pci:v00008086d00003CE6sv0000103Csd000018A8bc11sc01i00">
     <description>Performance counters</description>
     <product>Xeon E5/Core i7 QuickPath Interconnect Agent Ring Registers</product>
     <vendor>Intel Corporation</vendor>
     <physid>5b</physid>
     <subproduct>Hewlett-Packard Company</subproduct>
     <subvendor>Hewlett-Packard Company</subvendor>
     <businfo>pci@0000:3f:13.4</businfo>
     <version>07</version>
     <width units="bits">32</width>
     <clock units="Hz">33000000</clock>
     <configuration>
      <setting id="latency" value="0" />
     </configuration>
     <hints>
      <hint name="pci.class" value="0x1101" />
      <hint name="pci.device" value="0x3CE6" />
      <hint name="pci.subdevice" value="0x18A8" />
      <hint name="pci.subvendor" value="0x103C" />
      <hint name="pci.vendor" value="0x8086" />
     </hints>
    </node>
    <node id="generic:97" claimed="true" class="generic" handle="PCI:0000:3f:13.5" modalias="pci:v00008086d00003C44sv0000103Csd000018A8bc11sc01i00">
     <description>Performance counters</description>
     <product>Xeon E5/Core i7 Ring to QuickPath Interconnect Link 0 Performance Monitor</product>
     <vendor>Intel Corporation</vendor>
     <physid>5c</physid>
     <subproduct>Hewlett-Packard Company</subproduct>
     <subvendor>Hewlett-Packard Company</subvendor>
     <businfo>pci@0000:3f:13.5</businfo>
     <version>07</version>
     <width units="bits">32</width>
     <clock units="Hz">33000000</clock>
     <configuration>
      <setting id="driver" value="snbep_uncore" />
      <setting id="latency" value="0" />
     </configuration>
     <resources>
      <resource type="irq" value="0" />
     </resources>
     <hints>
      <hint name="pci.class" value="0x1101" />
      <hint name="pci.device" value="0x3C44" />
      <hint name="pci.subdevice" value="0x18A8" />
      <hint name="pci.subvendor" value="0x103C" />
      <hint name="pci.vendor" value="0x8086" />
     </hints>
    </node>
    <node id="generic:98" claimed="true" class="generic" handle="PCI:0000:3f:13.6" modalias="pci:v00008086d00003C45sv0000103Csd000018A8bc08sc80i00">
     <description>System peripheral</description>
     <product>Xeon E5/Core i7 Ring to QuickPath Interconnect Link 1 Performance Monitor</product>
     <vendor>Intel Corporation</vendor>
     <physid>5d</physid>
     <subproduct>Hewlett-Packard Company</subproduct>
     <subvendor>Hewlett-Packard Company</subvendor>
     <businfo>pci@0000:3f:13.6</businfo>
     <version>07</version>
     <width units="bits">32</width>
     <clock units="Hz">33000000</clock>
     <configuration>
      <setting id="driver" value="snbep_uncore" />
      <setting id="latency" value="0" />
     </configuration>
     <resources>
      <resource type="irq" value="0" />
     </resources>
     <hints>
      <hint name="pci.class" value="0x880" />
      <hint name="pci.device" value="0x3C45" />
      <hint name="pci.subdevice" value="0x18A8" />
      <hint name="pci.subvendor" value="0x103C" />
      <hint name="pci.vendor" value="0x8086" />
     </hints>
    </node>
  </node>
  <node id="power:0" class="power">
   <description>Power Supply 1</description>
   <product>656362-B21</product>
   <vendor>HP</vendor>
   <physid>1</physid>
   <serial>5BXRA0D4D4Z6X4</serial>
   <capacity units="mWh">460</capacity>
  </node>
  <node id="power:1" class="power">
   <description>Power Supply 2</description>
   <product>656362-B21</product>
   <vendor>HP</vendor>
   <physid>2</physid>
   <serial>5BXRA0D4D4Z716</serial>
   <capacity units="mWh">460</capacity>
  </node>
  <node id="input:0" claimed="true" class="input" modalias="input:b0019v0000p0001e0000-e0,1,k74,ramlsfw">
   <product>Power Button</product>
   <physid>3</physid>
   <logicalname>input0</logicalname>
   <logicalname>/dev/input/event0</logicalname>
   <capabilities>
    <capability id="platform" />
   </capabilities>
  </node>
  <node id="input:1" claimed="true" class="input" modalias="input:b0010v001Fp0001e0100-e0,12,kramls1,2,fw">
   <product>PC Speaker</product>
   <physid>4</physid>
   <logicalname>input4</logicalname>
   <logicalname>/dev/input/event1</logicalname>
   <capabilities>
    <capability id="isa" >ISA bus</capability>
   </capabilities>
  </node>
</node>
</list>
